---
- council_reference: PLN037/2019
  address: 60 Murray Drive WHARPARILLA VIC 3564
  description: Buildings and Works (outbuilding) in the Rural Activity Zone
  info_url: https://eservices.campaspe.vic.gov.au/T1PRProd/WebApps/eProperty/P1/eTrack/eTrackApplicationDetails.aspx?ApplicationId=PLN037%2F2019&f=%24P1.ETR.APPDET.VIW&r=SOC.WEBGUEST
  date_scraped: '2019-05-15'
  date_received: '2019-07-17'
- council_reference: PLN065/2019
  address: 336 National Channel Road TORRUMBARRY VIC 3562
  description: Boundary realignment in the Farming Zone Schedule 1, Bushfire Management
    Overlay, Environmental Significance Overlay and the Land Subject to Inundation
    Overlay
  info_url: https://eservices.campaspe.vic.gov.au/T1PRProd/WebApps/eProperty/P1/eTrack/eTrackApplicationDetails.aspx?ApplicationId=PLN065%2F2019&f=%24P1.ETR.APPDET.VIW&r=SOC.WEBGUEST
  date_scraped: '2019-05-15'
  date_received: '2019-07-19'
- council_reference: PLN120/2019
  address: 486-488 High Street ECHUCA VIC 3564
  description: Subdivision of the Land into Four (4) Lots in the Commercial 1 Zone
    and Land Subject to Inundation Overlay
  info_url: https://eservices.campaspe.vic.gov.au/T1PRProd/WebApps/eProperty/P1/eTrack/eTrackApplicationDetails.aspx?ApplicationId=PLN120%2F2019&f=%24P1.ETR.APPDET.VIW&r=SOC.WEBGUEST
  date_scraped: '2019-05-15'
  date_received: '2019-07-12'
- council_reference: PLN152/2019
  address: 668 Highett Road TERRICK TERRICK EAST VIC 3566
  description: Use and Development of a Dwelling and Outbuilding in the Farming Zone,
    Schedule 1
  info_url: https://eservices.campaspe.vic.gov.au/T1PRProd/WebApps/eProperty/P1/eTrack/eTrackApplicationDetails.aspx?ApplicationId=PLN152%2F2019&f=%24P1.ETR.APPDET.VIW&r=SOC.WEBGUEST
  date_scraped: '2019-05-15'
  date_received: '2019-07-15'
- council_reference: PLN159/2019
  address: 39-53 Lake Road KYABRAM VIC 3620
  description: Buildings and Works (Shade Sail) in the Land Subject to Inundation
    Overlay
  info_url: https://eservices.campaspe.vic.gov.au/T1PRProd/WebApps/eProperty/P1/eTrack/eTrackApplicationDetails.aspx?ApplicationId=PLN159%2F2019&f=%24P1.ETR.APPDET.VIW&r=SOC.WEBGUEST
  date_scraped: '2019-05-15'
  date_received: '2019-07-12'
- council_reference: PLN172/2019
  address: 55 Cornelia Creek Road ECHUCA VIC 3564
  description: Buildings and Works (Verandah) in the Industrial 1 Zone and Design
    and Development Overlay Schedule 11 and Reduction in Car Parking Requirements
    pursuant to Clause 52.06
  info_url: https://eservices.campaspe.vic.gov.au/T1PRProd/WebApps/eProperty/P1/eTrack/eTrackApplicationDetails.aspx?ApplicationId=PLN172%2F2019&f=%24P1.ETR.APPDET.VIW&r=SOC.WEBGUEST
  date_scraped: '2019-05-15'
  date_received: '2019-07-02'
- council_reference: PLN173/2019
  address: 3303 Midland Highway STANHOPE VIC 3623
  description: Boundary Realignment in the Farming Zone Schedule 1
  info_url: https://eservices.campaspe.vic.gov.au/T1PRProd/WebApps/eProperty/P1/eTrack/eTrackApplicationDetails.aspx?ApplicationId=PLN173%2F2019&f=%24P1.ETR.APPDET.VIW&r=SOC.WEBGUEST
  date_scraped: '2019-05-15'
  date_received: '2019-07-04'
- council_reference: PLN174/2019
  address: 6-8 Percy Street ECHUCA VIC 3564
  description: Buildings and works (external alterations) in the Commercial 1 Zone
    and Design and Development Overlay Schedule 4 and Heritage Overlay Schedule 1
    and removal of one tree
  info_url: https://eservices.campaspe.vic.gov.au/T1PRProd/WebApps/eProperty/P1/eTrack/eTrackApplicationDetails.aspx?ApplicationId=PLN174%2F2019&f=%24P1.ETR.APPDET.VIW&r=SOC.WEBGUEST
  date_scraped: '2019-05-15'
  date_received: '2019-07-04'
- council_reference: PLN175/2019
  address: Mockler Road ECHUCA WEST VIC 3564
  description: Use and development of the land for a dwelling in the Farming Zone
    Schedule 1
  info_url: https://eservices.campaspe.vic.gov.au/T1PRProd/WebApps/eProperty/P1/eTrack/eTrackApplicationDetails.aspx?ApplicationId=PLN175%2F2019&f=%24P1.ETR.APPDET.VIW&r=SOC.WEBGUEST
  date_scraped: '2019-05-15'
  date_received: '2019-07-02'
- council_reference: PLN176/2019
  address: 23 Ogilvie Avenue ECHUCA VIC 3564
  description: Construct a shed ancillary to dwelling.
  info_url: https://eservices.campaspe.vic.gov.au/T1PRProd/WebApps/eProperty/P1/eTrack/eTrackApplicationDetails.aspx?ApplicationId=PLN176%2F2019&f=%24P1.ETR.APPDET.VIW&r=SOC.WEBGUEST
  date_scraped: '2019-05-15'
  date_received: '2019-07-26'
- council_reference: PLN177/2019
  address: 579-587 High Street ECHUCA VIC 3564
  description: Demolition in the Heritage Overlay Schedule 37 and Buildings and Works
    (toilet block) in the Commercial 1 Zone and Heritage Overlay Schedule 37
  info_url: https://eservices.campaspe.vic.gov.au/T1PRProd/WebApps/eProperty/P1/eTrack/eTrackApplicationDetails.aspx?ApplicationId=PLN177%2F2019&f=%24P1.ETR.APPDET.VIW&r=SOC.WEBGUEST
  date_scraped: '2019-05-15'
  date_received: '2019-07-09'
- council_reference: PLN178/2019
  address: 37 Jones Road RUSHWORTH VIC 3612
  description: Buildings and Works (Outbuilding) in the Rural Living Zone 1 and Bushfire
    Management Overlay
  info_url: https://eservices.campaspe.vic.gov.au/T1PRProd/WebApps/eProperty/P1/eTrack/eTrackApplicationDetails.aspx?ApplicationId=PLN178%2F2019&f=%24P1.ETR.APPDET.VIW&r=SOC.WEBGUEST
  date_scraped: '2019-05-15'
  date_received: '2019-07-08'
- council_reference: PLN179/2019
  address: 113 Frenchmans Road WARANGA SHORES VIC 3612
  description: Native vegetation removal pursuant to Clause 52.17
  info_url: https://eservices.campaspe.vic.gov.au/T1PRProd/WebApps/eProperty/P1/eTrack/eTrackApplicationDetails.aspx?ApplicationId=PLN179%2F2019&f=%24P1.ETR.APPDET.VIW&r=SOC.WEBGUEST
  date_scraped: '2019-05-15'
  date_received: '2019-07-17'
- council_reference: PLN182/2019
  address: 359 High Street ECHUCA VIC 3564
  description: Removal of Two Trees, Demolition a Fence and Construction of a Fence
    in the Heritage Overlay, Schedule 3
  info_url: https://eservices.campaspe.vic.gov.au/T1PRProd/WebApps/eProperty/P1/eTrack/eTrackApplicationDetails.aspx?ApplicationId=PLN182%2F2019&f=%24P1.ETR.APPDET.VIW&r=SOC.WEBGUEST
  date_scraped: '2019-05-15'
  date_received: '2019-07-16'
- council_reference: PLN184/2019
  address: 59 Mckenzie Road ECHUCA VIC 3564
  description: Agreement AK998081U ended from Lots 2 & 3 on PS717709E
  info_url: https://eservices.campaspe.vic.gov.au/T1PRProd/WebApps/eProperty/P1/eTrack/eTrackApplicationDetails.aspx?ApplicationId=PLN184%2F2019&f=%24P1.ETR.APPDET.VIW&r=SOC.WEBGUEST
  date_scraped: '2019-05-15'
  date_received: '2019-07-16'
- council_reference: PLN185/2019
  address: Fact 1/5B Reliance Court ECHUCA VIC 3564
  description: Buildings and works (building extension) in the Industrial 1 Zone
  info_url: https://eservices.campaspe.vic.gov.au/T1PRProd/WebApps/eProperty/P1/eTrack/eTrackApplicationDetails.aspx?ApplicationId=PLN185%2F2019&f=%24P1.ETR.APPDET.VIW&r=SOC.WEBGUEST
  date_scraped: '2019-05-15'
  date_received: '2019-07-17'
- council_reference: PLN188/2019
  address: Greens Lake Road COROP VIC 3559
  description: Buildings and works (Replacement Toilet & Shower Block) in the Farming
    Zone Schedule 1 and Floodway Overlay
  info_url: https://eservices.campaspe.vic.gov.au/T1PRProd/WebApps/eProperty/P1/eTrack/eTrackApplicationDetails.aspx?ApplicationId=PLN188%2F2019&f=%24P1.ETR.APPDET.VIW&r=SOC.WEBGUEST
  date_scraped: '2019-05-15'
  date_received: '2019-07-24'
- council_reference: PLN190/2019
  address: 82 Kirkhams Lane KYVALLEY VIC 3621
  description: Buildings and works (shed and dwelling extension) Farming Zone Schedule
    2
  info_url: https://eservices.campaspe.vic.gov.au/T1PRProd/WebApps/eProperty/P1/eTrack/eTrackApplicationDetails.aspx?ApplicationId=PLN190%2F2019&f=%24P1.ETR.APPDET.VIW&r=SOC.WEBGUEST
  date_scraped: '2019-05-15'
  date_received: '2019-07-19'
- council_reference: PLN194/2019
  address: 61 Hare Street ECHUCA VIC 3564
  description: Demolition of outbuildings and buildings and works (extension to an
    existing dwelling, swimming pool) in the Heritage Overlay Schedule 65
  info_url: https://eservices.campaspe.vic.gov.au/T1PRProd/WebApps/eProperty/P1/eTrack/eTrackApplicationDetails.aspx?ApplicationId=PLN194%2F2019&f=%24P1.ETR.APPDET.VIW&r=SOC.WEBGUEST
  date_scraped: '2019-05-15'
  date_received: '2019-07-24'
- council_reference: PLN198/2019
  address: 104 Hicks Road ECHUCA VILLAGE VIC 3564
  description: Installation of fibreglass swimming pool and child proof barrier Farming
    zone Schedule 2 Restructure Overlay
  info_url: https://eservices.campaspe.vic.gov.au/T1PRProd/WebApps/eProperty/P1/eTrack/eTrackApplicationDetails.aspx?ApplicationId=PLN198%2F2019&f=%24P1.ETR.APPDET.VIW&r=SOC.WEBGUEST
  date_scraped: '2019-05-15'
  date_received: '2019-07-26'
- council_reference: Pln138/2017.A
  address: 9178 Murray Valley Highway ECHUCA VILLAGE VIC 3564
  description: Boundary realignment of the land into three (3) lots in the Farming
    Zone Schedule 2. Environmental Significance Overlay Schedule 1, Land Subject to
    Inundation Overlay and Floodway Overlay (Amend Condition 2 by removing condition
    2b)
  info_url: https://eservices.campaspe.vic.gov.au/T1PRProd/WebApps/eProperty/P1/eTrack/eTrackApplicationDetails.aspx?ApplicationId=Pln138%2F2017.A&f=%24P1.ETR.APPDET.VIW&r=SOC.WEBGUEST
  date_scraped: '2019-05-15'
  date_received: '2019-07-19'
- council_reference: Pln323/2017.A
  address: 13 Free Trader Court ECHUCA VIC 3564
  description: Use of the land for trade supplies in the Industrial 1 Zone
  info_url: https://eservices.campaspe.vic.gov.au/T1PRProd/WebApps/eProperty/P1/eTrack/eTrackApplicationDetails.aspx?ApplicationId=Pln323%2F2017.A&f=%24P1.ETR.APPDET.VIW&r=SOC.WEBGUEST
  date_scraped: '2019-05-15'
  date_received: '2019-07-18'
