---
- council_reference: DA0196/19
  address: 66 Thompson Road NORTH FREMANTLE WA 6159
  description: Two Storey Addition to Existing Single house
  info_url: https://eservices.fremantle.wa.gov.au/ePropertyPROD/P1/eTrack/eTrackApplicationDetails.aspx?ApplicationId=DA0196%2F19&f=%24P1.ETR.APPDET.VIW&r=P1.WEBGUEST
  date_scraped: '2019-05-15'
  date_received: '2019-05-29'
- council_reference: DA0197/19
  address: Stevens Reserve clubrooms 50 Swanbourne Street FREMANTLE WA 6160
  description: Installation of Solar Panels to Existing Clubrooms
  info_url: https://eservices.fremantle.wa.gov.au/ePropertyPROD/P1/eTrack/eTrackApplicationDetails.aspx?ApplicationId=DA0197%2F19&f=%24P1.ETR.APPDET.VIW&r=P1.WEBGUEST
  date_scraped: '2019-05-15'
  date_received: '2019-05-29'
- council_reference: DA0198/19
  address: 58 Amherst Street WHITE GUM VALLEY WA 6162
  description: Single Storey Single house
  info_url: https://eservices.fremantle.wa.gov.au/ePropertyPROD/P1/eTrack/eTrackApplicationDetails.aspx?ApplicationId=DA0198%2F19&f=%24P1.ETR.APPDET.VIW&r=P1.WEBGUEST
  date_scraped: '2019-05-15'
  date_received: '2019-05-29'
- council_reference: DA0199/19
  address: Ken Allen Field 26 Jeffery Street BEACONSFIELD WA 6162
  description: Installation of Solar Panels to Existing Clubrooms
  info_url: https://eservices.fremantle.wa.gov.au/ePropertyPROD/P1/eTrack/eTrackApplicationDetails.aspx?ApplicationId=DA0199%2F19&f=%24P1.ETR.APPDET.VIW&r=P1.WEBGUEST
  date_scraped: '2019-05-15'
  date_received: '2019-05-29'
- council_reference: DA0200/19
  address: 11B Prowse Street BEACONSFIELD WA 6162
  description: Two Storey Single House
  info_url: https://eservices.fremantle.wa.gov.au/ePropertyPROD/P1/eTrack/eTrackApplicationDetails.aspx?ApplicationId=DA0200%2F19&f=%24P1.ETR.APPDET.VIW&r=P1.WEBGUEST
  date_scraped: '2019-05-15'
  date_received: '2019-05-29'
- council_reference: DA0201/19
  address: 63 Longford Road BEACONSFIELD WA 6162
  description: Single Storey Single House
  info_url: https://eservices.fremantle.wa.gov.au/ePropertyPROD/P1/eTrack/eTrackApplicationDetails.aspx?ApplicationId=DA0201%2F19&f=%24P1.ETR.APPDET.VIW&r=P1.WEBGUEST
  date_scraped: '2019-05-15'
  date_received: '2019-05-30'
- council_reference: DA0202/19
  address: 12B Wongan Avenue WHITE GUM VALLEY WA 6162
  description: Primary Street fence to existing Single House
  info_url: https://eservices.fremantle.wa.gov.au/ePropertyPROD/P1/eTrack/eTrackApplicationDetails.aspx?ApplicationId=DA0202%2F19&f=%24P1.ETR.APPDET.VIW&r=P1.WEBGUEST
  date_scraped: '2019-05-15'
  date_received: '2019-05-30'
- council_reference: DA0203/19
  address: 15 Wright Street WHITE GUM VALLEY WA 6162
  description: Outbuilding Addition to Existing House
  info_url: https://eservices.fremantle.wa.gov.au/ePropertyPROD/P1/eTrack/eTrackApplicationDetails.aspx?ApplicationId=DA0203%2F19&f=%24P1.ETR.APPDET.VIW&r=P1.WEBGUEST
  date_scraped: '2019-05-15'
  date_received: '2019-06-04'
- council_reference: DA0204/19
  address: LIV Apartments 51 Queen Victoria Street FREMANTLE WA 6160
  description: External fixtures (awnings) additions to existing mixed use development
  info_url: https://eservices.fremantle.wa.gov.au/ePropertyPROD/P1/eTrack/eTrackApplicationDetails.aspx?ApplicationId=DA0204%2F19&f=%24P1.ETR.APPDET.VIW&r=P1.WEBGUEST
  date_scraped: '2019-05-15'
  date_received: '2019-06-05'
- council_reference: DA0205/19
  address: 67 Ellen Street FREMANTLE WA 6160
  description: Additions and alterations to existing Single house
  info_url: https://eservices.fremantle.wa.gov.au/ePropertyPROD/P1/eTrack/eTrackApplicationDetails.aspx?ApplicationId=DA0205%2F19&f=%24P1.ETR.APPDET.VIW&r=P1.WEBGUEST
  date_scraped: '2019-05-15'
  date_received: '2019-06-06'
- council_reference: DA0206/19
  address: 57A Holland Street FREMANTLE WA 6160
  description: Alterations to existing Grouped dwelling
  info_url: https://eservices.fremantle.wa.gov.au/ePropertyPROD/P1/eTrack/eTrackApplicationDetails.aspx?ApplicationId=DA0206%2F19&f=%24P1.ETR.APPDET.VIW&r=P1.WEBGUEST
  date_scraped: '2019-05-15'
  date_received: '2019-06-07'
- council_reference: DA0207/19
  address: 16A Field Street BEACONSFIELD WA 6162
  description: Shade Sail Additions to Existing House
  info_url: https://eservices.fremantle.wa.gov.au/ePropertyPROD/P1/eTrack/eTrackApplicationDetails.aspx?ApplicationId=DA0207%2F19&f=%24P1.ETR.APPDET.VIW&r=P1.WEBGUEST
  date_scraped: '2019-05-15'
  date_received: '2019-06-10'
- council_reference: DA0211/19
  address: Newport Hotel 2 South Terrace FREMANTLE WA 6160
  description: Alterations to Existing Hotel
  info_url: https://eservices.fremantle.wa.gov.au/ePropertyPROD/P1/eTrack/eTrackApplicationDetails.aspx?ApplicationId=DA0211%2F19&f=%24P1.ETR.APPDET.VIW&r=P1.WEBGUEST
  date_scraped: '2019-05-15'
  date_received: '2019-06-11'
- council_reference: DA0212/19
  address: 14 Paget Street HILTON WA 6163
  description: Outbuilding addition to existing Single house
  info_url: https://eservices.fremantle.wa.gov.au/ePropertyPROD/P1/eTrack/eTrackApplicationDetails.aspx?ApplicationId=DA0212%2F19&f=%24P1.ETR.APPDET.VIW&r=P1.WEBGUEST
  date_scraped: '2019-05-15'
  date_received: '2019-06-12'
- council_reference: DA0213/19
  address: 23B Curedale Street BEACONSFIELD WA 6162
  description: Demolition of Existing Single house
  info_url: https://eservices.fremantle.wa.gov.au/ePropertyPROD/P1/eTrack/eTrackApplicationDetails.aspx?ApplicationId=DA0213%2F19&f=%24P1.ETR.APPDET.VIW&r=P1.WEBGUEST
  date_scraped: '2019-05-15'
  date_received: '2019-06-12'
- council_reference: DA0214/19
  address: 20 Davies Street BEACONSFIELD WA 6162
  description: Addition to Existing Single house
  info_url: https://eservices.fremantle.wa.gov.au/ePropertyPROD/P1/eTrack/eTrackApplicationDetails.aspx?ApplicationId=DA0214%2F19&f=%24P1.ETR.APPDET.VIW&r=P1.WEBGUEST
  date_scraped: '2019-05-15'
  date_received: '2019-06-13'
- council_reference: DA0215/19
  address: 32 Watkins Street WHITE GUM VALLEY WA 6162
  description: Alterations & Additions To Existing Single house
  info_url: https://eservices.fremantle.wa.gov.au/ePropertyPROD/P1/eTrack/eTrackApplicationDetails.aspx?ApplicationId=DA0215%2F19&f=%24P1.ETR.APPDET.VIW&r=P1.WEBGUEST
  date_scraped: '2019-05-15'
  date_received: '2019-06-14'
- council_reference: DA0216/19
  address: 16 Ethelwyn Street HILTON WA 6163
  description: Two Storey Single House
  info_url: https://eservices.fremantle.wa.gov.au/ePropertyPROD/P1/eTrack/eTrackApplicationDetails.aspx?ApplicationId=DA0216%2F19&f=%24P1.ETR.APPDET.VIW&r=P1.WEBGUEST
  date_scraped: '2019-05-15'
  date_received: '2019-06-14'
- council_reference: DA0217/19
  address: 17 Orient Street SOUTH FREMANTLE WA 6162
  description: Re-Roofing of Existing single House
  info_url: https://eservices.fremantle.wa.gov.au/ePropertyPROD/P1/eTrack/eTrackApplicationDetails.aspx?ApplicationId=DA0217%2F19&f=%24P1.ETR.APPDET.VIW&r=P1.WEBGUEST
  date_scraped: '2019-05-15'
  date_received: '2019-06-17'
- council_reference: DA0218/19
  address: 12 Arundel Street FREMANTLE WA 6160
  description: Mezzanine Floor and Ladder Addition to Existing House
  info_url: https://eservices.fremantle.wa.gov.au/ePropertyPROD/P1/eTrack/eTrackApplicationDetails.aspx?ApplicationId=DA0218%2F19&f=%24P1.ETR.APPDET.VIW&r=P1.WEBGUEST
  date_scraped: '2019-05-15'
  date_received: '2019-06-17'
- council_reference: DA0219/19
  address: 12 Laidlaw Street HILTON WA 6163
  description: Patio Addition to Existing Single House
  info_url: https://eservices.fremantle.wa.gov.au/ePropertyPROD/P1/eTrack/eTrackApplicationDetails.aspx?ApplicationId=DA0219%2F19&f=%24P1.ETR.APPDET.VIW&r=P1.WEBGUEST
  date_scraped: '2019-05-15'
  date_received: '2019-06-18'
- council_reference: DA0220/19
  address: 11 Lilly Street SOUTH FREMANTLE WA 6162
  description: Roof Attic Addition to Existing House
  info_url: https://eservices.fremantle.wa.gov.au/ePropertyPROD/P1/eTrack/eTrackApplicationDetails.aspx?ApplicationId=DA0220%2F19&f=%24P1.ETR.APPDET.VIW&r=P1.WEBGUEST
  date_scraped: '2019-05-15'
  date_received: '2019-06-18'
- council_reference: DA0221/19
  address: 448 South Terrace SOUTH FREMANTLE WA 6162
  description: Studio Addition and External Stairs
  info_url: https://eservices.fremantle.wa.gov.au/ePropertyPROD/P1/eTrack/eTrackApplicationDetails.aspx?ApplicationId=DA0221%2F19&f=%24P1.ETR.APPDET.VIW&r=P1.WEBGUEST
  date_scraped: '2019-05-15'
  date_received: '2019-06-18'
- council_reference: DA0222/19
  address: 1A Yalgoo Avenue WHITE GUM VALLEY WA 6162
  description: Patio Addition to existing Single house
  info_url: https://eservices.fremantle.wa.gov.au/ePropertyPROD/P1/eTrack/eTrackApplicationDetails.aspx?ApplicationId=DA0222%2F19&f=%24P1.ETR.APPDET.VIW&r=P1.WEBGUEST
  date_scraped: '2019-05-15'
  date_received: '2019-06-20'
- council_reference: DA0223/19
  address: 21 Central Avenue BEACONSFIELD WA 6162
  description: Additions, alterations and re-roofing of existing Single house
  info_url: https://eservices.fremantle.wa.gov.au/ePropertyPROD/P1/eTrack/eTrackApplicationDetails.aspx?ApplicationId=DA0223%2F19&f=%24P1.ETR.APPDET.VIW&r=P1.WEBGUEST
  date_scraped: '2019-05-15'
  date_received: '2019-06-21'
- council_reference: DA0224/19
  address: 1 Silver Street SOUTH FREMANTLE WA 6162
  description: Two Storey Single House
  info_url: https://eservices.fremantle.wa.gov.au/ePropertyPROD/P1/eTrack/eTrackApplicationDetails.aspx?ApplicationId=DA0224%2F19&f=%24P1.ETR.APPDET.VIW&r=P1.WEBGUEST
  date_scraped: '2019-05-15'
  date_received: '2019-06-21'
- council_reference: DA0225/19
  address: 26 Suffolk Street FREMANTLE WA 6160
  description: Ancillary dwelling to existing Single house
  info_url: https://eservices.fremantle.wa.gov.au/ePropertyPROD/P1/eTrack/eTrackApplicationDetails.aspx?ApplicationId=DA0225%2F19&f=%24P1.ETR.APPDET.VIW&r=P1.WEBGUEST
  date_scraped: '2019-05-15'
  date_received: '2019-06-24'
- council_reference: DA0226/19
  address: Fremantle Markets 74 South Terrace FREMANTLE WA 6160
  description: Internal Fitout and Signage
  info_url: https://eservices.fremantle.wa.gov.au/ePropertyPROD/P1/eTrack/eTrackApplicationDetails.aspx?ApplicationId=DA0226%2F19&f=%24P1.ETR.APPDET.VIW&r=P1.WEBGUEST
  date_scraped: '2019-05-15'
  date_received: '2019-06-25'
- council_reference: DA0227/19
  address: 77 South Street BEACONSFIELD WA 6162
  description: Pegola - shade structure
  info_url: https://eservices.fremantle.wa.gov.au/ePropertyPROD/P1/eTrack/eTrackApplicationDetails.aspx?ApplicationId=DA0227%2F19&f=%24P1.ETR.APPDET.VIW&r=P1.WEBGUEST
  date_scraped: '2019-05-15'
  date_received: '2019-06-25'
- council_reference: ET03/19
  address: 35 Attfield Street FREMANTLE WA 6160
  description: Extension of Term to DA0415/14 (Three Storey Grouped dwelling)
  info_url: https://eservices.fremantle.wa.gov.au/ePropertyPROD/P1/eTrack/eTrackApplicationDetails.aspx?ApplicationId=ET03%2F19&f=%24P1.ETR.APPDET.VIW&r=P1.WEBGUEST
  date_scraped: '2019-05-15'
  date_received: '2019-06-18'
- council_reference: ET04/19
  address: 69 South Street BEACONSFIELD WA 6162
  description: Extension of Term of approval for DA0444/13
  info_url: https://eservices.fremantle.wa.gov.au/ePropertyPROD/P1/eTrack/eTrackApplicationDetails.aspx?ApplicationId=ET04%2F19&f=%24P1.ETR.APPDET.VIW&r=P1.WEBGUEST
  date_scraped: '2019-05-15'
  date_received: '2019-06-24'
- council_reference: VA0017/19
  address: 4 Ferres Street WHITE GUM VALLEY WA 6162
  description: Variation to previous planning DA0624/16 (Addition of deck to existing
    Single house)
  info_url: https://eservices.fremantle.wa.gov.au/ePropertyPROD/P1/eTrack/eTrackApplicationDetails.aspx?ApplicationId=VA0017%2F19&f=%24P1.ETR.APPDET.VIW&r=P1.WEBGUEST
  date_scraped: '2019-05-15'
  date_received: '2019-06-04'
- council_reference: VA0018/19
  address: 18 Howard Street FREMANTLE WA 6160
  description: Variation to DA0015/18 (Additions and alterations to an existing Single
    house)
  info_url: https://eservices.fremantle.wa.gov.au/ePropertyPROD/P1/eTrack/eTrackApplicationDetails.aspx?ApplicationId=VA0018%2F19&f=%24P1.ETR.APPDET.VIW&r=P1.WEBGUEST
  date_scraped: '2019-05-15'
  date_received: '2019-06-10'
- council_reference: VA0019/19
  address: 14A Snook Crescent HILTON WA 6163
  description: Variation to previous planning approval DA0044/19 (Two Storey Grouped
    dwelling)
  info_url: https://eservices.fremantle.wa.gov.au/ePropertyPROD/P1/eTrack/eTrackApplicationDetails.aspx?ApplicationId=VA0019%2F19&f=%24P1.ETR.APPDET.VIW&r=P1.WEBGUEST
  date_scraped: '2019-05-15'
  date_received: '2019-06-14'
- council_reference: VA0020/19
  address: Queensgate Carpark 20 Henderson Street FREMANTLE WA 6160
  description: Unauthorised Variation to DAP006/16 & VA0016/17
  info_url: https://eservices.fremantle.wa.gov.au/ePropertyPROD/P1/eTrack/eTrackApplicationDetails.aspx?ApplicationId=VA0020%2F19&f=%24P1.ETR.APPDET.VIW&r=P1.WEBGUEST
  date_scraped: '2019-05-15'
  date_received: '2019-06-17'
- council_reference: VA0021/19
  address: 85-87 High Street FREMANTLE WA 6160
  description: DA - Variation to DA0324/18
  info_url: https://eservices.fremantle.wa.gov.au/ePropertyPROD/P1/eTrack/eTrackApplicationDetails.aspx?ApplicationId=VA0021%2F19&f=%24P1.ETR.APPDET.VIW&r=P1.WEBGUEST
  date_scraped: '2019-05-15'
  date_received: '2019-06-17'
- council_reference: VA0022/19
  address: 155 Holland Street FREMANTLE WA 6160
  description: DA - Variation to DA0611/13, VA0031/18, VA0015/19
  info_url: https://eservices.fremantle.wa.gov.au/ePropertyPROD/P1/eTrack/eTrackApplicationDetails.aspx?ApplicationId=VA0022%2F19&f=%24P1.ETR.APPDET.VIW&r=P1.WEBGUEST
  date_scraped: '2019-05-15'
  date_received: '2019-06-21'
- council_reference: WAPC158102
  address: 145 Solomon Street BEACONSFIELD WA 6162
  description: Subdivision Application
  info_url: https://eservices.fremantle.wa.gov.au/ePropertyPROD/P1/eTrack/eTrackApplicationDetails.aspx?ApplicationId=WAPC158102&f=%24P1.ETR.APPDET.VIW&r=P1.WEBGUEST
  date_scraped: '2019-05-15'
  date_received: '2019-06-11'
- council_reference: WAPC158109
  address: 4-6 Covich Avenue BEACONSFIELD WA 6162
  description: Subdivision Application
  info_url: https://eservices.fremantle.wa.gov.au/ePropertyPROD/P1/eTrack/eTrackApplicationDetails.aspx?ApplicationId=WAPC158109&f=%24P1.ETR.APPDET.VIW&r=P1.WEBGUEST
  date_scraped: '2019-05-15'
  date_received: '2019-06-12'
- council_reference: WAPC463-19
  address: 16 Howard Street FREMANTLE WA 6160
  description: Subdivision Application
  info_url: https://eservices.fremantle.wa.gov.au/ePropertyPROD/P1/eTrack/eTrackApplicationDetails.aspx?ApplicationId=WAPC463-19&f=%24P1.ETR.APPDET.VIW&r=P1.WEBGUEST
  date_scraped: '2019-05-15'
  date_received: '2019-05-30'
- council_reference: WAPC490-19
  address: 13 Collick Street HILTON WA 6163
  description: Two Lot Survey Strata Subdivision
  info_url: https://eservices.fremantle.wa.gov.au/ePropertyPROD/P1/eTrack/eTrackApplicationDetails.aspx?ApplicationId=WAPC490-19&f=%24P1.ETR.APPDET.VIW&r=P1.WEBGUEST
  date_scraped: '2019-05-15'
  date_received: '2019-06-12'
- council_reference: WAPC496-19
  address: 24 Seaview Street BEACONSFIELD WA 6162
  description: Subdivision Application
  info_url: https://eservices.fremantle.wa.gov.au/ePropertyPROD/P1/eTrack/eTrackApplicationDetails.aspx?ApplicationId=WAPC496-19&f=%24P1.ETR.APPDET.VIW&r=P1.WEBGUEST
  date_scraped: '2019-05-15'
  date_received: '2019-06-14'
