---
- council_reference: CC/0353/1819
  address: 42 Mary Street GOULBURN NSW 2580
  description: 60m2 Detached dwelling with attached garage(42m2)
  info_url: https://eservices.goulburn.nsw.gov.au/eServicesProd/P1/eTrack/eTrackApplicationDetails.aspx?ApplicationId=CC%2F0353%2F1819&f=%24P1.ETR.APPDET.VIW&r=P1.WEBGUEST
  date_scraped: '2019-05-15'
  date_received: '2019-06-24'
- council_reference: CC/0354/1819
  address: 10 Bell Lane MUMMEL NSW 2580
  description: Back/Rear deck area pergola and swim spa- Retrospective deck and pergola
  info_url: https://eservices.goulburn.nsw.gov.au/eServicesProd/P1/eTrack/eTrackApplicationDetails.aspx?ApplicationId=CC%2F0354%2F1819&f=%24P1.ETR.APPDET.VIW&r=P1.WEBGUEST
  date_scraped: '2019-05-15'
  date_received: '2019-06-25'
- council_reference: CC/0355/1819
  address: 99 May Street GOULBURN NSW 2580
  description: 27 Lot Residential Subdivision
  info_url: https://eservices.goulburn.nsw.gov.au/eServicesProd/P1/eTrack/eTrackApplicationDetails.aspx?ApplicationId=CC%2F0355%2F1819&f=%24P1.ETR.APPDET.VIW&r=P1.WEBGUEST
  date_scraped: '2019-05-15'
  date_received: '2019-06-25'
- council_reference: CDC/0084/1819
  address: 5 Rifle Range Road GOULBURN NSW 2580
  description: New construction swimming pool and fence
  info_url: https://eservices.goulburn.nsw.gov.au/eServicesProd/P1/eTrack/eTrackApplicationDetails.aspx?ApplicationId=CDC%2F0084%2F1819&f=%24P1.ETR.APPDET.VIW&r=P1.WEBGUEST
  date_scraped: '2019-05-15'
  date_received: '2019-06-24'
- council_reference: DA/0379/1819
  address: 42 Mary Street GOULBURN NSW 2580
  description: 60m2 Detached dwelling with attached garage(42m2)
  info_url: https://eservices.goulburn.nsw.gov.au/eServicesProd/P1/eTrack/eTrackApplicationDetails.aspx?ApplicationId=DA%2F0379%2F1819&f=%24P1.ETR.APPDET.VIW&r=P1.WEBGUEST
  date_scraped: '2019-05-15'
  date_received: '2019-06-24'
- council_reference: DA/0380/1819
  address: 10 Bell Lane MUMMEL NSW 2580
  description: Back/Rear deck area pergola and swim spa- Retrospective deck and pergola
  info_url: https://eservices.goulburn.nsw.gov.au/eServicesProd/P1/eTrack/eTrackApplicationDetails.aspx?ApplicationId=DA%2F0380%2F1819&f=%24P1.ETR.APPDET.VIW&r=P1.WEBGUEST
  date_scraped: '2019-05-15'
  date_received: '2019-06-25'
- council_reference: DA/0381/1819
  address: 5 Thomas Place GOULBURN NSW 2580
  description: New Double Storey Dwelling with Basement Garage
  info_url: https://eservices.goulburn.nsw.gov.au/eServicesProd/P1/eTrack/eTrackApplicationDetails.aspx?ApplicationId=DA%2F0381%2F1819&f=%24P1.ETR.APPDET.VIW&r=P1.WEBGUEST
  date_scraped: '2019-05-15'
  date_received: '2019-06-26'
- council_reference: MODCC/0008/1819
  address: 71 Hilltop Close TARAGO NSW 2580
  description: new shed with temporary living facilities
  info_url: https://eservices.goulburn.nsw.gov.au/eServicesProd/P1/eTrack/eTrackApplicationDetails.aspx?ApplicationId=MODCC%2F0008%2F1819&f=%24P1.ETR.APPDET.VIW&r=P1.WEBGUEST
  date_scraped: '2019-05-15'
  date_received: '2019-06-24'
- council_reference: MODCC/0009/1819
  address: 5b Little Close RUN O WATERS NSW 2580
  description: "Erection of Single Storey Dwelling with 5 Bedrooms & Attached Garage
    ( Private CC - BCA Certifiers)\r\nUpdated Doors & Windows - Shed"
  info_url: https://eservices.goulburn.nsw.gov.au/eServicesProd/P1/eTrack/eTrackApplicationDetails.aspx?ApplicationId=MODCC%2F0009%2F1819&f=%24P1.ETR.APPDET.VIW&r=P1.WEBGUEST
  date_scraped: '2019-05-15'
  date_received: '2019-06-26'
