---
- council_reference: 110/00426/19
  address: 20 Coventry Street BRIGHTON SA 5048
  description: Two, two storey detached dwellings
  info_url: https://chb-web.t1cloud.com/T1PRDefault/WebApps/eProperty/P1/eTrack/eTrackApplicationDetails.aspx?ApplicationId=110%2F00426%2F19&f=%24P1.ETR.APPDET.VIW&r=P1.WEBGUEST
  date_scraped: '2019-05-15'
  date_received: '2019-05-31'
- council_reference: 110/00427/19
  address: 1C Rowe Street SOUTH BRIGHTON SA 5048
  description: Single storey detached dwelling
  info_url: https://chb-web.t1cloud.com/T1PRDefault/WebApps/eProperty/P1/eTrack/eTrackApplicationDetails.aspx?ApplicationId=110%2F00427%2F19&f=%24P1.ETR.APPDET.VIW&r=P1.WEBGUEST
  date_scraped: '2019-05-15'
  date_received: '2019-05-31'
- council_reference: 110/00428/19
  address: 2A Sexton Road BRIGHTON SA 5048
  description: Detached dwelling with garage adjoining eastern boundary (Residential
    Code)
  info_url: https://chb-web.t1cloud.com/T1PRDefault/WebApps/eProperty/P1/eTrack/eTrackApplicationDetails.aspx?ApplicationId=110%2F00428%2F19&f=%24P1.ETR.APPDET.VIW&r=P1.WEBGUEST
  date_scraped: '2019-05-15'
  date_received: '2019-05-31'
- council_reference: 110/00429/19
  address: 1/37 Whyte Street SOMERTON PARK SA 5044
  description: Single storey dwelling addition to existing single storey residential
    flat building ( unit 1)
  info_url: https://chb-web.t1cloud.com/T1PRDefault/WebApps/eProperty/P1/eTrack/eTrackApplicationDetails.aspx?ApplicationId=110%2F00429%2F19&f=%24P1.ETR.APPDET.VIW&r=P1.WEBGUEST
  date_scraped: '2019-05-15'
  date_received: '2019-06-03'
- council_reference: 110/00430/19
  address: 69 Marine Parade SEACLIFF SA 5049
  description: Brush fence on front boundary
  info_url: https://chb-web.t1cloud.com/T1PRDefault/WebApps/eProperty/P1/eTrack/eTrackApplicationDetails.aspx?ApplicationId=110%2F00430%2F19&f=%24P1.ETR.APPDET.VIW&r=P1.WEBGUEST
  date_scraped: '2019-05-15'
  date_received: '2019-06-03'
- council_reference: 110/00431/19
  address: 2/1-1A Morley Street GLENELG SOUTH SA 5045
  description: Two storey dwelling addition
  info_url: https://chb-web.t1cloud.com/T1PRDefault/WebApps/eProperty/P1/eTrack/eTrackApplicationDetails.aspx?ApplicationId=110%2F00431%2F19&f=%24P1.ETR.APPDET.VIW&r=P1.WEBGUEST
  date_scraped: '2019-05-15'
  date_received: '2019-06-03'
- council_reference: 110/00432/19
  address: 46 Myrtle Road SEACLIFF SA 5049
  description: Internal Building Work (Schedule 1A Part 11)
  info_url: https://chb-web.t1cloud.com/T1PRDefault/WebApps/eProperty/P1/eTrack/eTrackApplicationDetails.aspx?ApplicationId=110%2F00432%2F19&f=%24P1.ETR.APPDET.VIW&r=P1.WEBGUEST
  date_scraped: '2019-05-15'
  date_received: '2019-06-03'
- council_reference: 110/00433/19
  address: Shop 1/297 Brighton Road SOMERTON PARK SA 5044
  description: Alteration to existing free standing advertising display comprising
    an illuminated display
  info_url: https://chb-web.t1cloud.com/T1PRDefault/WebApps/eProperty/P1/eTrack/eTrackApplicationDetails.aspx?ApplicationId=110%2F00433%2F19&f=%24P1.ETR.APPDET.VIW&r=P1.WEBGUEST
  date_scraped: '2019-05-15'
  date_received: '2019-06-03'
- council_reference: 110/00434/19
  address: 8 Addison Road HOVE SA 5048
  description: Pergola and deck
  info_url: https://chb-web.t1cloud.com/T1PRDefault/WebApps/eProperty/P1/eTrack/eTrackApplicationDetails.aspx?ApplicationId=110%2F00434%2F19&f=%24P1.ETR.APPDET.VIW&r=P1.WEBGUEST
  date_scraped: '2019-05-15'
  date_received: '2019-06-04'
- council_reference: 110/00435/19
  address: 1/17 Old Beach Road BRIGHTON SA 5048
  description: Verandah to rear of existing dwelling( 3m x 3m) (BCO)
  info_url: https://chb-web.t1cloud.com/T1PRDefault/WebApps/eProperty/P1/eTrack/eTrackApplicationDetails.aspx?ApplicationId=110%2F00435%2F19&f=%24P1.ETR.APPDET.VIW&r=P1.WEBGUEST
  date_scraped: '2019-05-15'
  date_received: '2019-06-04'
- council_reference: 110/00436/19
  address: 3 Grosvenor Street SOMERTON PARK SA 5044
  description: Replacement of existing front verandah
  info_url: https://chb-web.t1cloud.com/T1PRDefault/WebApps/eProperty/P1/eTrack/eTrackApplicationDetails.aspx?ApplicationId=110%2F00436%2F19&f=%24P1.ETR.APPDET.VIW&r=P1.WEBGUEST
  date_scraped: '2019-05-15'
  date_received: '2019-06-04'
- council_reference: 110/00437/19
  address: 53 Repton Road NORTH BRIGHTON SA 5048
  description: Reinstate failed girder truss (Schedule 1A)
  info_url: https://chb-web.t1cloud.com/T1PRDefault/WebApps/eProperty/P1/eTrack/eTrackApplicationDetails.aspx?ApplicationId=110%2F00437%2F19&f=%24P1.ETR.APPDET.VIW&r=P1.WEBGUEST
  date_scraped: '2019-05-15'
  date_received: '2019-06-04'
- council_reference: 110/00438/19
  address: 5/36A Pier Street GLENELG SOUTH SA 5045
  description: Land division (strata amendment comprising second storey addition)
  info_url: https://chb-web.t1cloud.com/T1PRDefault/WebApps/eProperty/P1/eTrack/eTrackApplicationDetails.aspx?ApplicationId=110%2F00438%2F19&f=%24P1.ETR.APPDET.VIW&r=P1.WEBGUEST
  date_scraped: '2019-05-15'
  date_received: '2019-06-04'
- council_reference: 110/00439/19
  address: Unit 4/24 Penzance Street GLENELG SA 5045
  description: Single storey dwelling addition
  info_url: https://chb-web.t1cloud.com/T1PRDefault/WebApps/eProperty/P1/eTrack/eTrackApplicationDetails.aspx?ApplicationId=110%2F00439%2F19&f=%24P1.ETR.APPDET.VIW&r=P1.WEBGUEST
  date_scraped: '2019-05-15'
  date_received: '2019-06-04'
- council_reference: 110/00440/19
  address: 1/1A Gladstone Road NORTH BRIGHTON SA 5048
  description: Verandah in front of dwelling
  info_url: https://chb-web.t1cloud.com/T1PRDefault/WebApps/eProperty/P1/eTrack/eTrackApplicationDetails.aspx?ApplicationId=110%2F00440%2F19&f=%24P1.ETR.APPDET.VIW&r=P1.WEBGUEST
  date_scraped: '2019-05-15'
  date_received: '2019-06-05'
- council_reference: 110/00441/19
  address: 55 King George Avenue BRIGHTON SA 5048
  description: Carport
  info_url: https://chb-web.t1cloud.com/T1PRDefault/WebApps/eProperty/P1/eTrack/eTrackApplicationDetails.aspx?ApplicationId=110%2F00441%2F19&f=%24P1.ETR.APPDET.VIW&r=P1.WEBGUEST
  date_scraped: '2019-05-15'
  date_received: '2019-06-05'
- council_reference: 110/00442/19
  address: 7 Wattle Avenue HOVE SA 5048
  description: Single storey addition to rear of existing single storey detached dwelling
    and garage attached to the western elevation located on the western side boundary
  info_url: https://chb-web.t1cloud.com/T1PRDefault/WebApps/eProperty/P1/eTrack/eTrackApplicationDetails.aspx?ApplicationId=110%2F00442%2F19&f=%24P1.ETR.APPDET.VIW&r=P1.WEBGUEST
  date_scraped: '2019-05-15'
  date_received: '2019-06-05'
- council_reference: 110/00443/19
  address: 16 High Street SOUTH BRIGHTON SA 5048
  description: Modification to existing shed and new verandah (BCO)
  info_url: https://chb-web.t1cloud.com/T1PRDefault/WebApps/eProperty/P1/eTrack/eTrackApplicationDetails.aspx?ApplicationId=110%2F00443%2F19&f=%24P1.ETR.APPDET.VIW&r=P1.WEBGUEST
  date_scraped: '2019-05-15'
  date_received: '2019-06-07'
- council_reference: 110/00444/19
  address: 7 Clovelly Avenue HOVE SA 5048
  description: Shed and verandah (BCO)
  info_url: https://chb-web.t1cloud.com/T1PRDefault/WebApps/eProperty/P1/eTrack/eTrackApplicationDetails.aspx?ApplicationId=110%2F00444%2F19&f=%24P1.ETR.APPDET.VIW&r=P1.WEBGUEST
  date_scraped: '2019-05-15'
  date_received: '2019-06-07'
- council_reference: 110/00445/19
  address: 40 Rose Street GLENELG SA 5045
  description: Two storey addition (in-roof) and shed located north eastern boundary
    (retrospective application)
  info_url: https://chb-web.t1cloud.com/T1PRDefault/WebApps/eProperty/P1/eTrack/eTrackApplicationDetails.aspx?ApplicationId=110%2F00445%2F19&f=%24P1.ETR.APPDET.VIW&r=P1.WEBGUEST
  date_scraped: '2019-05-15'
  date_received: '2019-06-07'
- council_reference: 110/00446/19
  address: 22 Ramsgate Street GLENELG SOUTH SA 5045
  description: Change of use from residential to office
  info_url: https://chb-web.t1cloud.com/T1PRDefault/WebApps/eProperty/P1/eTrack/eTrackApplicationDetails.aspx?ApplicationId=110%2F00446%2F19&f=%24P1.ETR.APPDET.VIW&r=P1.WEBGUEST
  date_scraped: '2019-05-15'
  date_received: '2019-06-11'
- council_reference: 110/00447/19
  address: 18 Vincent Avenue NORTH BRIGHTON SA 5048
  description: Demolition of existing dwelling and associated outbuildings
  info_url: https://chb-web.t1cloud.com/T1PRDefault/WebApps/eProperty/P1/eTrack/eTrackApplicationDetails.aspx?ApplicationId=110%2F00447%2F19&f=%24P1.ETR.APPDET.VIW&r=P1.WEBGUEST
  date_scraped: '2019-05-15'
  date_received: '2019-06-11'
- council_reference: 110/00448/19
  address: 6 Thomas Street SEACLIFF PARK SA 5049
  description: Two storey detached dwelling with integral garage wall located on the
    western side boundary
  info_url: https://chb-web.t1cloud.com/T1PRDefault/WebApps/eProperty/P1/eTrack/eTrackApplicationDetails.aspx?ApplicationId=110%2F00448%2F19&f=%24P1.ETR.APPDET.VIW&r=P1.WEBGUEST
  date_scraped: '2019-05-15'
  date_received: '2019-06-11'
- council_reference: 110/00449/19
  address: 1 Hillview Crescent SOUTH BRIGHTON SA 5048
  description: Single storey detached dwelling
  info_url: https://chb-web.t1cloud.com/T1PRDefault/WebApps/eProperty/P1/eTrack/eTrackApplicationDetails.aspx?ApplicationId=110%2F00449%2F19&f=%24P1.ETR.APPDET.VIW&r=P1.WEBGUEST
  date_scraped: '2019-05-15'
  date_received: '2019-06-11'
- council_reference: 110/00450/19
  address: 21 Wilson Terrace GLENELG EAST SA 5045
  description: Single storey detached dwelling
  info_url: https://chb-web.t1cloud.com/T1PRDefault/WebApps/eProperty/P1/eTrack/eTrackApplicationDetails.aspx?ApplicationId=110%2F00450%2F19&f=%24P1.ETR.APPDET.VIW&r=P1.WEBGUEST
  date_scraped: '2019-05-15'
  date_received: '2019-06-11'
- council_reference: 110/00451/19
  address: 53 Somers Street NORTH BRIGHTON SA 5048
  description: Swimming pool (Schedule 1A)
  info_url: https://chb-web.t1cloud.com/T1PRDefault/WebApps/eProperty/P1/eTrack/eTrackApplicationDetails.aspx?ApplicationId=110%2F00451%2F19&f=%24P1.ETR.APPDET.VIW&r=P1.WEBGUEST
  date_scraped: '2019-05-15'
  date_received: '2019-06-11'
- council_reference: 110/00452/19
  address: 2/16 Osterley Terrace SEACLIFF PARK SA 5049
  description: Verandah to rear of dwelling
  info_url: https://chb-web.t1cloud.com/T1PRDefault/WebApps/eProperty/P1/eTrack/eTrackApplicationDetails.aspx?ApplicationId=110%2F00452%2F19&f=%24P1.ETR.APPDET.VIW&r=P1.WEBGUEST
  date_scraped: '2019-05-15'
  date_received: '2019-06-11'
- council_reference: 110/00453/19
  address: Hostel Unit 3/91 Diagonal Road SOMERTON PARK SA 5044
  description: Carports located over existing car park adjacent to Diagonal Road
  info_url: https://chb-web.t1cloud.com/T1PRDefault/WebApps/eProperty/P1/eTrack/eTrackApplicationDetails.aspx?ApplicationId=110%2F00453%2F19&f=%24P1.ETR.APPDET.VIW&r=P1.WEBGUEST
  date_scraped: '2019-05-15'
  date_received: '2019-06-12'
- council_reference: 110/00454/19
  address: 43 Tarlton Street SOMERTON PARK SA 5044
  description: Demolition of existing dwelling and garage
  info_url: https://chb-web.t1cloud.com/T1PRDefault/WebApps/eProperty/P1/eTrack/eTrackApplicationDetails.aspx?ApplicationId=110%2F00454%2F19&f=%24P1.ETR.APPDET.VIW&r=P1.WEBGUEST
  date_scraped: '2019-05-15'
  date_received: '2019-06-12'
- council_reference: 110/00455/19
  address: 6 Grenfell Street HOVE SA 5048
  description: Carport and verandah
  info_url: https://chb-web.t1cloud.com/T1PRDefault/WebApps/eProperty/P1/eTrack/eTrackApplicationDetails.aspx?ApplicationId=110%2F00455%2F19&f=%24P1.ETR.APPDET.VIW&r=P1.WEBGUEST
  date_scraped: '2019-05-15'
  date_received: '2019-06-12'
- council_reference: 110/00456/19
  address: Vacant 142 Jetty Road GLENELG SA 5045
  description: Change of use to commercial (shop-personal services) and consulting
    room (podiatry)
  info_url: https://chb-web.t1cloud.com/T1PRDefault/WebApps/eProperty/P1/eTrack/eTrackApplicationDetails.aspx?ApplicationId=110%2F00456%2F19&f=%24P1.ETR.APPDET.VIW&r=P1.WEBGUEST
  date_scraped: '2019-05-15'
  date_received: '2019-06-12'
- council_reference: 110/00457/19
  address: 19 Adelphi Terrace GLENELG NORTH SA 5045
  description: Demolition of all existing dwellings and outbuildings and construction
    of a seven storey residential flat building comprising 46 dwellings and a pair
    of two storey residential flat buildings, each comprising 5 dwellings
  info_url: https://chb-web.t1cloud.com/T1PRDefault/WebApps/eProperty/P1/eTrack/eTrackApplicationDetails.aspx?ApplicationId=110%2F00457%2F19&f=%24P1.ETR.APPDET.VIW&r=P1.WEBGUEST
  date_scraped: '2019-05-15'
  date_received: '2019-06-12'
- council_reference: 110/00458/19
  address: 2-8 Durham Street GLENELG SA 5045
  description: Construction of seven (7) storey mixed use building with basement and
    refurbishment of Local Heritage Place
  info_url: https://chb-web.t1cloud.com/T1PRDefault/WebApps/eProperty/P1/eTrack/eTrackApplicationDetails.aspx?ApplicationId=110%2F00458%2F19&f=%24P1.ETR.APPDET.VIW&r=P1.WEBGUEST
  date_scraped: '2019-05-15'
  date_received: '2019-06-13'
- council_reference: 110/00459/19
  address: 57A Jetty Road GLENELG SA 5045
  description: Canopy and façade changes to existing shop
  info_url: https://chb-web.t1cloud.com/T1PRDefault/WebApps/eProperty/P1/eTrack/eTrackApplicationDetails.aspx?ApplicationId=110%2F00459%2F19&f=%24P1.ETR.APPDET.VIW&r=P1.WEBGUEST
  date_scraped: '2019-05-15'
  date_received: '2019-06-13'
- council_reference: 110/00460/19
  address: 38 Ophir Crescent SEACLIFF PARK SA 5049
  description: Demolition of existing dwelling and associated outbuildings
  info_url: https://chb-web.t1cloud.com/T1PRDefault/WebApps/eProperty/P1/eTrack/eTrackApplicationDetails.aspx?ApplicationId=110%2F00460%2F19&f=%24P1.ETR.APPDET.VIW&r=P1.WEBGUEST
  date_scraped: '2019-05-15'
  date_received: '2019-06-13'
- council_reference: 110/00461/19
  address: 6 Bungey Avenue SOMERTON PARK SA 5044
  description: Verandah attached to rear of dwelling
  info_url: https://chb-web.t1cloud.com/T1PRDefault/WebApps/eProperty/P1/eTrack/eTrackApplicationDetails.aspx?ApplicationId=110%2F00461%2F19&f=%24P1.ETR.APPDET.VIW&r=P1.WEBGUEST
  date_scraped: '2019-05-15'
  date_received: '2019-06-14'
- council_reference: 110/00462/19
  address: 24 Tod Street GLENELG NORTH SA 5045
  description: Bathroom extension to existing dwelling under existing verandah
  info_url: https://chb-web.t1cloud.com/T1PRDefault/WebApps/eProperty/P1/eTrack/eTrackApplicationDetails.aspx?ApplicationId=110%2F00462%2F19&f=%24P1.ETR.APPDET.VIW&r=P1.WEBGUEST
  date_scraped: '2019-05-15'
  date_received: '2019-06-17'
- council_reference: 110/00463/19
  address: 18A Cornish Street GLENELG NORTH SA 5045
  description: Vergola located on eastern side boundary
  info_url: https://chb-web.t1cloud.com/T1PRDefault/WebApps/eProperty/P1/eTrack/eTrackApplicationDetails.aspx?ApplicationId=110%2F00463%2F19&f=%24P1.ETR.APPDET.VIW&r=P1.WEBGUEST
  date_scraped: '2019-05-15'
  date_received: '2019-06-17'
- council_reference: 110/00464/19
  address: 2 Verginia Street HOVE SA 5048
  description: Verandah
  info_url: https://chb-web.t1cloud.com/T1PRDefault/WebApps/eProperty/P1/eTrack/eTrackApplicationDetails.aspx?ApplicationId=110%2F00464%2F19&f=%24P1.ETR.APPDET.VIW&r=P1.WEBGUEST
  date_scraped: '2019-05-15'
  date_received: '2019-06-17'
- council_reference: 110/00465/19
  address: Unit 204/93 Diagonal Road SOMERTON PARK SA 5044
  description: Internal alterations to Unit 204L - Non Structural
  info_url: https://chb-web.t1cloud.com/T1PRDefault/WebApps/eProperty/P1/eTrack/eTrackApplicationDetails.aspx?ApplicationId=110%2F00465%2F19&f=%24P1.ETR.APPDET.VIW&r=P1.WEBGUEST
  date_scraped: '2019-05-15'
  date_received: '2019-06-17'
- council_reference: 110/00466/19
  address: 16 Seaforth Avenue SOMERTON PARK SA 5044
  description: Replace western block wall with new steel fire rated clad wall
  info_url: https://chb-web.t1cloud.com/T1PRDefault/WebApps/eProperty/P1/eTrack/eTrackApplicationDetails.aspx?ApplicationId=110%2F00466%2F19&f=%24P1.ETR.APPDET.VIW&r=P1.WEBGUEST
  date_scraped: '2019-05-15'
  date_received: '2019-06-18'
- council_reference: 110/00467/19
  address: 10 Alice Street HOVE SA 5048
  description: Demolition of dwelling and associated outbuildings
  info_url: https://chb-web.t1cloud.com/T1PRDefault/WebApps/eProperty/P1/eTrack/eTrackApplicationDetails.aspx?ApplicationId=110%2F00467%2F19&f=%24P1.ETR.APPDET.VIW&r=P1.WEBGUEST
  date_scraped: '2019-05-15'
  date_received: '2019-06-18'
- council_reference: 110/00468/19
  address: 57 Rossall Road SOMERTON PARK SA 5044
  description: Land division
  info_url: https://chb-web.t1cloud.com/T1PRDefault/WebApps/eProperty/P1/eTrack/eTrackApplicationDetails.aspx?ApplicationId=110%2F00468%2F19&f=%24P1.ETR.APPDET.VIW&r=P1.WEBGUEST
  date_scraped: '2019-05-15'
  date_received: '2019-06-18'
- council_reference: 110/00469/19
  address: 23 Cecelia Street HOVE SA 5048
  description: Swimming pool (BCO)
  info_url: https://chb-web.t1cloud.com/T1PRDefault/WebApps/eProperty/P1/eTrack/eTrackApplicationDetails.aspx?ApplicationId=110%2F00469%2F19&f=%24P1.ETR.APPDET.VIW&r=P1.WEBGUEST
  date_scraped: '2019-05-15'
  date_received: '2019-06-18'
- council_reference: 110/00470/19
  address: Unit 3/3 Yacca Road SEACLIFF SA 5049
  description: Verandah (BCO)
  info_url: https://chb-web.t1cloud.com/T1PRDefault/WebApps/eProperty/P1/eTrack/eTrackApplicationDetails.aspx?ApplicationId=110%2F00470%2F19&f=%24P1.ETR.APPDET.VIW&r=P1.WEBGUEST
  date_scraped: '2019-05-15'
  date_received: '2019-06-19'
- council_reference: 110/00471/19
  address: 1B Highland Avenue GLENELG NORTH SA 5045
  description: Two storey detached dwelling with integral garage
  info_url: https://chb-web.t1cloud.com/T1PRDefault/WebApps/eProperty/P1/eTrack/eTrackApplicationDetails.aspx?ApplicationId=110%2F00471%2F19&f=%24P1.ETR.APPDET.VIW&r=P1.WEBGUEST
  date_scraped: '2019-05-15'
  date_received: '2019-06-19'
- council_reference: 110/00472/19
  address: 11 Broadway SOUTH BRIGHTON SA 5048
  description: Masonry pillars on front boundary open grill between pillars
  info_url: https://chb-web.t1cloud.com/T1PRDefault/WebApps/eProperty/P1/eTrack/eTrackApplicationDetails.aspx?ApplicationId=110%2F00472%2F19&f=%24P1.ETR.APPDET.VIW&r=P1.WEBGUEST
  date_scraped: '2019-05-15'
  date_received: '2019-06-19'
- council_reference: 110/00473/19
  address: 2 Lynmouth Avenue NORTH BRIGHTON SA 5048
  description: Construction of new masonry front fence
  info_url: https://chb-web.t1cloud.com/T1PRDefault/WebApps/eProperty/P1/eTrack/eTrackApplicationDetails.aspx?ApplicationId=110%2F00473%2F19&f=%24P1.ETR.APPDET.VIW&r=P1.WEBGUEST
  date_scraped: '2019-05-15'
  date_received: '2019-06-19'
- council_reference: 110/00474/19
  address: 58 Brighton Road GLENELG EAST SA 5045
  description: Shed/storage use and lean to verandah to rea of dwelling
  info_url: https://chb-web.t1cloud.com/T1PRDefault/WebApps/eProperty/P1/eTrack/eTrackApplicationDetails.aspx?ApplicationId=110%2F00474%2F19&f=%24P1.ETR.APPDET.VIW&r=P1.WEBGUEST
  date_scraped: '2019-05-15'
  date_received: '2019-06-20'
- council_reference: 110/00475/19
  address: 41 Gilbert Road SOMERTON PARK SA 5044
  description: Swimming Pool and Fence
  info_url: https://chb-web.t1cloud.com/T1PRDefault/WebApps/eProperty/P1/eTrack/eTrackApplicationDetails.aspx?ApplicationId=110%2F00475%2F19&f=%24P1.ETR.APPDET.VIW&r=P1.WEBGUEST
  date_scraped: '2019-05-15'
  date_received: '2019-06-20'
- council_reference: 110/00476/19
  address: 17 Bowker Street NORTH BRIGHTON SA 5048
  description: 'Variation to DA: 110/00280/19 (Single storey dwelling additions to
    rear or dwelling and garage with wall located on northern side boundary)'
  info_url: https://chb-web.t1cloud.com/T1PRDefault/WebApps/eProperty/P1/eTrack/eTrackApplicationDetails.aspx?ApplicationId=110%2F00476%2F19&f=%24P1.ETR.APPDET.VIW&r=P1.WEBGUEST
  date_scraped: '2019-05-15'
  date_received: '2019-06-20'
- council_reference: 110/00477/19
  address: 96A Augusta Street GLENELG EAST SA 5045
  description: Single storey dwelling alterations and additions
  info_url: https://chb-web.t1cloud.com/T1PRDefault/WebApps/eProperty/P1/eTrack/eTrackApplicationDetails.aspx?ApplicationId=110%2F00477%2F19&f=%24P1.ETR.APPDET.VIW&r=P1.WEBGUEST
  date_scraped: '2019-05-15'
  date_received: '2019-06-21'
- council_reference: 110/00478/19
  address: 1 Melbourne Street GLENELG NORTH SA 5045
  description: Swimming pool and safety fence
  info_url: https://chb-web.t1cloud.com/T1PRDefault/WebApps/eProperty/P1/eTrack/eTrackApplicationDetails.aspx?ApplicationId=110%2F00478%2F19&f=%24P1.ETR.APPDET.VIW&r=P1.WEBGUEST
  date_scraped: '2019-05-15'
  date_received: '2019-06-24'
- council_reference: 110/00479/19
  address: 16 Acacia Street SEACLIFF SA 5049
  description: Proposed portico extension and front fence
  info_url: https://chb-web.t1cloud.com/T1PRDefault/WebApps/eProperty/P1/eTrack/eTrackApplicationDetails.aspx?ApplicationId=110%2F00479%2F19&f=%24P1.ETR.APPDET.VIW&r=P1.WEBGUEST
  date_scraped: '2019-05-15'
  date_received: '2019-06-24'
- council_reference: 110/00480/19
  address: 1/41 Marlborough Street BRIGHTON SA 5048
  description: Land division (creating 4 lots from 3 lots)
  info_url: https://chb-web.t1cloud.com/T1PRDefault/WebApps/eProperty/P1/eTrack/eTrackApplicationDetails.aspx?ApplicationId=110%2F00480%2F19&f=%24P1.ETR.APPDET.VIW&r=P1.WEBGUEST
  date_scraped: '2019-05-15'
  date_received: '2019-06-24'
- council_reference: 110/00481/19
  address: 13 Jervois Street GLENELG NORTH SA 5045
  description: Single storey dwelling addition
  info_url: https://chb-web.t1cloud.com/T1PRDefault/WebApps/eProperty/P1/eTrack/eTrackApplicationDetails.aspx?ApplicationId=110%2F00481%2F19&f=%24P1.ETR.APPDET.VIW&r=P1.WEBGUEST
  date_scraped: '2019-05-15'
  date_received: '2019-06-24'
- council_reference: 110/00482/19
  address: 17A Clifford Street SOUTH BRIGHTON SA 5048
  description: Detached dwelling (Residential Code)
  info_url: https://chb-web.t1cloud.com/T1PRDefault/WebApps/eProperty/P1/eTrack/eTrackApplicationDetails.aspx?ApplicationId=110%2F00482%2F19&f=%24P1.ETR.APPDET.VIW&r=P1.WEBGUEST
  date_scraped: '2019-05-15'
  date_received: '2019-06-25'
- council_reference: 110/00483/19
  address: 40 Hulbert Street HOVE SA 5048
  description: Swimming Pool to rear of dwelling
  info_url: https://chb-web.t1cloud.com/T1PRDefault/WebApps/eProperty/P1/eTrack/eTrackApplicationDetails.aspx?ApplicationId=110%2F00483%2F19&f=%24P1.ETR.APPDET.VIW&r=P1.WEBGUEST
  date_scraped: '2019-05-15'
  date_received: '2019-06-25'
- council_reference: 110/00484/19
  address: 1/1 Marine Street SOMERTON PARK SA 5044
  description: Verandah (BCO)
  info_url: https://chb-web.t1cloud.com/T1PRDefault/WebApps/eProperty/P1/eTrack/eTrackApplicationDetails.aspx?ApplicationId=110%2F00484%2F19&f=%24P1.ETR.APPDET.VIW&r=P1.WEBGUEST
  date_scraped: '2019-05-15'
  date_received: '2019-06-25'
- council_reference: 110/00485/19
  address: 9 Folkestone Road SOUTH BRIGHTON SA 5048
  description: Removal of existing wall between kitchen/laundry/living
  info_url: https://chb-web.t1cloud.com/T1PRDefault/WebApps/eProperty/P1/eTrack/eTrackApplicationDetails.aspx?ApplicationId=110%2F00485%2F19&f=%24P1.ETR.APPDET.VIW&r=P1.WEBGUEST
  date_scraped: '2019-05-15'
  date_received: '2019-06-25'
- council_reference: 110/00486/19
  address: 33 Cecelia Street HOVE SA 5048
  description: Demolition of existing dwelling and associated outbuildings
  info_url: https://chb-web.t1cloud.com/T1PRDefault/WebApps/eProperty/P1/eTrack/eTrackApplicationDetails.aspx?ApplicationId=110%2F00486%2F19&f=%24P1.ETR.APPDET.VIW&r=P1.WEBGUEST
  date_scraped: '2019-05-15'
  date_received: '2019-06-25'
- council_reference: 110/00487/19
  address: 41 Marlborough Street BRIGHTON SA 5048
  description: 4 x two storey Torrens titled residences associated garaging, decks,
    retaining walls and fences.
  info_url: https://chb-web.t1cloud.com/T1PRDefault/WebApps/eProperty/P1/eTrack/eTrackApplicationDetails.aspx?ApplicationId=110%2F00487%2F19&f=%24P1.ETR.APPDET.VIW&r=P1.WEBGUEST
  date_scraped: '2019-05-15'
  date_received: '2019-06-25'
- council_reference: 110/00488/19
  address: 49A Kauri Parade SEACLIFF SA 5049
  description: Carport located on northern side boundary
  info_url: https://chb-web.t1cloud.com/T1PRDefault/WebApps/eProperty/P1/eTrack/eTrackApplicationDetails.aspx?ApplicationId=110%2F00488%2F19&f=%24P1.ETR.APPDET.VIW&r=P1.WEBGUEST
  date_scraped: '2019-05-15'
  date_received: '2019-06-25'
- council_reference: 110/00489/19
  address: 19 Gower Street GLENELG EAST SA 5045
  description: Conversion of part garage into habitable room
  info_url: https://chb-web.t1cloud.com/T1PRDefault/WebApps/eProperty/P1/eTrack/eTrackApplicationDetails.aspx?ApplicationId=110%2F00489%2F19&f=%24P1.ETR.APPDET.VIW&r=P1.WEBGUEST
  date_scraped: '2019-05-15'
  date_received: '2019-06-25'
- council_reference: 110/00490/19
  address: 2 Lapthorne Street GLENELG EAST SA 5045
  description: Additions to rear of dwelling adjoining western boundary and replacement
    carport adjoining eastern boundar
  info_url: https://chb-web.t1cloud.com/T1PRDefault/WebApps/eProperty/P1/eTrack/eTrackApplicationDetails.aspx?ApplicationId=110%2F00490%2F19&f=%24P1.ETR.APPDET.VIW&r=P1.WEBGUEST
  date_scraped: '2019-05-15'
  date_received: '2019-06-26'
- council_reference: 110/00491/19
  address: 611 Brighton Road SEACLIFF SA 5049
  description: Community titled land division
  info_url: https://chb-web.t1cloud.com/T1PRDefault/WebApps/eProperty/P1/eTrack/eTrackApplicationDetails.aspx?ApplicationId=110%2F00491%2F19&f=%24P1.ETR.APPDET.VIW&r=P1.WEBGUEST
  date_scraped: '2019-05-15'
  date_received: '2019-06-26'
- council_reference: 110/00492/19
  address: 56 Lewis Street BRIGHTON SA 5048
  description: Verandah to rear of dwelling
  info_url: https://chb-web.t1cloud.com/T1PRDefault/WebApps/eProperty/P1/eTrack/eTrackApplicationDetails.aspx?ApplicationId=110%2F00492%2F19&f=%24P1.ETR.APPDET.VIW&r=P1.WEBGUEST
  date_scraped: '2019-05-15'
  date_received: '2019-06-26'
- council_reference: 110/00493/19
  address: 6 Shoreham Road SOUTH BRIGHTON SA 5048
  description: Rear extension with double garage and swimming pool
  info_url: https://chb-web.t1cloud.com/T1PRDefault/WebApps/eProperty/P1/eTrack/eTrackApplicationDetails.aspx?ApplicationId=110%2F00493%2F19&f=%24P1.ETR.APPDET.VIW&r=P1.WEBGUEST
  date_scraped: '2019-05-15'
  date_received: '2019-06-26'
- council_reference: 110/00494/19
  address: 16 Davenport Terrace SEACLIFF PARK SA 5049
  description: Carport to side of dwelling
  info_url: https://chb-web.t1cloud.com/T1PRDefault/WebApps/eProperty/P1/eTrack/eTrackApplicationDetails.aspx?ApplicationId=110%2F00494%2F19&f=%24P1.ETR.APPDET.VIW&r=P1.WEBGUEST
  date_scraped: '2019-05-15'
  date_received: '2019-06-26'
- council_reference: 110/00495/19
  address: Apt 524/16 Holdfast Promenade GLENELG SA 5045
  description: Internal alterations to existing apartment
  info_url: https://chb-web.t1cloud.com/T1PRDefault/WebApps/eProperty/P1/eTrack/eTrackApplicationDetails.aspx?ApplicationId=110%2F00495%2F19&f=%24P1.ETR.APPDET.VIW&r=P1.WEBGUEST
  date_scraped: '2019-05-15'
  date_received: '2019-06-26'
