---
- council_reference: P12002.02
  address: 5-11 REO CRES CAMPBELLFIELD VIC 3061
  description: USE AND DEVELOPMENT OF THE LAND FOR MATERIALS RECYCLING FACILITY
  info_url: https://ehume.hume.vic.gov.au/T1PRProd/WebApps/eProperty/P1/eTrack/eTrackApplicationDetails.aspx?ApplicationId=P12002.02&f=%24P1.ETR.APPDET.VIW&r=P1.HCC.WEBGUEST
  date_scraped: '2019-05-15'
  date_received: '2019-06-28'
- council_reference: P20690.01
  address: 242 MCGREGOR RD SUNBURY VIC 3429
  description: BUILDINGS AND WORKS TO CONSTRUCT A DOUBLE STOREY DWELLING AND SWIMMING
    POOL IN A GREEN WEDGE ZONE
  info_url: https://ehume.hume.vic.gov.au/T1PRProd/WebApps/eProperty/P1/eTrack/eTrackApplicationDetails.aspx?ApplicationId=P20690.01&f=%24P1.ETR.APPDET.VIW&r=P1.HCC.WEBGUEST
  date_scraped: '2019-05-15'
  date_received: '2019-07-04'
- council_reference: P21034.01
  address: 25 WALLACE DR GREENVALE VIC 3059
  description: "TO VARY COVENANTS ON THE LAND BY REMOVING ITEMS 1, 4, 5 AND 6 FROM
    INSTRUMENT NUMBERS W46994J AND W469999S TO ALLOW DEVELOPMENT OF A SECOND DWELLING,
    \r\nDEVELOPMENT OF A SECOND DOUBLE STOREY DWELLING ON THE LAND AND SUBDIVIDE THE
    LAND INTO TWO LOTS"
  info_url: https://ehume.hume.vic.gov.au/T1PRProd/WebApps/eProperty/P1/eTrack/eTrackApplicationDetails.aspx?ApplicationId=P21034.01&f=%24P1.ETR.APPDET.VIW&r=P1.HCC.WEBGUEST
  date_scraped: '2019-05-15'
  date_received: '2019-07-02'
- council_reference: P21259
  address: 11 ISPARTA MEWS ROXBURGH PARK VIC 3064
  description: DEVELOPMENT OF ONE SINGLE STOREY DWELLING (LOT 11)
  info_url: https://ehume.hume.vic.gov.au/T1PRProd/WebApps/eProperty/P1/eTrack/eTrackApplicationDetails.aspx?ApplicationId=P21259&f=%24P1.ETR.APPDET.VIW&r=P1.HCC.WEBGUEST
  date_scraped: '2019-05-15'
  date_received: '2019-07-03'
- council_reference: P21658.01
  address: 125 MELROSE DR TULLAMARINE VIC 3043
  description: DEVELOPMENT OF TWO DOUBLE STOREY DWELLINGS AND ONE SINGLE STOREY DWELLING
  info_url: https://ehume.hume.vic.gov.au/T1PRProd/WebApps/eProperty/P1/eTrack/eTrackApplicationDetails.aspx?ApplicationId=P21658.01&f=%24P1.ETR.APPDET.VIW&r=P1.HCC.WEBGUEST
  date_scraped: '2019-05-15'
  date_received: '2019-07-08'
- council_reference: P22022
  address: 5/16-20 AMCOR WAY CAMPBELLFIELD VIC 3061
  description: THE ADDITION OF A KITCHENETTE AND FIRST FLOOR MEZZANINE OVER EXISTING
    BATHROOM FACILITIES WITHIN A FACTORY/WAREHOUSE
  info_url: https://ehume.hume.vic.gov.au/T1PRProd/WebApps/eProperty/P1/eTrack/eTrackApplicationDetails.aspx?ApplicationId=P22022&f=%24P1.ETR.APPDET.VIW&r=P1.HCC.WEBGUEST
  date_scraped: '2019-05-15'
  date_received: '2019-07-01'
- council_reference: P22111
  address: 48 DISTINCTION AVE CRAIGIEBURN VIC 3064
  description: TWO DOUBLE STOREY DWELLINGS ON A LOT
  info_url: https://ehume.hume.vic.gov.au/T1PRProd/WebApps/eProperty/P1/eTrack/eTrackApplicationDetails.aspx?ApplicationId=P22111&f=%24P1.ETR.APPDET.VIW&r=P1.HCC.WEBGUEST
  date_scraped: '2019-05-15'
  date_received: '2019-07-01'
- council_reference: P22159.01
  address: SALESIAN COLLEGE & GROUNDS 3-5 MACEDON ST SUNBURY VIC 3429
  description: MULTI LOT SUBDIVISION AND VARIATION TO RESIDENTIAL DESIGN CONTROLS
  info_url: https://ehume.hume.vic.gov.au/T1PRProd/WebApps/eProperty/P1/eTrack/eTrackApplicationDetails.aspx?ApplicationId=P22159.01&f=%24P1.ETR.APPDET.VIW&r=P1.HCC.WEBGUEST
  date_scraped: '2019-05-15'
  date_received: '2019-07-12'
- council_reference: P22160.01
  address: 675 SUNBURY RD SUNBURY VIC 3429
  description: MULTI-LOT STAGED SUBDIVISION REDSTONE HILL ESTATE
  info_url: https://ehume.hume.vic.gov.au/T1PRProd/WebApps/eProperty/P1/eTrack/eTrackApplicationDetails.aspx?ApplicationId=P22160.01&f=%24P1.ETR.APPDET.VIW&r=P1.HCC.WEBGUEST
  date_scraped: '2019-05-15'
  date_received: '2019-07-04'
- council_reference: P22209
  address: 19 MALCOLM PL CAMPBELLFIELD VIC 3061
  description: CHANGE OF USE FROM WAREHOUSE TO PLACE OF WORSHIP/ASSEMBLY
  info_url: https://ehume.hume.vic.gov.au/T1PRProd/WebApps/eProperty/P1/eTrack/eTrackApplicationDetails.aspx?ApplicationId=P22209&f=%24P1.ETR.APPDET.VIW&r=P1.HCC.WEBGUEST
  date_scraped: '2019-05-15'
  date_received: '2019-06-21'
- council_reference: P22293
  address: 1/275 CAMP RD BROADMEADOWS VIC 3047
  description: '3 LOT SUBDIVISION PS 832397D [SPEAR # S142080B]'
  info_url: https://ehume.hume.vic.gov.au/T1PRProd/WebApps/eProperty/P1/eTrack/eTrackApplicationDetails.aspx?ApplicationId=P22293&f=%24P1.ETR.APPDET.VIW&r=P1.HCC.WEBGUEST
  date_scraped: '2019-05-15'
  date_received: '2019-07-02'
- council_reference: P22296
  address: 11 PRIORSWOOD WAY SUNBURY VIC 3429
  description: DEVELOPMENT OF FOUR DOUBLE STOREY DWELLINGS
  info_url: https://ehume.hume.vic.gov.au/T1PRProd/WebApps/eProperty/P1/eTrack/eTrackApplicationDetails.aspx?ApplicationId=P22296&f=%24P1.ETR.APPDET.VIW&r=P1.HCC.WEBGUEST
  date_scraped: '2019-05-15'
  date_received: '2019-06-28'
- council_reference: P22298
  address: 1/50 MALCOLM CREEK PDE CRAIGIEBURN VIC 3064
  description: '3 LOT SUBDIVISION PS 742957R [SPEAR # S140872A]'
  info_url: https://ehume.hume.vic.gov.au/T1PRProd/WebApps/eProperty/P1/eTrack/eTrackApplicationDetails.aspx?ApplicationId=P22298&f=%24P1.ETR.APPDET.VIW&r=P1.HCC.WEBGUEST
  date_scraped: '2019-05-15'
  date_received: '2019-07-02'
- council_reference: P22300
  address: JACANA RESERVE 139-157 JOHNSTONE ST JACANA VIC 3047
  description: '2 LOT SUBDIVISION PS 814081K [SPEAR # S142096S]'
  info_url: https://ehume.hume.vic.gov.au/T1PRProd/WebApps/eProperty/P1/eTrack/eTrackApplicationDetails.aspx?ApplicationId=P22300&f=%24P1.ETR.APPDET.VIW&r=P1.HCC.WEBGUEST
  date_scraped: '2019-05-15'
  date_received: '2019-06-21'
- council_reference: P22301
  address: 176 ELEVATION BVD CRAIGIEBURN VIC 3064
  description: BUILDINGS AND WORKS WITHIN AN URBAN GROWTH ZONE FOR A COMMERCIAL DEVELOPMENT
    INCLUDING A REDUCTION IN CAR PARKING REQUIREMENTS ASSOCIATED WITH THE PROPOSED
    LAND USES (FOOD AND DRINK PREMISES AND SHOP)
  info_url: https://ehume.hume.vic.gov.au/T1PRProd/WebApps/eProperty/P1/eTrack/eTrackApplicationDetails.aspx?ApplicationId=P22301&f=%24P1.ETR.APPDET.VIW&r=P1.HCC.WEBGUEST
  date_scraped: '2019-05-15'
  date_received: '2019-06-21'
- council_reference: P22311
  address: 12 MIDAS CT MEADOW HEIGHTS VIC 3048
  description: DEVELOPMENT OF TWO SINGLE STOREY DWELLINGS TO THE REAR OF THE EXISTING
    DWELLING
  info_url: https://ehume.hume.vic.gov.au/T1PRProd/WebApps/eProperty/P1/eTrack/eTrackApplicationDetails.aspx?ApplicationId=P22311&f=%24P1.ETR.APPDET.VIW&r=P1.HCC.WEBGUEST
  date_scraped: '2019-05-15'
  date_received: '2019-06-24'
- council_reference: P22313
  address: 1727-1787 SYDNEY RD CAMPBELLFIELD VIC 3061
  description: THREE LOT SUBDIVISION AND CREATION OF EASEMENT
  info_url: https://ehume.hume.vic.gov.au/T1PRProd/WebApps/eProperty/P1/eTrack/eTrackApplicationDetails.aspx?ApplicationId=P22313&f=%24P1.ETR.APPDET.VIW&r=P1.HCC.WEBGUEST
  date_scraped: '2019-05-15'
  date_received: '2019-06-27'
- council_reference: P22317
  address: 9-31 PATULLOS LANE SOMERTON VIC 3062
  description: PROPOSED STEEL TRANSFER STATION
  info_url: https://ehume.hume.vic.gov.au/T1PRProd/WebApps/eProperty/P1/eTrack/eTrackApplicationDetails.aspx?ApplicationId=P22317&f=%24P1.ETR.APPDET.VIW&r=P1.HCC.WEBGUEST
  date_scraped: '2019-05-15'
  date_received: '2019-06-24'
- council_reference: P22318
  address: 96 MITCHELL CRES MEADOW HEIGHTS VIC 3048
  description: DEMOLITION OF EXISTING DWELLING AND DEVELOPMENT OF TWO DOUBLE STOREY
    DWELLINGS
  info_url: https://ehume.hume.vic.gov.au/T1PRProd/WebApps/eProperty/P1/eTrack/eTrackApplicationDetails.aspx?ApplicationId=P22318&f=%24P1.ETR.APPDET.VIW&r=P1.HCC.WEBGUEST
  date_scraped: '2019-05-15'
  date_received: '2019-06-27'
- council_reference: P22319
  address: 95 WATSONS RD SUNBURY VIC 3429
  description: 312 LOT SUBDIVISION AND ASSOCIATED WORKS, TO CREATE, VARY OR REMOVE
    EASEMENTS AND TO CREATE A RESTRICTION
  info_url: https://ehume.hume.vic.gov.au/T1PRProd/WebApps/eProperty/P1/eTrack/eTrackApplicationDetails.aspx?ApplicationId=P22319&f=%24P1.ETR.APPDET.VIW&r=P1.HCC.WEBGUEST
  date_scraped: '2019-05-15'
  date_received: '2019-06-28'
- council_reference: P22320
  address: 52-114 GLENELG ST COOLAROO VIC 3048
  description: BUILDINGS AND WORKS FOR THE CONSTRUCTION OF EXTERNAL ACCESS STAIRS
    TO AN EXISTING BUILDING
  info_url: https://ehume.hume.vic.gov.au/T1PRProd/WebApps/eProperty/P1/eTrack/eTrackApplicationDetails.aspx?ApplicationId=P22320&f=%24P1.ETR.APPDET.VIW&r=P1.HCC.WEBGUEST
  date_scraped: '2019-05-15'
  date_received: '2019-06-24'
- council_reference: P22321
  address: 96 HANSON RD CRAIGIEBURN VIC 3064
  description: DEVELOPMENT OF A SINGLE STOREY DWELLING TO THE REAR OF THE EXISTING
    DWELLING
  info_url: https://ehume.hume.vic.gov.au/T1PRProd/WebApps/eProperty/P1/eTrack/eTrackApplicationDetails.aspx?ApplicationId=P22321&f=%24P1.ETR.APPDET.VIW&r=P1.HCC.WEBGUEST
  date_scraped: '2019-05-15'
  date_received: '2019-06-25'
- council_reference: P22323
  address: 25 GRAHAM ST BROADMEADOWS VIC 3047
  description: DEVELOPMENT OF THREE DOUBLE STOREY DWELLINGS AND A NEW CROSSOVER
  info_url: https://ehume.hume.vic.gov.au/T1PRProd/WebApps/eProperty/P1/eTrack/eTrackApplicationDetails.aspx?ApplicationId=P22323&f=%24P1.ETR.APPDET.VIW&r=P1.HCC.WEBGUEST
  date_scraped: '2019-05-15'
  date_received: '2019-06-25'
- council_reference: P22324
  address: 8 ALVIE CT WESTMEADOWS VIC 3049
  description: DEVELOPMENT OF A DOUBLE STOREY DWELLING TO THE REAR OF THE EXISTING
    DWELLING
  info_url: https://ehume.hume.vic.gov.au/T1PRProd/WebApps/eProperty/P1/eTrack/eTrackApplicationDetails.aspx?ApplicationId=P22324&f=%24P1.ETR.APPDET.VIW&r=P1.HCC.WEBGUEST
  date_scraped: '2019-05-15'
  date_received: '2019-06-25'
- council_reference: P22325
  address: 208/236-238 WATERVIEW BVD CRAIGIEBURN VIC 3064
  description: PROPOSED VERANDA
  info_url: https://ehume.hume.vic.gov.au/T1PRProd/WebApps/eProperty/P1/eTrack/eTrackApplicationDetails.aspx?ApplicationId=P22325&f=%24P1.ETR.APPDET.VIW&r=P1.HCC.WEBGUEST
  date_scraped: '2019-05-15'
  date_received: '2019-06-25'
- council_reference: P22326
  address: 1 MACEDON ST SUNBURY VIC 3429
  description: BUILDINGS AND WORKS FOR THE CONSTRUCTION OF BATHROOM/CHANGE ROOM FACILITIES
  info_url: https://ehume.hume.vic.gov.au/T1PRProd/WebApps/eProperty/P1/eTrack/eTrackApplicationDetails.aspx?ApplicationId=P22326&f=%24P1.ETR.APPDET.VIW&r=P1.HCC.WEBGUEST
  date_scraped: '2019-05-15'
  date_received: '2019-06-24'
- council_reference: P22327
  address: 14 BANNISTER ST JACANA VIC 3047
  description: 2 LOT SUBDIVISION PS 823757A [SPEAR S142965J]
  info_url: https://ehume.hume.vic.gov.au/T1PRProd/WebApps/eProperty/P1/eTrack/eTrackApplicationDetails.aspx?ApplicationId=P22327&f=%24P1.ETR.APPDET.VIW&r=P1.HCC.WEBGUEST
  date_scraped: '2019-05-15'
  date_received: '2019-06-27'
- council_reference: P22328
  address: 32 BLIBURG ST JACANA VIC 3047
  description: DEVELOPMENT OF THREE DOUBLE STOREY DWELLINGS
  info_url: https://ehume.hume.vic.gov.au/T1PRProd/WebApps/eProperty/P1/eTrack/eTrackApplicationDetails.aspx?ApplicationId=P22328&f=%24P1.ETR.APPDET.VIW&r=P1.HCC.WEBGUEST
  date_scraped: '2019-05-15'
  date_received: '2019-06-26'
- council_reference: P22329
  address: 13 ELLAM CT MEADOW HEIGHTS VIC 3048
  description: '3 LOT SUBDIVISION PS 822892Y [SPEAR # S143004B]'
  info_url: https://ehume.hume.vic.gov.au/T1PRProd/WebApps/eProperty/P1/eTrack/eTrackApplicationDetails.aspx?ApplicationId=P22329&f=%24P1.ETR.APPDET.VIW&r=P1.HCC.WEBGUEST
  date_scraped: '2019-05-15'
  date_received: '2019-06-26'
- council_reference: P22330
  address: 55 BROADMEADOWS RD TULLAMARINE VIC 3043
  description: THE ERECTION OF TWO BUSINESS IDENTIFICATION SIGNS
  info_url: https://ehume.hume.vic.gov.au/T1PRProd/WebApps/eProperty/P1/eTrack/eTrackApplicationDetails.aspx?ApplicationId=P22330&f=%24P1.ETR.APPDET.VIW&r=P1.HCC.WEBGUEST
  date_scraped: '2019-05-15'
  date_received: '2019-06-27'
- council_reference: P22331
  address: 30 MANINGA PARK CT DIGGERS REST VIC 3427
  description: EXTENSION AND RENOVATIONS TO EXISTING DWELLING INCLUDING DEVELOPMENT
    OF A SHED AND CARPORT
  info_url: https://ehume.hume.vic.gov.au/T1PRProd/WebApps/eProperty/P1/eTrack/eTrackApplicationDetails.aspx?ApplicationId=P22331&f=%24P1.ETR.APPDET.VIW&r=P1.HCC.WEBGUEST
  date_scraped: '2019-05-15'
  date_received: '2019-07-04'
- council_reference: P22332
  address: 313 BARRY RD CAMPBELLFIELD VIC 3061
  description: ALTERATIONS & ADDITIONS TO EXISTING MEDICAL CLINIC
  info_url: https://ehume.hume.vic.gov.au/T1PRProd/WebApps/eProperty/P1/eTrack/eTrackApplicationDetails.aspx?ApplicationId=P22332&f=%24P1.ETR.APPDET.VIW&r=P1.HCC.WEBGUEST
  date_scraped: '2019-05-15'
  date_received: '2019-07-04'
- council_reference: P22333
  address: 194-200 NORTHBOURNE RD CAMPBELLFIELD VIC 3061
  description: PROPOSED SHED AND CANOPY ON INDUSTRIAL SITE
  info_url: https://ehume.hume.vic.gov.au/T1PRProd/WebApps/eProperty/P1/eTrack/eTrackApplicationDetails.aspx?ApplicationId=P22333&f=%24P1.ETR.APPDET.VIW&r=P1.HCC.WEBGUEST
  date_scraped: '2019-05-15'
  date_received: '2019-07-03'
- council_reference: P22334
  address: 41 SCENERY DR CRAIGIEBURN VIC 3064
  description: TWO DWELLINGS
  info_url: https://ehume.hume.vic.gov.au/T1PRProd/WebApps/eProperty/P1/eTrack/eTrackApplicationDetails.aspx?ApplicationId=P22334&f=%24P1.ETR.APPDET.VIW&r=P1.HCC.WEBGUEST
  date_scraped: '2019-05-15'
  date_received: '2019-06-28'
- council_reference: P22335
  address: 11-15 SMILEY RD BROADMEADOWS VIC 3047
  description: '3 LOT SUBDIVISION PS 828210X [SPEAR #S143066B]'
  info_url: https://ehume.hume.vic.gov.au/T1PRProd/WebApps/eProperty/P1/eTrack/eTrackApplicationDetails.aspx?ApplicationId=P22335&f=%24P1.ETR.APPDET.VIW&r=P1.HCC.WEBGUEST
  date_scraped: '2019-05-15'
  date_received: '2019-07-01'
- council_reference: P22337
  address: 9 JANICE CT FAWKNER VIC 3060
  description: DEVELOPMENT OF THREE DOUBLE STOREY DWELLINGS
  info_url: https://ehume.hume.vic.gov.au/T1PRProd/WebApps/eProperty/P1/eTrack/eTrackApplicationDetails.aspx?ApplicationId=P22337&f=%24P1.ETR.APPDET.VIW&r=P1.HCC.WEBGUEST
  date_scraped: '2019-05-15'
  date_received: '2019-07-05'
- council_reference: P22338
  address: 6 BRUNSWICK CRES CRAIGIEBURN VIC 3064
  description: CONSTRUCT A VERANDAH
  info_url: https://ehume.hume.vic.gov.au/T1PRProd/WebApps/eProperty/P1/eTrack/eTrackApplicationDetails.aspx?ApplicationId=P22338&f=%24P1.ETR.APPDET.VIW&r=P1.HCC.WEBGUEST
  date_scraped: '2019-05-15'
  date_received: '2019-07-12'
- council_reference: P22340
  address: 4 RESERVE AVE CAMPBELLFIELD VIC 3061
  description: PROPOSED DEVELOPMENT OF TWO DOUBLE STOREY DWELLINGS TO THE REAR OF
    THE EXISTING DWELLING
  info_url: https://ehume.hume.vic.gov.au/T1PRProd/WebApps/eProperty/P1/eTrack/eTrackApplicationDetails.aspx?ApplicationId=P22340&f=%24P1.ETR.APPDET.VIW&r=P1.HCC.WEBGUEST
  date_scraped: '2019-05-15'
  date_received: '2019-07-05'
- council_reference: P22341
  address: 495U DONNYBROOK RD MICKLEHAM VIC 3064
  description: REMOVAL OF NATIVE VEGETATION
  info_url: https://ehume.hume.vic.gov.au/T1PRProd/WebApps/eProperty/P1/eTrack/eTrackApplicationDetails.aspx?ApplicationId=P22341&f=%24P1.ETR.APPDET.VIW&r=P1.HCC.WEBGUEST
  date_scraped: '2019-05-15'
  date_received: '2019-07-05'
- council_reference: P22346
  address: 50 PARKFRONT CRES ROXBURGH PARK VIC 3064
  description: '3 LOT SUBDIVISION PS 800842P [SPEAR # S143126T'
  info_url: https://ehume.hume.vic.gov.au/T1PRProd/WebApps/eProperty/P1/eTrack/eTrackApplicationDetails.aspx?ApplicationId=P22346&f=%24P1.ETR.APPDET.VIW&r=P1.HCC.WEBGUEST
  date_scraped: '2019-05-15'
  date_received: '2019-07-04'
- council_reference: P22347
  address: 15 DECCO DR CAMPBELLFIELD VIC 3061
  description: 3 LOT SUBDIVISION PS 824117J [SPEAR S143413M]
  info_url: https://ehume.hume.vic.gov.au/T1PRProd/WebApps/eProperty/P1/eTrack/eTrackApplicationDetails.aspx?ApplicationId=P22347&f=%24P1.ETR.APPDET.VIW&r=P1.HCC.WEBGUEST
  date_scraped: '2019-05-15'
  date_received: '2019-07-08'
- council_reference: P22348
  address: 855 MICKLEHAM RD GREENVALE VIC 3059
  description: PROPOSED STORAGE SHED
  info_url: https://ehume.hume.vic.gov.au/T1PRProd/WebApps/eProperty/P1/eTrack/eTrackApplicationDetails.aspx?ApplicationId=P22348&f=%24P1.ETR.APPDET.VIW&r=P1.HCC.WEBGUEST
  date_scraped: '2019-05-15'
  date_received: '2019-07-04'
- council_reference: P22349
  address: 121-209 CAMP RD BROADMEADOWS VIC 3047
  description: INSTALLATION OF TOILET BLOCK
  info_url: https://ehume.hume.vic.gov.au/T1PRProd/WebApps/eProperty/P1/eTrack/eTrackApplicationDetails.aspx?ApplicationId=P22349&f=%24P1.ETR.APPDET.VIW&r=P1.HCC.WEBGUEST
  date_scraped: '2019-05-15'
  date_received: '2019-07-08'
- council_reference: P22350
  address: 12 RESERVOIR DR COOLAROO VIC 3048
  description: CHANGE OF USE TO SHOP (HAIRDRESSER)
  info_url: https://ehume.hume.vic.gov.au/T1PRProd/WebApps/eProperty/P1/eTrack/eTrackApplicationDetails.aspx?ApplicationId=P22350&f=%24P1.ETR.APPDET.VIW&r=P1.HCC.WEBGUEST
  date_scraped: '2019-05-15'
  date_received: '2019-07-08'
- council_reference: P22352
  address: 30 DECCO DR CAMPBELLFIELD VIC 3061
  description: INSTALLING A NEW ROLLER DOOR
  info_url: https://ehume.hume.vic.gov.au/T1PRProd/WebApps/eProperty/P1/eTrack/eTrackApplicationDetails.aspx?ApplicationId=P22352&f=%24P1.ETR.APPDET.VIW&r=P1.HCC.WEBGUEST
  date_scraped: '2019-05-15'
  date_received: '2019-07-09'
- council_reference: P22353
  address: 7 HILLCREST DR WESTMEADOWS VIC 3049
  description: 'REMOVAL OF RESTRICTION [SPEAR # S141028S]'
  info_url: https://ehume.hume.vic.gov.au/T1PRProd/WebApps/eProperty/P1/eTrack/eTrackApplicationDetails.aspx?ApplicationId=P22353&f=%24P1.ETR.APPDET.VIW&r=P1.HCC.WEBGUEST
  date_scraped: '2019-05-15'
  date_received: '2019-07-09'
- council_reference: P22357
  address: 38 RIGGALL ST DALLAS VIC 3047
  description: '3 LOT SUBDIVISION PS 828615U [SPEAR # S142648M]'
  info_url: https://ehume.hume.vic.gov.au/T1PRProd/WebApps/eProperty/P1/eTrack/eTrackApplicationDetails.aspx?ApplicationId=P22357&f=%24P1.ETR.APPDET.VIW&r=P1.HCC.WEBGUEST
  date_scraped: '2019-05-15'
  date_received: '2019-07-10'
- council_reference: P22365
  address: 1 TURNBERRY DR SUNBURY VIC 3429
  description: '3 LOT SUBDIVISION PS 831875X [SPEAR # S143889B]'
  info_url: https://ehume.hume.vic.gov.au/T1PRProd/WebApps/eProperty/P1/eTrack/eTrackApplicationDetails.aspx?ApplicationId=P22365&f=%24P1.ETR.APPDET.VIW&r=P1.HCC.WEBGUEST
  date_scraped: '2019-05-15'
  date_received: '2019-07-16'
- council_reference: P22368
  address: 227 FEEHANS RD WILDWOOD VIC 3429
  description: MAJOR SPORTS AND RECREATION FACILITY
  info_url: https://ehume.hume.vic.gov.au/T1PRProd/WebApps/eProperty/P1/eTrack/eTrackApplicationDetails.aspx?ApplicationId=P22368&f=%24P1.ETR.APPDET.VIW&r=P1.HCC.WEBGUEST
  date_scraped: '2019-05-15'
  date_received: '2019-07-17'
