---
- council_reference: CC085/19
  address: 78 Glenrock Place HARTLEY NSW 2790
  description: Shed Extension, Pergola & Swimming Pool
  info_url: https://eservices.lithgow.nsw.gov.au/ePropertyProd/P1/eTrack/eTrackApplicationDetails.aspx?ApplicationId=CC085%2F19&f=%24P1.ETR.APPDET.VIW&r=P1.WEBGUEST
  date_scraped: '2019-05-15'
  date_received: '2019-06-13'
- council_reference: CC086/19
  address: 1A East Street LITHGOW NSW 2790
  description: "*PRIVATE CERTIFIER*"
  info_url: https://eservices.lithgow.nsw.gov.au/ePropertyProd/P1/eTrack/eTrackApplicationDetails.aspx?ApplicationId=CC086%2F19&f=%24P1.ETR.APPDET.VIW&r=P1.WEBGUEST
  date_scraped: '2019-05-15'
  date_received: '2019-06-13'
- council_reference: CC087/19
  address: 2 Girraween Drive MARRANGAROO NSW 2790
  description: PRIVATE CERTIFIER SHED
  info_url: https://eservices.lithgow.nsw.gov.au/ePropertyProd/P1/eTrack/eTrackApplicationDetails.aspx?ApplicationId=CC087%2F19&f=%24P1.ETR.APPDET.VIW&r=P1.WEBGUEST
  date_scraped: '2019-05-15'
  date_received: '2019-06-14'
- council_reference: CC088/19
  address: 7 Cameron Place LITHGOW NSW 2790
  description: Dwelling and Retaining Wall
  info_url: https://eservices.lithgow.nsw.gov.au/ePropertyProd/P1/eTrack/eTrackApplicationDetails.aspx?ApplicationId=CC088%2F19&f=%24P1.ETR.APPDET.VIW&r=P1.WEBGUEST
  date_scraped: '2019-05-15'
  date_received: '2019-06-18'
- council_reference: CC089/19
  address: Mount Piper Power Station Boulder Road BLACKMANS FLAT NSW 2790
  description: "*PRIVATE* - Springvale Water Treatment Project"
  info_url: https://eservices.lithgow.nsw.gov.au/ePropertyProd/P1/eTrack/eTrackApplicationDetails.aspx?ApplicationId=CC089%2F19&f=%24P1.ETR.APPDET.VIW&r=P1.WEBGUEST
  date_scraped: '2019-05-15'
  date_received: '2019-06-19'
- council_reference: CC090/19
  address: 19 Henning Crescent WALLERAWANG NSW 2845
  description: PATIO
  info_url: https://eservices.lithgow.nsw.gov.au/ePropertyProd/P1/eTrack/eTrackApplicationDetails.aspx?ApplicationId=CC090%2F19&f=%24P1.ETR.APPDET.VIW&r=P1.WEBGUEST
  date_scraped: '2019-05-15'
  date_received: '2019-06-21'
- council_reference: CC091/19
  address: 102 The Gullies Road GLEN DAVIS NSW 2846
  description: DWELLING
  info_url: https://eservices.lithgow.nsw.gov.au/ePropertyProd/P1/eTrack/eTrackApplicationDetails.aspx?ApplicationId=CC091%2F19&f=%24P1.ETR.APPDET.VIW&r=P1.WEBGUEST
  date_scraped: '2019-05-15'
  date_received: '2019-06-24'
- council_reference: CDC005/19
  address: 16 River Lett Close HARTLEY NSW 2790
  description: PRIVATE CERTIFIER - ROOF TOP SOLAR SYSTEM
  info_url: https://eservices.lithgow.nsw.gov.au/ePropertyProd/P1/eTrack/eTrackApplicationDetails.aspx?ApplicationId=CDC005%2F19&f=%24P1.ETR.APPDET.VIW&r=P1.WEBGUEST
  date_scraped: '2019-05-15'
  date_received: '2019-06-14'
- council_reference: CDC006/19
  address: 54 Barton Street LITHGOW NSW 2790
  description: PRIVATE CERTIFIER SOLAR PANELS
  info_url: https://eservices.lithgow.nsw.gov.au/ePropertyProd/P1/eTrack/eTrackApplicationDetails.aspx?ApplicationId=CDC006%2F19&f=%24P1.ETR.APPDET.VIW&r=P1.WEBGUEST
  date_scraped: '2019-05-15'
  date_received: '2019-06-17'
- council_reference: DA090/19
  address: 5 Eddy Street LITHGOW NSW 2790
  description: DWELLING ALTERATIONS
  info_url: https://eservices.lithgow.nsw.gov.au/ePropertyProd/P1/eTrack/eTrackApplicationDetails.aspx?ApplicationId=DA090%2F19&f=%24P1.ETR.APPDET.VIW&r=P1.WEBGUEST
  date_scraped: '2019-05-15'
  date_received: '2019-06-12'
- council_reference: DA091/19
  address: 3 Allison Close WALLERAWANG NSW 2845
  description: DWELLING
  info_url: https://eservices.lithgow.nsw.gov.au/ePropertyProd/P1/eTrack/eTrackApplicationDetails.aspx?ApplicationId=DA091%2F19&f=%24P1.ETR.APPDET.VIW&r=P1.WEBGUEST
  date_scraped: '2019-05-15'
  date_received: '2019-06-14'
- council_reference: DA092/19
  address: 264 Wicketty War Road HAMPTON NSW 2790
  description: MANUFACTURED DWELLING
  info_url: https://eservices.lithgow.nsw.gov.au/ePropertyProd/P1/eTrack/eTrackApplicationDetails.aspx?ApplicationId=DA092%2F19&f=%24P1.ETR.APPDET.VIW&r=P1.WEBGUEST
  date_scraped: '2019-05-15'
  date_received: '2019-06-17'
- council_reference: DA093/19
  address: 7 Cameron Place LITHGOW NSW 2790
  description: Dwelling and Retaining Wall
  info_url: https://eservices.lithgow.nsw.gov.au/ePropertyProd/P1/eTrack/eTrackApplicationDetails.aspx?ApplicationId=DA093%2F19&f=%24P1.ETR.APPDET.VIW&r=P1.WEBGUEST
  date_scraped: '2019-05-15'
  date_received: '2019-06-17'
- council_reference: DA094/19
  address: Tweed Road LITHGOW NSW 2790
  description: CONCEPT DEVELOPMENT - STAGE 1 - LOT 1 INTO 2 TORRENS SUBDIVISION AND
    1 LOT INTO 15 STRATA SUBDIVISION
  info_url: https://eservices.lithgow.nsw.gov.au/ePropertyProd/P1/eTrack/eTrackApplicationDetails.aspx?ApplicationId=DA094%2F19&f=%24P1.ETR.APPDET.VIW&r=P1.WEBGUEST
  date_scraped: '2019-05-15'
  date_received: '2019-06-18'
- council_reference: DA095/19
  address: Tweed Road LITHGOW NSW 2790
  description: CONCEPT DEVELOPMENT - STAGE 1 LOT INTO 2 TORRENS SUBDIVISION AND 1
    LOT INTO 15 STRATA SUBDIVISION
  info_url: https://eservices.lithgow.nsw.gov.au/ePropertyProd/P1/eTrack/eTrackApplicationDetails.aspx?ApplicationId=DA095%2F19&f=%24P1.ETR.APPDET.VIW&r=P1.WEBGUEST
  date_scraped: '2019-05-15'
  date_received: '2019-06-18'
- council_reference: DA096/19
  address: 19 Henning Crescent WALLERAWANG NSW 2845
  description: PATIO
  info_url: https://eservices.lithgow.nsw.gov.au/ePropertyProd/P1/eTrack/eTrackApplicationDetails.aspx?ApplicationId=DA096%2F19&f=%24P1.ETR.APPDET.VIW&r=P1.WEBGUEST
  date_scraped: '2019-05-15'
  date_received: '2019-06-21'
- council_reference: DA097/19
  address: 102 The Gullies Road GLEN DAVIS NSW 2846
  description: DWELLING
  info_url: https://eservices.lithgow.nsw.gov.au/ePropertyProd/P1/eTrack/eTrackApplicationDetails.aspx?ApplicationId=DA097%2F19&f=%24P1.ETR.APPDET.VIW&r=P1.WEBGUEST
  date_scraped: '2019-05-15'
  date_received: '2019-06-24'
- council_reference: DA098/19
  address: 51 Delaney Drive LITTLE HARTLEY NSW 2790
  description: SHED & WATER TANK
  info_url: https://eservices.lithgow.nsw.gov.au/ePropertyProd/P1/eTrack/eTrackApplicationDetails.aspx?ApplicationId=DA098%2F19&f=%24P1.ETR.APPDET.VIW&r=P1.WEBGUEST
  date_scraped: '2019-05-15'
  date_received: '2019-06-24'
- council_reference: DA099/19
  address: 33 Fitzgerald Street WALLERAWANG NSW 2845
  description: DWELLING
  info_url: https://eservices.lithgow.nsw.gov.au/ePropertyProd/P1/eTrack/eTrackApplicationDetails.aspx?ApplicationId=DA099%2F19&f=%24P1.ETR.APPDET.VIW&r=P1.WEBGUEST
  date_scraped: '2019-05-15'
  date_received: '2019-06-24'
- council_reference: S68066/19
  address: 3 Allison Close WALLERAWANG NSW 2845
  description: WATER & SEWER
  info_url: https://eservices.lithgow.nsw.gov.au/ePropertyProd/P1/eTrack/eTrackApplicationDetails.aspx?ApplicationId=S68066%2F19&f=%24P1.ETR.APPDET.VIW&r=P1.WEBGUEST
  date_scraped: '2019-05-15'
  date_received: '2019-06-14'
- council_reference: S68067/19
  address: 7 Cameron Place LITHGOW NSW 2790
  description: SOLID FUEL HEATER
  info_url: https://eservices.lithgow.nsw.gov.au/ePropertyProd/P1/eTrack/eTrackApplicationDetails.aspx?ApplicationId=S68067%2F19&f=%24P1.ETR.APPDET.VIW&r=P1.WEBGUEST
  date_scraped: '2019-05-15'
  date_received: '2019-06-17'
- council_reference: S68068/19
  address: 264 Wicketty War Road HAMPTON NSW 2790
  description: MANUFACTURED DWELLING
  info_url: https://eservices.lithgow.nsw.gov.au/ePropertyProd/P1/eTrack/eTrackApplicationDetails.aspx?ApplicationId=S68068%2F19&f=%24P1.ETR.APPDET.VIW&r=P1.WEBGUEST
  date_scraped: '2019-05-15'
  date_received: '2019-06-18'
- council_reference: S68069/19
  address: 264 Wicketty War Road HAMPTON NSW 2790
  description: S68 ON SITE SYSTEM WASTEWATER
  info_url: https://eservices.lithgow.nsw.gov.au/ePropertyProd/P1/eTrack/eTrackApplicationDetails.aspx?ApplicationId=S68069%2F19&f=%24P1.ETR.APPDET.VIW&r=P1.WEBGUEST
  date_scraped: '2019-05-15'
  date_received: '2019-06-18'
- council_reference: S68070/19
  address: Tweed Road LITHGOW NSW 2790
  description: WATER AND SEWER CONNECTION
  info_url: https://eservices.lithgow.nsw.gov.au/ePropertyProd/P1/eTrack/eTrackApplicationDetails.aspx?ApplicationId=S68070%2F19&f=%24P1.ETR.APPDET.VIW&r=P1.WEBGUEST
  date_scraped: '2019-05-15'
  date_received: '2019-06-18'
- council_reference: S68071/19
  address: 7 Cameron Place LITHGOW NSW 2790
  description: WATER & SEWER CONNECTION
  info_url: https://eservices.lithgow.nsw.gov.au/ePropertyProd/P1/eTrack/eTrackApplicationDetails.aspx?ApplicationId=S68071%2F19&f=%24P1.ETR.APPDET.VIW&r=P1.WEBGUEST
  date_scraped: '2019-05-15'
  date_received: '2019-06-19'
- council_reference: S68072/19
  address: 237B Cullen Bullen Road PORTLAND NSW 2847
  description: WATER CONNECTION
  info_url: https://eservices.lithgow.nsw.gov.au/ePropertyProd/P1/eTrack/eTrackApplicationDetails.aspx?ApplicationId=S68072%2F19&f=%24P1.ETR.APPDET.VIW&r=P1.WEBGUEST
  date_scraped: '2019-05-15'
  date_received: '2019-06-21'
- council_reference: S68073/19
  address: 102 The Gullies Road GLEN DAVIS NSW 2846
  description: S68 ON SITE SEWER MANAGEMENT
  info_url: https://eservices.lithgow.nsw.gov.au/ePropertyProd/P1/eTrack/eTrackApplicationDetails.aspx?ApplicationId=S68073%2F19&f=%24P1.ETR.APPDET.VIW&r=P1.WEBGUEST
  date_scraped: '2019-05-15'
  date_received: '2019-06-24'
- council_reference: S68074/19
  address: 102 The Gullies Road GLEN DAVIS NSW 2846
  description: S68 SOLID FUEL HEATER
  info_url: https://eservices.lithgow.nsw.gov.au/ePropertyProd/P1/eTrack/eTrackApplicationDetails.aspx?ApplicationId=S68074%2F19&f=%24P1.ETR.APPDET.VIW&r=P1.WEBGUEST
  date_scraped: '2019-05-15'
  date_received: '2019-06-24'
- council_reference: S68075/19
  address: 51 Delaney Drive LITTLE HARTLEY NSW 2790
  description: ON SITE SEWERAGE MANAGEMENT
  info_url: https://eservices.lithgow.nsw.gov.au/ePropertyProd/P1/eTrack/eTrackApplicationDetails.aspx?ApplicationId=S68075%2F19&f=%24P1.ETR.APPDET.VIW&r=P1.WEBGUEST
  date_scraped: '2019-05-15'
  date_received: '2019-06-24'
- council_reference: S68076/19
  address: 33 Fitzgerald Street WALLERAWANG NSW 2845
  description: WATER AND SEWER CONNECTION
  info_url: https://eservices.lithgow.nsw.gov.au/ePropertyProd/P1/eTrack/eTrackApplicationDetails.aspx?ApplicationId=S68076%2F19&f=%24P1.ETR.APPDET.VIW&r=P1.WEBGUEST
  date_scraped: '2019-05-15'
  date_received: '2019-06-24'
