---
- council_reference: 132001.210081.8
  address: 119 Moorindil St TEWANTIN  QLD  4565
  description: Change to Development Approval
  info_url: https://noo-web.t1cloud.com/T1PRDefault/WebApps/eProperty/P1/eTrack/eTrackApplicationDetails.aspx?r=P1.WEBGUEST&f=$P1.ETR.APPDET.VIW&ApplicationId=132001.210081.8
  date_scraped: '2019-05-15'
  date_received: '2019-06-18'
- council_reference: 132007.2398.06
  address: 19 Trading Post Rd COOROY  QLD  4563
  description: Generally in Accordance
  info_url: https://noo-web.t1cloud.com/T1PRDefault/WebApps/eProperty/P1/eTrack/eTrackApplicationDetails.aspx?r=P1.WEBGUEST&f=$P1.ETR.APPDET.VIW&ApplicationId=132007.2398.06
  date_scraped: '2019-05-15'
  date_received: '2019-06-14'
- council_reference: 51901.4113.01
  address: Treetops 15 Katharina St NOOSA HEADS  QLD  4567
  description: Change to Development Approval
  info_url: https://noo-web.t1cloud.com/T1PRDefault/WebApps/eProperty/P1/eTrack/eTrackApplicationDetails.aspx?r=P1.WEBGUEST&f=$P1.ETR.APPDET.VIW&ApplicationId=51901.4113.01
  date_scraped: '2019-05-15'
  date_received: '2019-06-03'
- council_reference: 51987.2944.01
  address: 7 Garnet St COOROY  QLD  4563
  description: Change to Development Approval
  info_url: https://noo-web.t1cloud.com/T1PRDefault/WebApps/eProperty/P1/eTrack/eTrackApplicationDetails.aspx?r=P1.WEBGUEST&f=$P1.ETR.APPDET.VIW&ApplicationId=51987.2944.01
  date_scraped: '2019-05-15'
  date_received: '2019-06-20'
- council_reference: DBW19/0015
  address: 14 Queen St COORAN  QLD  4569
  description: Additions to Detached House
  info_url: https://noo-web.t1cloud.com/T1PRDefault/WebApps/eProperty/P1/eTrack/eTrackApplicationDetails.aspx?r=P1.WEBGUEST&f=$P1.ETR.APPDET.VIW&ApplicationId=DBW19%2F0015
  date_scraped: '2019-05-15'
  date_received: '2019-06-18'
- council_reference: DBW19/0016
  address: 9 The Esplanade SUNSHINE BEACH  QLD  4567
  description: Additions to Detached House (Coastal Protection)
  info_url: https://noo-web.t1cloud.com/T1PRDefault/WebApps/eProperty/P1/eTrack/eTrackApplicationDetails.aspx?r=P1.WEBGUEST&f=$P1.ETR.APPDET.VIW&ApplicationId=DBW19%2F0016
  date_scraped: '2019-05-15'
  date_received: '2019-06-20'
- council_reference: DBW19/0017
  address: 6 Tropicana Rise CASTAWAYS BEACH  QLD  4567
  description: Additions to Detached House (Coastal Protection)
  info_url: https://noo-web.t1cloud.com/T1PRDefault/WebApps/eProperty/P1/eTrack/eTrackApplicationDetails.aspx?r=P1.WEBGUEST&f=$P1.ETR.APPDET.VIW&ApplicationId=DBW19%2F0017
  date_scraped: '2019-05-15'
  date_received: '2019-06-20'
- council_reference: MCU16/0098.02
  address: 21 Venture Dr NOOSAVILLE  QLD  4566
  description: Change to Development Approval
  info_url: https://noo-web.t1cloud.com/T1PRDefault/WebApps/eProperty/P1/eTrack/eTrackApplicationDetails.aspx?r=P1.WEBGUEST&f=$P1.ETR.APPDET.VIW&ApplicationId=MCU16%2F0098.02
  date_scraped: '2019-05-15'
  date_received: '2019-06-21'
- council_reference: MCU17/0004.02
  address: 46 Elizabeth St NOOSAVILLE  QLD  4566
  description: Extension to Currency Period
  info_url: https://noo-web.t1cloud.com/T1PRDefault/WebApps/eProperty/P1/eTrack/eTrackApplicationDetails.aspx?r=P1.WEBGUEST&f=$P1.ETR.APPDET.VIW&ApplicationId=MCU17%2F0004.02
  date_scraped: '2019-05-15'
  date_received: '2019-06-21'
- council_reference: MCU17/0512.01
  address: 15 Arakoon Cres SUNSHINE BEACH  QLD  4567
  description: Change to Development Approval
  info_url: https://noo-web.t1cloud.com/T1PRDefault/WebApps/eProperty/P1/eTrack/eTrackApplicationDetails.aspx?r=P1.WEBGUEST&f=$P1.ETR.APPDET.VIW&ApplicationId=MCU17%2F0512.01
  date_scraped: '2019-05-15'
  date_received: '2019-06-25'
- council_reference: MCU18/0048.02
  address: 7 Arakoon Cres SUNSHINE BEACH  QLD  4567
  description: Change to Development Approval
  info_url: https://noo-web.t1cloud.com/T1PRDefault/WebApps/eProperty/P1/eTrack/eTrackApplicationDetails.aspx?r=P1.WEBGUEST&f=$P1.ETR.APPDET.VIW&ApplicationId=MCU18%2F0048.02
  date_scraped: '2019-05-15'
  date_received: '2019-06-13'
- council_reference: MCU19/0061
  address: Bay Village 18/18 Hastings St NOOSA HEADS  QLD  4567
  description: Ent & Dining Type 2 Recreation amusement fitness
  info_url: https://noo-web.t1cloud.com/T1PRDefault/WebApps/eProperty/P1/eTrack/eTrackApplicationDetails.aspx?r=P1.WEBGUEST&f=$P1.ETR.APPDET.VIW&ApplicationId=MCU19%2F0061
  date_scraped: '2019-05-15'
  date_received: '2019-06-04'
- council_reference: MCU19/0062
  address: 50 Firewheel Rd RINGTAIL CREEK  QLD  4565
  description: Detached House
  info_url: https://noo-web.t1cloud.com/T1PRDefault/WebApps/eProperty/P1/eTrack/eTrackApplicationDetails.aspx?r=P1.WEBGUEST&f=$P1.ETR.APPDET.VIW&ApplicationId=MCU19%2F0062
  date_scraped: '2019-05-15'
  date_received: '2019-06-17'
- council_reference: MCU19/0066
  address: 2197 David Low Way PEREGIAN BEACH  QLD  4573
  description: Commercial Business - Type 1 Office
  info_url: https://noo-web.t1cloud.com/T1PRDefault/WebApps/eProperty/P1/eTrack/eTrackApplicationDetails.aspx?r=P1.WEBGUEST&f=$P1.ETR.APPDET.VIW&ApplicationId=MCU19%2F0066
  date_scraped: '2019-05-15'
  date_received: '2019-06-20'
- council_reference: OPW16/0183.02
  address: 21 Venture Dr NOOSAVILLE  QLD  4566
  description: Change to Development Approval
  info_url: https://noo-web.t1cloud.com/T1PRDefault/WebApps/eProperty/P1/eTrack/eTrackApplicationDetails.aspx?r=P1.WEBGUEST&f=$P1.ETR.APPDET.VIW&ApplicationId=OPW16%2F0183.02
  date_scraped: '2019-05-15'
  date_received: '2019-06-21'
- council_reference: OPW17/0005.02
  address: 46 Elizabeth St NOOSAVILLE  QLD  4566
  description: Extension to Currency Period
  info_url: https://noo-web.t1cloud.com/T1PRDefault/WebApps/eProperty/P1/eTrack/eTrackApplicationDetails.aspx?r=P1.WEBGUEST&f=$P1.ETR.APPDET.VIW&ApplicationId=OPW17%2F0005.02
  date_scraped: '2019-05-15'
  date_received: '2019-06-21'
- council_reference: OPW19/0121
  address: Nardella 29 Ann St NOOSAVILLE  QLD  4566
  description: Clearing Vegetation under planning scheme
  info_url: https://noo-web.t1cloud.com/T1PRDefault/WebApps/eProperty/P1/eTrack/eTrackApplicationDetails.aspx?r=P1.WEBGUEST&f=$P1.ETR.APPDET.VIW&ApplicationId=OPW19%2F0121
  date_scraped: '2019-05-15'
  date_received: '2019-06-04'
- council_reference: OPW19/0122
  address: Noosa Glades One 17/159 Moorindil St TEWANTIN  QLD  4565
  description: Clearing Vegetation under planning scheme
  info_url: https://noo-web.t1cloud.com/T1PRDefault/WebApps/eProperty/P1/eTrack/eTrackApplicationDetails.aspx?r=P1.WEBGUEST&f=$P1.ETR.APPDET.VIW&ApplicationId=OPW19%2F0122
  date_scraped: '2019-05-15'
  date_received: '2019-06-04'
- council_reference: OPW19/0128
  address: The Inlet 14/16 Blakesley St TEWANTIN  QLD  4565
  description: Clearing Vegetation under planning scheme
  info_url: https://noo-web.t1cloud.com/T1PRDefault/WebApps/eProperty/P1/eTrack/eTrackApplicationDetails.aspx?r=P1.WEBGUEST&f=$P1.ETR.APPDET.VIW&ApplicationId=OPW19%2F0128
  date_scraped: '2019-05-15'
  date_received: '2019-06-06'
- council_reference: OPW19/0129
  address: 74 Lake Entrance Bvd NOOSAVILLE  QLD  4566
  description: Vehicle Crossover
  info_url: https://noo-web.t1cloud.com/T1PRDefault/WebApps/eProperty/P1/eTrack/eTrackApplicationDetails.aspx?r=P1.WEBGUEST&f=$P1.ETR.APPDET.VIW&ApplicationId=OPW19%2F0129
  date_scraped: '2019-05-15'
  date_received: '2019-06-03'
- council_reference: OPW19/0130
  address: 16 Palm Grove Rd COOROY  QLD  4563
  description: Vehicle Crossover
  info_url: https://noo-web.t1cloud.com/T1PRDefault/WebApps/eProperty/P1/eTrack/eTrackApplicationDetails.aspx?r=P1.WEBGUEST&f=$P1.ETR.APPDET.VIW&ApplicationId=OPW19%2F0130
  date_scraped: '2019-05-15'
  date_received: '2019-06-03'
- council_reference: OPW19/0131
  address: 3 Kingsgate Dr TINBEERWAH  QLD  4563
  description: Vehicle Crossover
  info_url: https://noo-web.t1cloud.com/T1PRDefault/WebApps/eProperty/P1/eTrack/eTrackApplicationDetails.aspx?r=P1.WEBGUEST&f=$P1.ETR.APPDET.VIW&ApplicationId=OPW19%2F0131
  date_scraped: '2019-05-15'
  date_received: '2019-06-06'
- council_reference: OPW19/0133
  address: 10 Opal St COOROY  QLD  4563
  description: Landscaping, Roadworks, Stormwater
  info_url: https://noo-web.t1cloud.com/T1PRDefault/WebApps/eProperty/P1/eTrack/eTrackApplicationDetails.aspx?r=P1.WEBGUEST&f=$P1.ETR.APPDET.VIW&ApplicationId=OPW19%2F0133
  date_scraped: '2019-05-15'
  date_received: '2019-06-05'
- council_reference: OPW19/0134
  address: 2 Hilton Tce TEWANTIN  QLD  4565
  description: Stormwater
  info_url: https://noo-web.t1cloud.com/T1PRDefault/WebApps/eProperty/P1/eTrack/eTrackApplicationDetails.aspx?r=P1.WEBGUEST&f=$P1.ETR.APPDET.VIW&ApplicationId=OPW19%2F0134
  date_scraped: '2019-05-15'
  date_received: '2019-06-06'
- council_reference: OPW19/0135
  address: Cycad Court 4 Commerce Ct NOOSAVILLE  QLD  4566
  description: Clearing Vegetation under planning scheme
  info_url: https://noo-web.t1cloud.com/T1PRDefault/WebApps/eProperty/P1/eTrack/eTrackApplicationDetails.aspx?r=P1.WEBGUEST&f=$P1.ETR.APPDET.VIW&ApplicationId=OPW19%2F0135
  date_scraped: '2019-05-15'
  date_received: '2019-06-12'
- council_reference: OPW19/0136
  address: Parkshores Sunshine 2 Park Cres SUNSHINE BEACH  QLD  4567
  description: Clearing Vegetation under planning scheme
  info_url: https://noo-web.t1cloud.com/T1PRDefault/WebApps/eProperty/P1/eTrack/eTrackApplicationDetails.aspx?r=P1.WEBGUEST&f=$P1.ETR.APPDET.VIW&ApplicationId=OPW19%2F0136
  date_scraped: '2019-05-15'
  date_received: '2019-06-12'
- council_reference: OPW19/0137
  address: Noosa Glades Two 44 Tait St TEWANTIN  QLD  4565
  description: Clearing Vegetation under planning scheme
  info_url: https://noo-web.t1cloud.com/T1PRDefault/WebApps/eProperty/P1/eTrack/eTrackApplicationDetails.aspx?r=P1.WEBGUEST&f=$P1.ETR.APPDET.VIW&ApplicationId=OPW19%2F0137
  date_scraped: '2019-05-15'
  date_received: '2019-06-13'
- council_reference: OPW19/0138
  address: 82-100 Mckinnon Dr TEWANTIN  QLD  4565
  description: Landscaping
  info_url: https://noo-web.t1cloud.com/T1PRDefault/WebApps/eProperty/P1/eTrack/eTrackApplicationDetails.aspx?r=P1.WEBGUEST&f=$P1.ETR.APPDET.VIW&ApplicationId=OPW19%2F0138
  date_scraped: '2019-05-15'
  date_received: '2019-06-11'
- council_reference: OPW19/0139
  address: 5 Garnet St COOROY  QLD  4563
  description: Drainage Works, Earthworks, Landscaping, Roadworks, Stormwater
  info_url: https://noo-web.t1cloud.com/T1PRDefault/WebApps/eProperty/P1/eTrack/eTrackApplicationDetails.aspx?r=P1.WEBGUEST&f=$P1.ETR.APPDET.VIW&ApplicationId=OPW19%2F0139
  date_scraped: '2019-05-15'
  date_received: '2019-06-12'
- council_reference: OPW19/0140
  address: The Ridge 533/61 Noosa Springs Dr NOOSA HEADS  QLD  4567
  description: Clearing Vegetation under planning scheme
  info_url: https://noo-web.t1cloud.com/T1PRDefault/WebApps/eProperty/P1/eTrack/eTrackApplicationDetails.aspx?r=P1.WEBGUEST&f=$P1.ETR.APPDET.VIW&ApplicationId=OPW19%2F0140
  date_scraped: '2019-05-15'
  date_received: '2019-06-17'
- council_reference: OPW19/0141
  address: The Duke Street Beach Houses 5/12 Duke St SUNSHINE BEACH  QLD  4567
  description: Clearing Vegetation under planning scheme
  info_url: https://noo-web.t1cloud.com/T1PRDefault/WebApps/eProperty/P1/eTrack/eTrackApplicationDetails.aspx?r=P1.WEBGUEST&f=$P1.ETR.APPDET.VIW&ApplicationId=OPW19%2F0141
  date_scraped: '2019-05-15'
  date_received: '2019-06-19'
- council_reference: OPW19/0142
  address: Bayview Woods 1-7 Bayview Rd NOOSA HEADS  QLD  4567
  description: Clearing Vegetation under planning scheme
  info_url: https://noo-web.t1cloud.com/T1PRDefault/WebApps/eProperty/P1/eTrack/eTrackApplicationDetails.aspx?r=P1.WEBGUEST&f=$P1.ETR.APPDET.VIW&ApplicationId=OPW19%2F0142
  date_scraped: '2019-05-15'
  date_received: '2019-06-20'
- council_reference: OPW19/0143
  address: THE POINT 61 Noosa Springs Dr NOOSA HEADS  QLD  4567
  description: Clearing Vegetation under planning scheme
  info_url: https://noo-web.t1cloud.com/T1PRDefault/WebApps/eProperty/P1/eTrack/eTrackApplicationDetails.aspx?r=P1.WEBGUEST&f=$P1.ETR.APPDET.VIW&ApplicationId=OPW19%2F0143
  date_scraped: '2019-05-15'
  date_received: '2019-06-20'
- council_reference: OPW19/0145
  address: Laguna Villa 10 Edgar Bennett Ave NOOSA HEADS  QLD  4567
  description: Clearing Vegetation under planning scheme
  info_url: https://noo-web.t1cloud.com/T1PRDefault/WebApps/eProperty/P1/eTrack/eTrackApplicationDetails.aspx?r=P1.WEBGUEST&f=$P1.ETR.APPDET.VIW&ApplicationId=OPW19%2F0145
  date_scraped: '2019-05-15'
  date_received: '2019-06-25'
- council_reference: OPW19/0146
  address: Sundancer 11 Henderson St SUNSHINE BEACH  QLD  4567
  description: Clearing Vegetation under planning scheme
  info_url: https://noo-web.t1cloud.com/T1PRDefault/WebApps/eProperty/P1/eTrack/eTrackApplicationDetails.aspx?r=P1.WEBGUEST&f=$P1.ETR.APPDET.VIW&ApplicationId=OPW19%2F0146
  date_scraped: '2019-05-15'
  date_received: '2019-06-25'
- council_reference: OPW19/0147
  address: Solway Court 1/24 Solway Dr SUNSHINE BEACH  QLD  4567
  description: Clearing Vegetation under planning scheme
  info_url: https://noo-web.t1cloud.com/T1PRDefault/WebApps/eProperty/P1/eTrack/eTrackApplicationDetails.aspx?r=P1.WEBGUEST&f=$P1.ETR.APPDET.VIW&ApplicationId=OPW19%2F0147
  date_scraped: '2019-05-15'
  date_received: '2019-06-25'
- council_reference: PC19/0623
  address: 553 Lake Macdonald Dr LAKE MACDONALD  QLD  4563
  description: Private Pool
  info_url: https://noo-web.t1cloud.com/T1PRDefault/WebApps/eProperty/P1/eTrack/eTrackApplicationDetails.aspx?r=P1.WEBGUEST&f=$P1.ETR.APPDET.VIW&ApplicationId=PC19%2F0623
  date_scraped: '2019-05-15'
  date_received: '2019-06-03'
- council_reference: PC19/0629
  address: 25 Silky Oak Lane KIN KIN  QLD  4571
  description: Alterations (internal)
  info_url: https://noo-web.t1cloud.com/T1PRDefault/WebApps/eProperty/P1/eTrack/eTrackApplicationDetails.aspx?r=P1.WEBGUEST&f=$P1.ETR.APPDET.VIW&ApplicationId=PC19%2F0629
  date_scraped: '2019-05-15'
  date_received: '2019-06-04'
- council_reference: PC19/0634
  address: 23 Eugarie St NOOSA HEADS  QLD  4567
  description: Carport
  info_url: https://noo-web.t1cloud.com/T1PRDefault/WebApps/eProperty/P1/eTrack/eTrackApplicationDetails.aspx?r=P1.WEBGUEST&f=$P1.ETR.APPDET.VIW&ApplicationId=PC19%2F0634
  date_scraped: '2019-05-15'
  date_received: '2019-06-03'
- council_reference: PC19/0641
  address: 355 Jampot Creek Rd COORAN  QLD  4569
  description: " "
  info_url: https://noo-web.t1cloud.com/T1PRDefault/WebApps/eProperty/P1/eTrack/eTrackApplicationDetails.aspx?r=P1.WEBGUEST&f=$P1.ETR.APPDET.VIW&ApplicationId=PC19%2F0641
  date_scraped: '2019-05-15'
  date_received: '2019-06-04'
- council_reference: PC19/0644
  address: 99 Outlook Dr TEWANTIN  QLD  4565
  description: Additions (enclosed), Alterations (internal)
  info_url: https://noo-web.t1cloud.com/T1PRDefault/WebApps/eProperty/P1/eTrack/eTrackApplicationDetails.aspx?r=P1.WEBGUEST&f=$P1.ETR.APPDET.VIW&ApplicationId=PC19%2F0644
  date_scraped: '2019-05-15'
  date_received: '2019-06-06'
- council_reference: PC19/0645
  address: 6 Fuller Ct NOOSAVILLE  QLD  4566
  description: Additions (enclosed), Carport, Patio / Covered Area (not enclosed)
  info_url: https://noo-web.t1cloud.com/T1PRDefault/WebApps/eProperty/P1/eTrack/eTrackApplicationDetails.aspx?r=P1.WEBGUEST&f=$P1.ETR.APPDET.VIW&ApplicationId=PC19%2F0645
  date_scraped: '2019-05-15'
  date_received: '2019-06-04'
- council_reference: PC19/0646
  address: 9 Red Ash Ct COOROY  QLD  4563
  description: Private Pool
  info_url: https://noo-web.t1cloud.com/T1PRDefault/WebApps/eProperty/P1/eTrack/eTrackApplicationDetails.aspx?r=P1.WEBGUEST&f=$P1.ETR.APPDET.VIW&ApplicationId=PC19%2F0646
  date_scraped: '2019-05-15'
  date_received: '2019-06-04'
- council_reference: PC19/0651
  address: 19 Trading Post Rd COOROY  QLD  4563
  description: Shed / Garage, Single Detached Dwelling
  info_url: https://noo-web.t1cloud.com/T1PRDefault/WebApps/eProperty/P1/eTrack/eTrackApplicationDetails.aspx?r=P1.WEBGUEST&f=$P1.ETR.APPDET.VIW&ApplicationId=PC19%2F0651
  date_scraped: '2019-05-15'
  date_received: '2019-06-05'
- council_reference: PC19/0652
  address: 19 Trading Post Rd COOROY  QLD  4563
  description: Shed / Garage, Single Detached Dwelling
  info_url: https://noo-web.t1cloud.com/T1PRDefault/WebApps/eProperty/P1/eTrack/eTrackApplicationDetails.aspx?r=P1.WEBGUEST&f=$P1.ETR.APPDET.VIW&ApplicationId=PC19%2F0652
  date_scraped: '2019-05-15'
  date_received: '2019-06-05'
- council_reference: PC19/0653
  address: 19 Trading Post Rd COOROY  QLD  4563
  description: Shed / Garage, Single Detached Dwelling
  info_url: https://noo-web.t1cloud.com/T1PRDefault/WebApps/eProperty/P1/eTrack/eTrackApplicationDetails.aspx?r=P1.WEBGUEST&f=$P1.ETR.APPDET.VIW&ApplicationId=PC19%2F0653
  date_scraped: '2019-05-15'
  date_received: '2019-06-05'
- council_reference: PC19/0654
  address: 19 Trading Post Rd COOROY  QLD  4563
  description: Shed / Garage, Single Detached Dwelling
  info_url: https://noo-web.t1cloud.com/T1PRDefault/WebApps/eProperty/P1/eTrack/eTrackApplicationDetails.aspx?r=P1.WEBGUEST&f=$P1.ETR.APPDET.VIW&ApplicationId=PC19%2F0654
  date_scraped: '2019-05-15'
  date_received: '2019-06-05'
- council_reference: PC19/0655
  address: 19 Trading Post Rd COOROY  QLD  4563
  description: Shed / Garage, Single Detached Dwelling
  info_url: https://noo-web.t1cloud.com/T1PRDefault/WebApps/eProperty/P1/eTrack/eTrackApplicationDetails.aspx?r=P1.WEBGUEST&f=$P1.ETR.APPDET.VIW&ApplicationId=PC19%2F0655
  date_scraped: '2019-05-15'
  date_received: '2019-06-05'
- council_reference: PC19/0656
  address: 19 Trading Post Rd COOROY  QLD  4563
  description: Shed / Garage, Single Detached Dwelling
  info_url: https://noo-web.t1cloud.com/T1PRDefault/WebApps/eProperty/P1/eTrack/eTrackApplicationDetails.aspx?r=P1.WEBGUEST&f=$P1.ETR.APPDET.VIW&ApplicationId=PC19%2F0656
  date_scraped: '2019-05-15'
  date_received: '2019-06-03'
- council_reference: PC19/0657
  address: 19 Trading Post Rd COOROY  QLD  4563
  description: Shed / Garage, Single Detached Dwelling
  info_url: https://noo-web.t1cloud.com/T1PRDefault/WebApps/eProperty/P1/eTrack/eTrackApplicationDetails.aspx?r=P1.WEBGUEST&f=$P1.ETR.APPDET.VIW&ApplicationId=PC19%2F0657
  date_scraped: '2019-05-15'
  date_received: '2019-06-05'
- council_reference: PC19/0658
  address: 19 Trading Post Rd COOROY  QLD  4563
  description: Shed / Garage, Single Detached Dwelling
  info_url: https://noo-web.t1cloud.com/T1PRDefault/WebApps/eProperty/P1/eTrack/eTrackApplicationDetails.aspx?r=P1.WEBGUEST&f=$P1.ETR.APPDET.VIW&ApplicationId=PC19%2F0658
  date_scraped: '2019-05-15'
  date_received: '2019-06-05'
- council_reference: PC19/0660
  address: 19 Trading Post Rd COOROY  QLD  4563
  description: Shed / Garage, Single Detached Dwelling
  info_url: https://noo-web.t1cloud.com/T1PRDefault/WebApps/eProperty/P1/eTrack/eTrackApplicationDetails.aspx?r=P1.WEBGUEST&f=$P1.ETR.APPDET.VIW&ApplicationId=PC19%2F0660
  date_scraped: '2019-05-15'
  date_received: '2019-06-05'
- council_reference: PC19/0661
  address: 10 Grosvenor Tce NOOSA HEADS  QLD  4567
  description: Carport
  info_url: https://noo-web.t1cloud.com/T1PRDefault/WebApps/eProperty/P1/eTrack/eTrackApplicationDetails.aspx?r=P1.WEBGUEST&f=$P1.ETR.APPDET.VIW&ApplicationId=PC19%2F0661
  date_scraped: '2019-05-15'
  date_received: '2019-06-07'
- council_reference: PC19/0668
  address: 27 Hill St SUNSHINE BEACH  QLD  4567
  description: Structure Demolished on Site
  info_url: https://noo-web.t1cloud.com/T1PRDefault/WebApps/eProperty/P1/eTrack/eTrackApplicationDetails.aspx?r=P1.WEBGUEST&f=$P1.ETR.APPDET.VIW&ApplicationId=PC19%2F0668
  date_scraped: '2019-05-15'
  date_received: '2019-06-04'
- council_reference: PC19/0669
  address: 12 Azolla Cir NOOSAVILLE  QLD  4566
  description: Additions (enclosed), Patio / Covered Area (not enclosed)
  info_url: https://noo-web.t1cloud.com/T1PRDefault/WebApps/eProperty/P1/eTrack/eTrackApplicationDetails.aspx?r=P1.WEBGUEST&f=$P1.ETR.APPDET.VIW&ApplicationId=PC19%2F0669
  date_scraped: '2019-05-15'
  date_received: '2019-06-05'
- council_reference: PC19/0670
  address: 19 Trading Post Rd COOROY  QLD  4563
  description: Shed / Garage, Single Detached Dwelling
  info_url: https://noo-web.t1cloud.com/T1PRDefault/WebApps/eProperty/P1/eTrack/eTrackApplicationDetails.aspx?r=P1.WEBGUEST&f=$P1.ETR.APPDET.VIW&ApplicationId=PC19%2F0670
  date_scraped: '2019-05-15'
  date_received: '2019-06-06'
- council_reference: PC19/0671
  address: 19 Trading Post Rd COOROY  QLD  4563
  description: Shed / Garage, Single Detached Dwelling
  info_url: https://noo-web.t1cloud.com/T1PRDefault/WebApps/eProperty/P1/eTrack/eTrackApplicationDetails.aspx?r=P1.WEBGUEST&f=$P1.ETR.APPDET.VIW&ApplicationId=PC19%2F0671
  date_scraped: '2019-05-15'
  date_received: '2019-06-06'
- council_reference: PC19/0672
  address: 19 Trading Post Rd COOROY  QLD  4563
  description: Shed / Garage, Single Detached Dwelling
  info_url: https://noo-web.t1cloud.com/T1PRDefault/WebApps/eProperty/P1/eTrack/eTrackApplicationDetails.aspx?r=P1.WEBGUEST&f=$P1.ETR.APPDET.VIW&ApplicationId=PC19%2F0672
  date_scraped: '2019-05-15'
  date_received: '2019-06-06'
- council_reference: PC19/0677
  address: 6 Podargus Pde PEREGIAN BEACH  QLD  4573
  description: Alterations (internal)
  info_url: https://noo-web.t1cloud.com/T1PRDefault/WebApps/eProperty/P1/eTrack/eTrackApplicationDetails.aspx?r=P1.WEBGUEST&f=$P1.ETR.APPDET.VIW&ApplicationId=PC19%2F0677
  date_scraped: '2019-05-15'
  date_received: '2019-06-06'
- council_reference: PC19/0679
  address: 22 Wyandra St NOOSA HEADS  QLD  4567
  description: Private Pool
  info_url: https://noo-web.t1cloud.com/T1PRDefault/WebApps/eProperty/P1/eTrack/eTrackApplicationDetails.aspx?r=P1.WEBGUEST&f=$P1.ETR.APPDET.VIW&ApplicationId=PC19%2F0679
  date_scraped: '2019-05-15'
  date_received: '2019-06-12'
- council_reference: PC19/0682
  address: 45 Eumundi Noosa Rd NOOSAVILLE  QLD  4566
  description: Additions (enclosed)
  info_url: https://noo-web.t1cloud.com/T1PRDefault/WebApps/eProperty/P1/eTrack/eTrackApplicationDetails.aspx?r=P1.WEBGUEST&f=$P1.ETR.APPDET.VIW&ApplicationId=PC19%2F0682
  date_scraped: '2019-05-15'
  date_received: '2019-06-05'
- council_reference: PC19/0684
  address: 41 Poinciana Ave TEWANTIN  QLD  4565
  description: Public Assembly Building Alterations
  info_url: https://noo-web.t1cloud.com/T1PRDefault/WebApps/eProperty/P1/eTrack/eTrackApplicationDetails.aspx?r=P1.WEBGUEST&f=$P1.ETR.APPDET.VIW&ApplicationId=PC19%2F0684
  date_scraped: '2019-05-15'
  date_received: '2019-06-10'
- council_reference: PC19/0687
  address: 31 Queen St COORAN  QLD  4569
  description: Alterations (internal)
  info_url: https://noo-web.t1cloud.com/T1PRDefault/WebApps/eProperty/P1/eTrack/eTrackApplicationDetails.aspx?r=P1.WEBGUEST&f=$P1.ETR.APPDET.VIW&ApplicationId=PC19%2F0687
  date_scraped: '2019-05-15'
  date_received: '2019-06-03'
- council_reference: PC19/0689
  address: 9 Livistona Dr DOONAN  QLD  4562
  description: Patio Classification as CL10a
  info_url: https://noo-web.t1cloud.com/T1PRDefault/WebApps/eProperty/P1/eTrack/eTrackApplicationDetails.aspx?r=P1.WEBGUEST&f=$P1.ETR.APPDET.VIW&ApplicationId=PC19%2F0689
  date_scraped: '2019-05-15'
  date_received: '2019-06-06'
- council_reference: PC19/0690
  address: 5 Ridgeway St SUNRISE BEACH  QLD  4567
  description: Alterations (internal)
  info_url: https://noo-web.t1cloud.com/T1PRDefault/WebApps/eProperty/P1/eTrack/eTrackApplicationDetails.aspx?r=P1.WEBGUEST&f=$P1.ETR.APPDET.VIW&ApplicationId=PC19%2F0690
  date_scraped: '2019-05-15'
  date_received: '2019-06-06'
- council_reference: PC19/0691
  address: 3 Maher Tce SUNSHINE BEACH  QLD  4567
  description: Additions (enclosed), Private Pool
  info_url: https://noo-web.t1cloud.com/T1PRDefault/WebApps/eProperty/P1/eTrack/eTrackApplicationDetails.aspx?r=P1.WEBGUEST&f=$P1.ETR.APPDET.VIW&ApplicationId=PC19%2F0691
  date_scraped: '2019-05-15'
  date_received: '2019-06-11'
- council_reference: PC19/0692
  address: 70 Callistemon Ct COOTHARABA  QLD  4565
  description: Shed / Garage
  info_url: https://noo-web.t1cloud.com/T1PRDefault/WebApps/eProperty/P1/eTrack/eTrackApplicationDetails.aspx?r=P1.WEBGUEST&f=$P1.ETR.APPDET.VIW&ApplicationId=PC19%2F0692
  date_scraped: '2019-05-15'
  date_received: '2019-06-04'
- council_reference: PC19/0695
  address: 31 Turpentine Rd RINGTAIL CREEK  QLD  4565
  description: Shed / Garage
  info_url: https://noo-web.t1cloud.com/T1PRDefault/WebApps/eProperty/P1/eTrack/eTrackApplicationDetails.aspx?r=P1.WEBGUEST&f=$P1.ETR.APPDET.VIW&ApplicationId=PC19%2F0695
  date_scraped: '2019-05-15'
  date_received: '2019-06-12'
- council_reference: PC19/0698
  address: 50 Moorindil St TEWANTIN  QLD  4565
  description: Structure Removed from Site
  info_url: https://noo-web.t1cloud.com/T1PRDefault/WebApps/eProperty/P1/eTrack/eTrackApplicationDetails.aspx?r=P1.WEBGUEST&f=$P1.ETR.APPDET.VIW&ApplicationId=PC19%2F0698
  date_scraped: '2019-05-15'
  date_received: '2019-06-13'
- council_reference: PC19/0700
  address: 24 Whale Dr SUNSHINE BEACH  QLD  4567
  description: Private Pool
  info_url: https://noo-web.t1cloud.com/T1PRDefault/WebApps/eProperty/P1/eTrack/eTrackApplicationDetails.aspx?r=P1.WEBGUEST&f=$P1.ETR.APPDET.VIW&ApplicationId=PC19%2F0700
  date_scraped: '2019-05-15'
  date_received: '2019-06-11'
- council_reference: PC19/0702
  address: 48-50 Lancaster Lane COOROIBAH  QLD  4565
  description: Shed / Garage
  info_url: https://noo-web.t1cloud.com/T1PRDefault/WebApps/eProperty/P1/eTrack/eTrackApplicationDetails.aspx?r=P1.WEBGUEST&f=$P1.ETR.APPDET.VIW&ApplicationId=PC19%2F0702
  date_scraped: '2019-05-15'
  date_received: '2019-06-13'
- council_reference: PC19/0707
  address: 58 Griffith Ave TEWANTIN  QLD  4565
  description: Shed / Garage
  info_url: https://noo-web.t1cloud.com/T1PRDefault/WebApps/eProperty/P1/eTrack/eTrackApplicationDetails.aspx?r=P1.WEBGUEST&f=$P1.ETR.APPDET.VIW&ApplicationId=PC19%2F0707
  date_scraped: '2019-05-15'
  date_received: '2019-06-05'
- council_reference: PC19/0708
  address: 203 Nandroya Rd COOROY  QLD  4563
  description: Carport
  info_url: https://noo-web.t1cloud.com/T1PRDefault/WebApps/eProperty/P1/eTrack/eTrackApplicationDetails.aspx?r=P1.WEBGUEST&f=$P1.ETR.APPDET.VIW&ApplicationId=PC19%2F0708
  date_scraped: '2019-05-15'
  date_received: '2019-06-17'
- council_reference: PC19/0711
  address: 8 Garnet St COOROY  QLD  4563
  description: Removal Dwelling
  info_url: https://noo-web.t1cloud.com/T1PRDefault/WebApps/eProperty/P1/eTrack/eTrackApplicationDetails.aspx?r=P1.WEBGUEST&f=$P1.ETR.APPDET.VIW&ApplicationId=PC19%2F0711
  date_scraped: '2019-05-15'
  date_received: '2019-06-06'
- council_reference: PC19/0714
  address: 106 Butler St TEWANTIN  QLD  4565
  description: Patio Classification as CL10a
  info_url: https://noo-web.t1cloud.com/T1PRDefault/WebApps/eProperty/P1/eTrack/eTrackApplicationDetails.aspx?r=P1.WEBGUEST&f=$P1.ETR.APPDET.VIW&ApplicationId=PC19%2F0714
  date_scraped: '2019-05-15'
  date_received: '2019-06-17'
- council_reference: PC19/0716
  address: 26 Doonella St TEWANTIN  QLD  4565
  description: Structure Demolished on Site
  info_url: https://noo-web.t1cloud.com/T1PRDefault/WebApps/eProperty/P1/eTrack/eTrackApplicationDetails.aspx?r=P1.WEBGUEST&f=$P1.ETR.APPDET.VIW&ApplicationId=PC19%2F0716
  date_scraped: '2019-05-15'
  date_received: '2019-06-18'
- council_reference: PC19/0718
  address: 14 Belmore Tce SUNSHINE BEACH  QLD  4567
  description: Additions (enclosed)
  info_url: https://noo-web.t1cloud.com/T1PRDefault/WebApps/eProperty/P1/eTrack/eTrackApplicationDetails.aspx?r=P1.WEBGUEST&f=$P1.ETR.APPDET.VIW&ApplicationId=PC19%2F0718
  date_scraped: '2019-05-15'
  date_received: '2019-06-13'
- council_reference: PC19/0721
  address: 251 Uhlmanns Rd FEDERAL  QLD  4568
  description: Shed / Garage
  info_url: https://noo-web.t1cloud.com/T1PRDefault/WebApps/eProperty/P1/eTrack/eTrackApplicationDetails.aspx?r=P1.WEBGUEST&f=$P1.ETR.APPDET.VIW&ApplicationId=PC19%2F0721
  date_scraped: '2019-05-15'
  date_received: '2019-06-06'
- council_reference: PC19/0723
  address: 6 Corella Ct TEWANTIN  QLD  4565
  description: Patio Classification as CL10a
  info_url: https://noo-web.t1cloud.com/T1PRDefault/WebApps/eProperty/P1/eTrack/eTrackApplicationDetails.aspx?r=P1.WEBGUEST&f=$P1.ETR.APPDET.VIW&ApplicationId=PC19%2F0723
  date_scraped: '2019-05-15'
  date_received: '2019-06-12'
- council_reference: RAB19/0119
  address: 10 Shields St TEWANTIN  QLD  4565
  description: Siting Provisions
  info_url: https://noo-web.t1cloud.com/T1PRDefault/WebApps/eProperty/P1/eTrack/eTrackApplicationDetails.aspx?r=P1.WEBGUEST&f=$P1.ETR.APPDET.VIW&ApplicationId=RAB19%2F0119
  date_scraped: '2019-05-15'
  date_received: '2019-06-04'
- council_reference: RAB19/0120
  address: 48 Mossman Ct NOOSA HEADS  QLD  4567
  description: Siting Provisions
  info_url: https://noo-web.t1cloud.com/T1PRDefault/WebApps/eProperty/P1/eTrack/eTrackApplicationDetails.aspx?r=P1.WEBGUEST&f=$P1.ETR.APPDET.VIW&ApplicationId=RAB19%2F0120
  date_scraped: '2019-05-15'
  date_received: '2019-06-04'
- council_reference: RAB19/0121
  address: 18 Delorme St NOOSA HEADS  QLD  4567
  description: Siting Provisions
  info_url: https://noo-web.t1cloud.com/T1PRDefault/WebApps/eProperty/P1/eTrack/eTrackApplicationDetails.aspx?r=P1.WEBGUEST&f=$P1.ETR.APPDET.VIW&ApplicationId=RAB19%2F0121
  date_scraped: '2019-05-15'
  date_received: '2019-06-05'
- council_reference: RAB19/0122
  address: 10 Hill St SUNSHINE BEACH  QLD  4567
  description: Assessment of Demolition Bond
  info_url: https://noo-web.t1cloud.com/T1PRDefault/WebApps/eProperty/P1/eTrack/eTrackApplicationDetails.aspx?r=P1.WEBGUEST&f=$P1.ETR.APPDET.VIW&ApplicationId=RAB19%2F0122
  date_scraped: '2019-05-15'
  date_received: '2019-06-06'
- council_reference: RAB19/0123
  address: 8 Garnet St COOROY  QLD  4563
  description: Assessment of Demolition Bond
  info_url: https://noo-web.t1cloud.com/T1PRDefault/WebApps/eProperty/P1/eTrack/eTrackApplicationDetails.aspx?r=P1.WEBGUEST&f=$P1.ETR.APPDET.VIW&ApplicationId=RAB19%2F0123
  date_scraped: '2019-05-15'
  date_received: '2019-06-07'
- council_reference: RAB19/0124
  address: 89 Ward St TEWANTIN  QLD  4565
  description: Siting Provisions
  info_url: https://noo-web.t1cloud.com/T1PRDefault/WebApps/eProperty/P1/eTrack/eTrackApplicationDetails.aspx?r=P1.WEBGUEST&f=$P1.ETR.APPDET.VIW&ApplicationId=RAB19%2F0124
  date_scraped: '2019-05-15'
  date_received: '2019-06-10'
- council_reference: RAB19/0125
  address: 19 Bartholomew Ct COOROY  QLD  4563
  description: Siting Provisions
  info_url: https://noo-web.t1cloud.com/T1PRDefault/WebApps/eProperty/P1/eTrack/eTrackApplicationDetails.aspx?r=P1.WEBGUEST&f=$P1.ETR.APPDET.VIW&ApplicationId=RAB19%2F0125
  date_scraped: '2019-05-15'
  date_received: '2019-06-12'
- council_reference: RAB19/0126
  address: 4 Broadreach Ct NOOSAVILLE  QLD  4566
  description: Siting Provisions
  info_url: https://noo-web.t1cloud.com/T1PRDefault/WebApps/eProperty/P1/eTrack/eTrackApplicationDetails.aspx?r=P1.WEBGUEST&f=$P1.ETR.APPDET.VIW&ApplicationId=RAB19%2F0126
  date_scraped: '2019-05-15'
  date_received: '2019-06-12'
- council_reference: RAB19/0127
  address: 1 Bartholomew Ct COOROY  QLD  4563
  description: Siting Provisions
  info_url: https://noo-web.t1cloud.com/T1PRDefault/WebApps/eProperty/P1/eTrack/eTrackApplicationDetails.aspx?r=P1.WEBGUEST&f=$P1.ETR.APPDET.VIW&ApplicationId=RAB19%2F0127
  date_scraped: '2019-05-15'
  date_received: '2019-06-12'
- council_reference: RAB19/0128
  address: 11-13 Butler St TEWANTIN  QLD  4565
  description: Siting Provisions
  info_url: https://noo-web.t1cloud.com/T1PRDefault/WebApps/eProperty/P1/eTrack/eTrackApplicationDetails.aspx?r=P1.WEBGUEST&f=$P1.ETR.APPDET.VIW&ApplicationId=RAB19%2F0128
  date_scraped: '2019-05-15'
  date_received: '2019-06-14'
- council_reference: RAB19/0129
  address: 18 Oceania Cres SUNSHINE BEACH  QLD  4567
  description: Siting Provisions
  info_url: https://noo-web.t1cloud.com/T1PRDefault/WebApps/eProperty/P1/eTrack/eTrackApplicationDetails.aspx?r=P1.WEBGUEST&f=$P1.ETR.APPDET.VIW&ApplicationId=RAB19%2F0129
  date_scraped: '2019-05-15'
  date_received: '2019-06-18'
- council_reference: RAB19/0130
  address: 34 Allambi Tce NOOSA HEADS  QLD  4567
  description: Assessment of Demolition Bond
  info_url: https://noo-web.t1cloud.com/T1PRDefault/WebApps/eProperty/P1/eTrack/eTrackApplicationDetails.aspx?r=P1.WEBGUEST&f=$P1.ETR.APPDET.VIW&ApplicationId=RAB19%2F0130
  date_scraped: '2019-05-15'
  date_received: '2019-06-18'
- council_reference: RAB19/0131
  address: 35 Cullinane St TEWANTIN  QLD  4565
  description: Siting Provisions
  info_url: https://noo-web.t1cloud.com/T1PRDefault/WebApps/eProperty/P1/eTrack/eTrackApplicationDetails.aspx?r=P1.WEBGUEST&f=$P1.ETR.APPDET.VIW&ApplicationId=RAB19%2F0131
  date_scraped: '2019-05-15'
  date_received: '2019-06-19'
- council_reference: RAB19/0132
  address: 7 Boreen Pde BOREEN POINT  QLD  4565
  description: Siting Provisions
  info_url: https://noo-web.t1cloud.com/T1PRDefault/WebApps/eProperty/P1/eTrack/eTrackApplicationDetails.aspx?r=P1.WEBGUEST&f=$P1.ETR.APPDET.VIW&ApplicationId=RAB19%2F0132
  date_scraped: '2019-05-15'
  date_received: '2019-06-19'
- council_reference: RAB19/0133
  address: 11 Bartholomew Ct COOROY  QLD  4563
  description: Siting Provisions
  info_url: https://noo-web.t1cloud.com/T1PRDefault/WebApps/eProperty/P1/eTrack/eTrackApplicationDetails.aspx?r=P1.WEBGUEST&f=$P1.ETR.APPDET.VIW&ApplicationId=RAB19%2F0133
  date_scraped: '2019-05-15'
  date_received: '2019-06-20'
- council_reference: RAB19/0134
  address: 22 Arakoon Cres SUNSHINE BEACH  QLD  4567
  description: Assessment of Demolition Bond
  info_url: https://noo-web.t1cloud.com/T1PRDefault/WebApps/eProperty/P1/eTrack/eTrackApplicationDetails.aspx?r=P1.WEBGUEST&f=$P1.ETR.APPDET.VIW&ApplicationId=RAB19%2F0134
  date_scraped: '2019-05-15'
  date_received: '2019-06-21'
- council_reference: RAB19/0135
  address: 239 Weyba Rd NOOSAVILLE  QLD  4566
  description: Assessment of Demolition Bond
  info_url: https://noo-web.t1cloud.com/T1PRDefault/WebApps/eProperty/P1/eTrack/eTrackApplicationDetails.aspx?r=P1.WEBGUEST&f=$P1.ETR.APPDET.VIW&ApplicationId=RAB19%2F0135
  date_scraped: '2019-05-15'
  date_received: '2019-06-24'
- council_reference: RAB19/0136
  address: 23 Bartholomew Ct COOROY  QLD  4563
  description: Siting Provisions
  info_url: https://noo-web.t1cloud.com/T1PRDefault/WebApps/eProperty/P1/eTrack/eTrackApplicationDetails.aspx?r=P1.WEBGUEST&f=$P1.ETR.APPDET.VIW&ApplicationId=RAB19%2F0136
  date_scraped: '2019-05-15'
  date_received: '2019-06-21'
- council_reference: RAB19/0137
  address: 7 Thompson Cres TEWANTIN  QLD  4565
  description: Siting Provisions
  info_url: https://noo-web.t1cloud.com/T1PRDefault/WebApps/eProperty/P1/eTrack/eTrackApplicationDetails.aspx?r=P1.WEBGUEST&f=$P1.ETR.APPDET.VIW&ApplicationId=RAB19%2F0137
  date_scraped: '2019-05-15'
  date_received: '2019-06-24'
- council_reference: RAL19/0015
  address: 768 Pomona Kin Kin Rd KIN KIN  QLD  4571
  description: Boundary Realignment
  info_url: https://noo-web.t1cloud.com/T1PRDefault/WebApps/eProperty/P1/eTrack/eTrackApplicationDetails.aspx?r=P1.WEBGUEST&f=$P1.ETR.APPDET.VIW&ApplicationId=RAL19%2F0015
  date_scraped: '2019-05-15'
  date_received: '2019-06-11'
- council_reference: RAP18/0055.01
  address: 7 Kiamba Ct SUNSHINE BEACH  QLD  4567
  description: Minor Change to Approval
  info_url: https://noo-web.t1cloud.com/T1PRDefault/WebApps/eProperty/P1/eTrack/eTrackApplicationDetails.aspx?r=P1.WEBGUEST&f=$P1.ETR.APPDET.VIW&ApplicationId=RAP18%2F0055.01
  date_scraped: '2019-05-15'
  date_received: '2019-06-06'
- council_reference: RAP19/0017
  address: Bayview Woods 1/1-7 Bayview Rd NOOSA HEADS  QLD  4567
  description: Detached House
  info_url: https://noo-web.t1cloud.com/T1PRDefault/WebApps/eProperty/P1/eTrack/eTrackApplicationDetails.aspx?r=P1.WEBGUEST&f=$P1.ETR.APPDET.VIW&ApplicationId=RAP19%2F0017
  date_scraped: '2019-05-15'
  date_received: '2019-06-06'
- council_reference: RAP19/0018
  address: 67 Butler St TEWANTIN  QLD  4565
  description: Secondary Dwelling
  info_url: https://noo-web.t1cloud.com/T1PRDefault/WebApps/eProperty/P1/eTrack/eTrackApplicationDetails.aspx?r=P1.WEBGUEST&f=$P1.ETR.APPDET.VIW&ApplicationId=RAP19%2F0018
  date_scraped: '2019-05-15'
  date_received: '2019-06-11'
- council_reference: RAP19/0019
  address: 65 Butler St TEWANTIN  QLD  4565
  description: Secondary Dwelling
  info_url: https://noo-web.t1cloud.com/T1PRDefault/WebApps/eProperty/P1/eTrack/eTrackApplicationDetails.aspx?r=P1.WEBGUEST&f=$P1.ETR.APPDET.VIW&ApplicationId=RAP19%2F0019
  date_scraped: '2019-05-15'
  date_received: '2019-06-11'
- council_reference: RAP19/0020
  address: 20 Allambi Tce NOOSA HEADS  QLD  4567
  description: Detached House
  info_url: https://noo-web.t1cloud.com/T1PRDefault/WebApps/eProperty/P1/eTrack/eTrackApplicationDetails.aspx?r=P1.WEBGUEST&f=$P1.ETR.APPDET.VIW&ApplicationId=RAP19%2F0020
  date_scraped: '2019-05-15'
  date_received: '2019-06-18'
- council_reference: REC17/0002.02
  address: 48 Elizabeth St NOOSAVILLE  QLD  4566
  description: Extension to Currency Period
  info_url: https://noo-web.t1cloud.com/T1PRDefault/WebApps/eProperty/P1/eTrack/eTrackApplicationDetails.aspx?r=P1.WEBGUEST&f=$P1.ETR.APPDET.VIW&ApplicationId=REC17%2F0002.02
  date_scraped: '2019-05-15'
  date_received: '2019-06-21'
