---
- council_reference: BLD\16555
  address: 241 Amiens Road BROADWATER QLD 4380
  description: Building Works - Private Certification - Dwelling Extension - 241 Amiens
    Road, Broadwater - Lot 1 RP155489
  info_url: https://onlineservices.sdrc.qld.gov.au/eProperty/P1/eTrack/eTrackApplicationDetails.aspx?ApplicationId=BLD%5C%5C16555&f=%24P1.ETR.APPDET.VIW&r=P1.WEBGUEST
  date_scraped: '2019-05-15'
  date_received: '2019-07-02'
- council_reference: BLD\16556
  address: 184 Caves Road STANTHORPE QLD 4380
  description: Building Works - Private Certification - Patio - 184 Caves Road, Stanthorpe
    - Lot 40 RP31831
  info_url: https://onlineservices.sdrc.qld.gov.au/eProperty/P1/eTrack/eTrackApplicationDetails.aspx?ApplicationId=BLD%5C%5C16556&f=%24P1.ETR.APPDET.VIW&r=P1.WEBGUEST
  date_scraped: '2019-05-15'
  date_received: '2019-07-03'
- council_reference: BLD\16557
  address: 43 Pfrunder Road POZIERES QLD 4352
  description: Building Works - Private Certification - New Dwelling - 43 Pfrunder
    Road, Pozieres - Lot 396 BNT1332
  info_url: https://onlineservices.sdrc.qld.gov.au/eProperty/P1/eTrack/eTrackApplicationDetails.aspx?ApplicationId=BLD%5C%5C16557&f=%24P1.ETR.APPDET.VIW&r=P1.WEBGUEST
  date_scraped: '2019-05-15'
  date_received: '2019-07-03'
- council_reference: BLD\16558
  address: 3 Thorpe Street STANTHORPE QLD 4380
  description: Building Works - Private Certification - Replacement of Roof Cladding
    - 3 Thorpe Street, Stanthorpe - Lot 2 RP69226
  info_url: https://onlineservices.sdrc.qld.gov.au/eProperty/P1/eTrack/eTrackApplicationDetails.aspx?ApplicationId=BLD%5C%5C16558&f=%24P1.ETR.APPDET.VIW&r=P1.WEBGUEST
  date_scraped: '2019-05-15'
  date_received: '2019-07-03'
- council_reference: BLD\16559
  address: Fifth Avenue MORGAN PARK QLD 4370
  description: Building Works - Private Certification - Warehouse Extension - Kenilworth
    Street, Morgan Park - Lots 18-21 SP218449
  info_url: https://onlineservices.sdrc.qld.gov.au/eProperty/P1/eTrack/eTrackApplicationDetails.aspx?ApplicationId=BLD%5C%5C16559&f=%24P1.ETR.APPDET.VIW&r=P1.WEBGUEST
  date_scraped: '2019-05-15'
  date_received: '2019-07-03'
- council_reference: BLD\16560
  address: 5 Mountain View Road KILLARNEY QLD 4373
  description: Building Works new application (Council Certified) - House Renovations
    - 5 Mountain View Road Killarney - Lot 22 SP308482
  info_url: https://onlineservices.sdrc.qld.gov.au/eProperty/P1/eTrack/eTrackApplicationDetails.aspx?ApplicationId=BLD%5C%5C16560&f=%24P1.ETR.APPDET.VIW&r=P1.WEBGUEST
  date_scraped: '2019-05-15'
  date_received: '2019-07-04'
- council_reference: BLD\16561
  address: 1535 Amiens Road AMIENS QLD 4380
  description: Building Works new application (Council Certified) - Change of Classification
    1A to 1B - 1535 Amiens Road, Amiens - Lot162 BNT521
  info_url: https://onlineservices.sdrc.qld.gov.au/eProperty/P1/eTrack/eTrackApplicationDetails.aspx?ApplicationId=BLD%5C%5C16561&f=%24P1.ETR.APPDET.VIW&r=P1.WEBGUEST
  date_scraped: '2019-05-15'
  date_received: '2019-07-04'
- council_reference: BLD\16562
  address: Wilmot Lane THE SUMMIT QLD 4377
  description: Building Works new application (Council Certified) - covered outdoor
    area - Lot 15 Wilmot Lane Stanthorpe - Lot 15 on SP196579
  info_url: https://onlineservices.sdrc.qld.gov.au/eProperty/P1/eTrack/eTrackApplicationDetails.aspx?ApplicationId=BLD%5C%5C16562&f=%24P1.ETR.APPDET.VIW&r=P1.WEBGUEST
  date_scraped: '2019-05-15'
  date_received: '2019-07-08'
- council_reference: BLD\16563
  address: 43 Hoeys Road SPRING CREEK QLD 4361
  description: Building Works - Private Certification - Alterations to dwelling -
    43 Hoeys Road Spring Creek Qld 4361 - L286 M34729
  info_url: https://onlineservices.sdrc.qld.gov.au/eProperty/P1/eTrack/eTrackApplicationDetails.aspx?ApplicationId=BLD%5C%5C16563&f=%24P1.ETR.APPDET.VIW&r=P1.WEBGUEST
  date_scraped: '2019-05-15'
  date_received: '2019-07-09'
- council_reference: BLD\16564
  address: 5 Moncrieffe Street WARWICK QLD 4370
  description: Building Works - Private Certification - Garage - 5 Moncrieffe Street,
    Warwick - Lot 11 RP223431
  info_url: https://onlineservices.sdrc.qld.gov.au/eProperty/P1/eTrack/eTrackApplicationDetails.aspx?ApplicationId=BLD%5C%5C16564&f=%24P1.ETR.APPDET.VIW&r=P1.WEBGUEST
  date_scraped: '2019-05-15'
  date_received: '2019-07-10'
- council_reference: BLD\16565
  address: 21 Leslie Street HENDON QLD 4362
  description: Building Works - Private Certification - Garage/Carport - L68 Gladfield
    St, Hendon (21 Leslie St, Hendon) - Lot 68 H701
  info_url: https://onlineservices.sdrc.qld.gov.au/eProperty/P1/eTrack/eTrackApplicationDetails.aspx?ApplicationId=BLD%5C%5C16565&f=%24P1.ETR.APPDET.VIW&r=P1.WEBGUEST
  date_scraped: '2019-05-15'
  date_received: '2019-07-10'
- council_reference: BLD\16566
  address: 14-16 Henry Evans Drive ROSEHILL QLD 4370
  description: Building Works - Private Certification - Carport - 14-16 Henry Evans
    Rd, Rosehill - Lot 4 RP862162
  info_url: https://onlineservices.sdrc.qld.gov.au/eProperty/P1/eTrack/eTrackApplicationDetails.aspx?ApplicationId=BLD%5C%5C16566&f=%24P1.ETR.APPDET.VIW&r=P1.WEBGUEST
  date_scraped: '2019-05-15'
  date_received: '2019-07-10'
- council_reference: BLD\16567
  address: 33 Homestead Road ROSENTHAL HEIGHTS QLD 4370
  description: Building Works - Private Certification - Garage/Carport - 33 Homestead
    Road, Rosenthal Heights - Lot 1 RP202127
  info_url: https://onlineservices.sdrc.qld.gov.au/eProperty/P1/eTrack/eTrackApplicationDetails.aspx?ApplicationId=BLD%5C%5C16567&f=%24P1.ETR.APPDET.VIW&r=P1.WEBGUEST
  date_scraped: '2019-05-15'
  date_received: '2019-07-10'
- council_reference: BLD\16568
  address: 541 Dalcouth Road KYOOMBA QLD 4380
  description: Building Works - Private Certification - Garage/Carport - 541 Dalcouth
    Road, Kyoomba - Lot 2 RP58939
  info_url: https://onlineservices.sdrc.qld.gov.au/eProperty/P1/eTrack/eTrackApplicationDetails.aspx?ApplicationId=BLD%5C%5C16568&f=%24P1.ETR.APPDET.VIW&r=P1.WEBGUEST
  date_scraped: '2019-05-15'
  date_received: '2019-07-10'
- council_reference: BLD\16569
  address: 20 Lakeview Avenue ROSENTHAL HEIGHTS QLD 4370
  description: Building Works - Private Certification - One Storey New Dwelling, Garage
    & Alfresco Area - 20 Lakeview Ave, ROSENTHAL HEIGHTS - L35 SP249604
  info_url: https://onlineservices.sdrc.qld.gov.au/eProperty/P1/eTrack/eTrackApplicationDetails.aspx?ApplicationId=BLD%5C%5C16569&f=%24P1.ETR.APPDET.VIW&r=P1.WEBGUEST
  date_scraped: '2019-05-15'
  date_received: '2019-07-10'
- council_reference: BLD\16570
  address: 234 Limberlost Road FLETCHER QLD 4381
  description: Building Works new application (Council Certified) - new shed - 234
    Limberlost Rd Fletcher - Lot 2 RP193896
  info_url: https://onlineservices.sdrc.qld.gov.au/eProperty/P1/eTrack/eTrackApplicationDetails.aspx?ApplicationId=BLD%5C%5C16570&f=%24P1.ETR.APPDET.VIW&r=P1.WEBGUEST
  date_scraped: '2019-05-15'
  date_received: '2019-07-11'
- council_reference: BLD\16571
  address: 71 Bridge Street STANTHORPE QLD 4380
  description: Building Works new application (Council Certified) - New Dwelling -
    71 Bridge Street, Stanthorpe - Lot 109 SP310897
  info_url: https://onlineservices.sdrc.qld.gov.au/eProperty/P1/eTrack/eTrackApplicationDetails.aspx?ApplicationId=BLD%5C%5C16571&f=%24P1.ETR.APPDET.VIW&r=P1.WEBGUEST
  date_scraped: '2019-05-15'
  date_received: '2019-07-12'
- council_reference: BLD\16572
  address: Ghost Gate Road BERAT QLD 4362
  description: Building Works - Private Certification - New Dwelling (Including roofed
    alfresco) - Lot 188 Ghost Road, Berat, QLD - Lot188\SP296594
  info_url: https://onlineservices.sdrc.qld.gov.au/eProperty/P1/eTrack/eTrackApplicationDetails.aspx?ApplicationId=BLD%5C%5C16572&f=%24P1.ETR.APPDET.VIW&r=P1.WEBGUEST
  date_scraped: '2019-05-15'
  date_received: '2019-07-12'
- council_reference: BLD\16573
  address: 25 Curtain Avenue MURRAYS BRIDGE QLD 4370
  description: Building Works - Private Certification - Addition to Cottage- Mud Room
    - 25 Curtain Avenue, Murrays Bridge QLD - LOT 7\SP125455
  info_url: https://onlineservices.sdrc.qld.gov.au/eProperty/P1/eTrack/eTrackApplicationDetails.aspx?ApplicationId=BLD%5C%5C16573&f=%24P1.ETR.APPDET.VIW&r=P1.WEBGUEST
  date_scraped: '2019-05-15'
  date_received: '2019-07-12'
- council_reference: BLD\16574
  address: 11 White Street PRATTEN QLD 4370
  description: Building Works - Private Certification- Completion of existing expired
    approval from dwelling (Including verandahs) - 11 White Street, Pratten QLD -
    Lot63\P12714
  info_url: https://onlineservices.sdrc.qld.gov.au/eProperty/P1/eTrack/eTrackApplicationDetails.aspx?ApplicationId=BLD%5C%5C16574&f=%24P1.ETR.APPDET.VIW&r=P1.WEBGUEST
  date_scraped: '2019-05-15'
  date_received: '2019-07-12'
- council_reference: BLD\16575
  address: 22-22a Condavale Drive ROSENTHAL HEIGHTS QLD 4370
  description: Building Works - Private Certification - Addition to Dwelling- Recreation
    Room - 22 Condavale Drive, Rosenthal Heights, QLD - Lot 2\SP260979
  info_url: https://onlineservices.sdrc.qld.gov.au/eProperty/P1/eTrack/eTrackApplicationDetails.aspx?ApplicationId=BLD%5C%5C16575&f=%24P1.ETR.APPDET.VIW&r=P1.WEBGUEST
  date_scraped: '2019-05-15'
  date_received: '2019-07-12'
- council_reference: BLD\16576
  address: 77 Law Road WARWICK QLD 4370
  description: Building Works - Private Certification - New Carport - 77 Law Road,
    Warwick QLD - Lot1\RP228000
  info_url: https://onlineservices.sdrc.qld.gov.au/eProperty/P1/eTrack/eTrackApplicationDetails.aspx?ApplicationId=BLD%5C%5C16576&f=%24P1.ETR.APPDET.VIW&r=P1.WEBGUEST
  date_scraped: '2019-05-15'
  date_received: '2019-07-12'
- council_reference: BLD\16577
  address: Donald Street LEYBURN QLD 4365
  description: Building Works - Private Certification- 2 Shipping Containers (Storage)
    and New Ablution Block- Lot 2 Donald Street, Leyburn QLD - Lot\RP156979
  info_url: https://onlineservices.sdrc.qld.gov.au/eProperty/P1/eTrack/eTrackApplicationDetails.aspx?ApplicationId=BLD%5C%5C16577&f=%24P1.ETR.APPDET.VIW&r=P1.WEBGUEST
  date_scraped: '2019-05-15'
  date_received: '2019-07-15'
- council_reference: BLD\16579
  address: 81 Palmerin Street WARWICK QLD 4370
  description: Building Works - Private Certification - tsg Lotto Express - T10 Fit
    Out - Unit 10, 81 Palmerin St, Warwick - Lot 60 SP305432
  info_url: https://onlineservices.sdrc.qld.gov.au/eProperty/P1/eTrack/eTrackApplicationDetails.aspx?ApplicationId=BLD%5C%5C16579&f=%24P1.ETR.APPDET.VIW&r=P1.WEBGUEST
  date_scraped: '2019-05-15'
  date_received: '2019-07-19'
- council_reference: BLD\16580
  address: Glen Road ROSENTHAL HEIGHTS QLD 4370
  description: Building Works - Private Certification - New Dwelling - Glen Road,
    Rosenthal Heights - Lot 616 M341327
  info_url: https://onlineservices.sdrc.qld.gov.au/eProperty/P1/eTrack/eTrackApplicationDetails.aspx?ApplicationId=BLD%5C%5C16580&f=%24P1.ETR.APPDET.VIW&r=P1.WEBGUEST
  date_scraped: '2019-05-15'
  date_received: '2019-07-19'
- council_reference: BLD\16581
  address: 7 Church Road THE SUMMIT QLD 4377
  description: Building Works - Private Certification - New Dwelling (Incl. Alfresco)
    & New Private Shed - 7 Church Road, The Summit - Lot 2 RP888655
  info_url: https://onlineservices.sdrc.qld.gov.au/eProperty/P1/eTrack/eTrackApplicationDetails.aspx?ApplicationId=BLD%5C%5C16581&f=%24P1.ETR.APPDET.VIW&r=P1.WEBGUEST
  date_scraped: '2019-05-15'
  date_received: '2019-07-22'
- council_reference: BLD\16582
  address: 247 Lode Creek Road SUGARLOAF QLD 4380
  description: Building Works new application (Council Certified) - Farm shed - 247
    Lode Creek Road Sugarloaf - Lot 1 MPH26092
  info_url: https://onlineservices.sdrc.qld.gov.au/eProperty/P1/eTrack/eTrackApplicationDetails.aspx?ApplicationId=BLD%5C%5C16582&f=%24P1.ETR.APPDET.VIW&r=P1.WEBGUEST
  date_scraped: '2019-05-15'
  date_received: '2019-07-24'
- council_reference: BLD\16583
  address: Tummaville Road LEYBURN QLD 4365
  description: Building Works new application (Council Certified) - House Addition
    by Breezeway - Tummaville Road, Leyburn - Lot 18 L187
  info_url: https://onlineservices.sdrc.qld.gov.au/eProperty/P1/eTrack/eTrackApplicationDetails.aspx?ApplicationId=BLD%5C%5C16583&f=%24P1.ETR.APPDET.VIW&r=P1.WEBGUEST
  date_scraped: '2019-05-15'
  date_received: '2019-07-24'
- council_reference: BLD\16584
  address: 34 Wallaces Road GOOMBURRA QLD 4362
  description: Building Works - Private Certification - Re-Roofing Main House Dwelling
    - 34 Wallaces Road Goomburra - Lot 171 ML44
  info_url: https://onlineservices.sdrc.qld.gov.au/eProperty/P1/eTrack/eTrackApplicationDetails.aspx?ApplicationId=BLD%5C%5C16584&f=%24P1.ETR.APPDET.VIW&r=P1.WEBGUEST
  date_scraped: '2019-05-15'
  date_received: '2019-07-24'
- council_reference: BLD\16585
  address: 64 Tunnel Road DALVEEN QLD 4374
  description: Building Works new application (Council Certified) - New Shed - 64
    Tunnel Road Dalveen - lot 1 on RP75760
  info_url: https://onlineservices.sdrc.qld.gov.au/eProperty/P1/eTrack/eTrackApplicationDetails.aspx?ApplicationId=BLD%5C%5C16585&f=%24P1.ETR.APPDET.VIW&r=P1.WEBGUEST
  date_scraped: '2019-05-15'
  date_received: '2019-07-25'
- council_reference: MCU\00939.01
  address: 116 Tudor Valley Road ALLORA QLD 4362
  description: Extension application under section 86 of the Planning Act 2016 for
    Intensive Animal Use - Cattle Feedlot 999 SCU and ERA No. 2 (b) Intensive Animal
    Feedlotting - more than 150 to 1000 SCU
  info_url: https://onlineservices.sdrc.qld.gov.au/eProperty/P1/eTrack/eTrackApplicationDetails.aspx?ApplicationId=MCU%5C%5C00939.01&f=%24P1.ETR.APPDET.VIW&r=P1.WEBGUEST
  date_scraped: '2019-05-15'
  date_received: '2019-07-05'
- council_reference: MCU\01204.01
  address: 6 Labatt Street WARWICK QLD 4370
  description: Extension application under section 86 of the Planning Act 2016 - Residential
    Use - Multiple Dwelling Units (6 units);;Building Format Plan with Land (6 lots
    plus Common Property) - 36 months
  info_url: https://onlineservices.sdrc.qld.gov.au/eProperty/P1/eTrack/eTrackApplicationDetails.aspx?ApplicationId=MCU%5C%5C01204.01&f=%24P1.ETR.APPDET.VIW&r=P1.WEBGUEST
  date_scraped: '2019-05-15'
  date_received: '2019-07-08'
- council_reference: MCU\01645.01
  address: 1003 Condamine River Road THE FALLS QLD 4373
  description: Extension application under section 86 of the Planning Act 2016 - Dwelling
    House, Lot 1810 SP135585, 1003 Condamine River Road, The Falls
  info_url: https://onlineservices.sdrc.qld.gov.au/eProperty/P1/eTrack/eTrackApplicationDetails.aspx?ApplicationId=MCU%5C%5C01645.01&f=%24P1.ETR.APPDET.VIW&r=P1.WEBGUEST
  date_scraped: '2019-05-15'
  date_received: '2019-07-25'
- council_reference: MCU\02085
  address: 91 Cameron Road STANTHORPE QLD 4380
  description: Dwelling house (not in accordance with building setbacks) - 91 Cameron
    Road, Stanthorpe - Lot 6 RP197769
  info_url: https://onlineservices.sdrc.qld.gov.au/eProperty/P1/eTrack/eTrackApplicationDetails.aspx?ApplicationId=MCU%5C%5C02085&f=%24P1.ETR.APPDET.VIW&r=P1.WEBGUEST
  date_scraped: '2019-05-15'
  date_received: '2019-07-11'
- council_reference: OPW\000149
  address: 6 Labatt Street WARWICK QLD 4370
  description: Operational Works - Undertaken works in/on/over/under premises (Earthworks,
    Roadworks, Water infrastructure, Sewerage infrastructure and Stormwater drainage
    associated with MCU\01204 and RC\01243) - 6 Labatt Street, Warwick - Lot 3 SP212339
  info_url: https://onlineservices.sdrc.qld.gov.au/eProperty/P1/eTrack/eTrackApplicationDetails.aspx?ApplicationId=OPW%5C%5C000149&f=%24P1.ETR.APPDET.VIW&r=P1.WEBGUEST
  date_scraped: '2019-05-15'
  date_received: '2019-07-08'
- council_reference: OPW\000150
  address: Curmac Street MARYVALE QLD 4370
  description: Operational Works - Undertaken works in/on/over/under premises (Access,
    roadwork and associated stormwater drainage to Lot 8 M58410 - Curmac Street, Maryvale)
  info_url: https://onlineservices.sdrc.qld.gov.au/eProperty/P1/eTrack/eTrackApplicationDetails.aspx?ApplicationId=OPW%5C%5C000150&f=%24P1.ETR.APPDET.VIW&r=P1.WEBGUEST
  date_scraped: '2019-05-15'
  date_received: '2019-07-16'
- council_reference: RC\01546.01
  address: 17 Harris Street STANTHORPE QLD 4380
  description: Extension application under sect 86 of Planning Act 2016 - Subdivision
    of two lots into four lots - 17 Harris Street, Stanthorpe - Lots 5, 6 and Common
    Property SP228618
  info_url: https://onlineservices.sdrc.qld.gov.au/eProperty/P1/eTrack/eTrackApplicationDetails.aspx?ApplicationId=RC%5C%5C01546.01&f=%24P1.ETR.APPDET.VIW&r=P1.WEBGUEST
  date_scraped: '2019-05-15'
  date_received: '2019-07-22'
- council_reference: RC\01728.01
  address: 2A Ailanthus Street KILLARNEY QLD 4373
  description: Minor Change to Realignment of boundaries (Three lots) - 2A Alianthus
    Street, Killarney - Lot 2 RP84292, Lot 2 RP98785 and Lot 1 RP80246
  info_url: https://onlineservices.sdrc.qld.gov.au/eProperty/P1/eTrack/eTrackApplicationDetails.aspx?ApplicationId=RC%5C%5C01728.01&f=%24P1.ETR.APPDET.VIW&r=P1.WEBGUEST
  date_scraped: '2019-05-15'
  date_received: '2019-07-26'
- council_reference: RC\01777
  address: 67 Womina - Willowvale Road WOMINA QLD 4370
  description: Realignment of boundaries (2 lots) - 67 Womina-Willowvale Road, Womina
    - Lot 680 CP841722 and Lot 638 D361329 (Refer to original application - SEE RC\01746)
  info_url: https://onlineservices.sdrc.qld.gov.au/eProperty/P1/eTrack/eTrackApplicationDetails.aspx?ApplicationId=RC%5C%5C01777&f=%24P1.ETR.APPDET.VIW&r=P1.WEBGUEST
  date_scraped: '2019-05-15'
  date_received: '2019-07-23'
- council_reference: RC\01778
  address: Hoffmans Road THE FALLS QLD 4373
  description: Realignment of boundaries (Two lots), Lot 2361 M34989 & Lot 88 M341193,
    Hoffmans Road, the Falls
  info_url: https://onlineservices.sdrc.qld.gov.au/eProperty/P1/eTrack/eTrackApplicationDetails.aspx?ApplicationId=RC%5C%5C01778&f=%24P1.ETR.APPDET.VIW&r=P1.WEBGUEST
  date_scraped: '2019-05-15'
  date_received: '2019-07-24'
- council_reference: RC\01779
  address: 1246 Rabbit Fence Road DALVEEN QLD 4374
  description: Realignment of boundaries (2 lots into 2 lots) - Lot 820 M34381 and
    Lot 1122 M34512 - Rabbit Fence Road, Pozieres
  info_url: https://onlineservices.sdrc.qld.gov.au/eProperty/P1/eTrack/eTrackApplicationDetails.aspx?ApplicationId=RC%5C%5C01779&f=%24P1.ETR.APPDET.VIW&r=P1.WEBGUEST
  date_scraped: '2019-05-15'
  date_received: '2019-07-25'
- council_reference: RC\01780
  address: 110 Spring Creek Road GREENLANDS QLD 4380
  description: Realignment of boundaries (2 lots into 2 lots) - 62 and 110 Spring
    Creek Road, Greenlands - Lot 3 RP891680 and Lot 1 RP175355
  info_url: https://onlineservices.sdrc.qld.gov.au/eProperty/P1/eTrack/eTrackApplicationDetails.aspx?ApplicationId=RC%5C%5C01780&f=%24P1.ETR.APPDET.VIW&r=P1.WEBGUEST
  date_scraped: '2019-05-15'
  date_received: '2019-07-26'
