---
- info_url: https://eproperty.wyndham.vic.gov.au/ePropertyPROD/P1/eTrack/eTrackApplicationDetails.aspx?ApplicationId=WYP10915%2F18.03&f=%24P1.ETR.APPDET.VIW&r=P1.WEBGUEST
  council_reference: WYP10915/18.03
  date_received: '2019-06-24'
  description: Section 71 Amended Permit - Correct spelling of the word “the” from
    only reading as the letter “t”.
  address: 4 Network Drive TRUGANINA VIC 3029
  date_scraped: '2019-05-15'
- info_url: https://eproperty.wyndham.vic.gov.au/ePropertyPROD/P1/eTrack/eTrackApplicationDetails.aspx?ApplicationId=WYP11555%2F19&f=%24P1.ETR.APPDET.VIW&r=P1.WEBGUEST
  council_reference: WYP11555/19
  date_received: '2019-05-29'
  description: Proposed alterations & additions (canopy)
  address: 418-438 Ballan Road WYNDHAM VALE VIC 3024
  date_scraped: '2019-05-15'
- info_url: https://eproperty.wyndham.vic.gov.au/ePropertyPROD/P1/eTrack/eTrackApplicationDetails.aspx?ApplicationId=WYP11556%2F19&f=%24P1.ETR.APPDET.VIW&r=P1.WEBGUEST
  council_reference: WYP11556/19
  date_received: '2019-05-30'
  description: Change of use for the purpose of a restricted recreation facility
  address: Shop 2/428 Old Geelong Road HOPPERS CROSSING VIC 3029
  date_scraped: '2019-05-15'
- info_url: https://eproperty.wyndham.vic.gov.au/ePropertyPROD/P1/eTrack/eTrackApplicationDetails.aspx?ApplicationId=WYP11557%2F19&f=%24P1.ETR.APPDET.VIW&r=P1.WEBGUEST
  council_reference: WYP11557/19
  date_received: '2019-05-31'
  description: 2 Lot Subdivision
  address: 27 Apex Drive TRUGANINA VIC 3029
  date_scraped: '2019-05-15'
- info_url: https://eproperty.wyndham.vic.gov.au/ePropertyPROD/P1/eTrack/eTrackApplicationDetails.aspx?ApplicationId=WYP11558%2F19&f=%24P1.ETR.APPDET.VIW&r=P1.WEBGUEST
  council_reference: WYP11558/19
  date_received: '2019-05-31'
  description: Staged subdivision of land and creation of easements
  address: 190 Woods Road TRUGANINA VIC 3029
  date_scraped: '2019-05-15'
- info_url: https://eproperty.wyndham.vic.gov.au/ePropertyPROD/P1/eTrack/eTrackApplicationDetails.aspx?ApplicationId=WYP11560%2F19&f=%24P1.ETR.APPDET.VIW&r=P1.WEBGUEST
  council_reference: WYP11560/19
  date_received: '2019-05-31'
  description: Buildings and Works Associated with the Construction of a Three Storey
    Building For Retail, Construction of a Child Care Centre and a Reduction of the
    Associated Car Parking Requirement
  address: 1 Wedge Street South WERRIBEE VIC 3030
  date_scraped: '2019-05-15'
- info_url: https://eproperty.wyndham.vic.gov.au/ePropertyPROD/P1/eTrack/eTrackApplicationDetails.aspx?ApplicationId=WYP11561%2F19&f=%24P1.ETR.APPDET.VIW&r=P1.WEBGUEST
  council_reference: WYP11561/19
  date_received: '2019-05-31'
  description: Construction of a second dwelling to the side of the existing dwelling
  address: 146 Shaws Road WERRIBEE VIC 3030
  date_scraped: '2019-05-15'
- info_url: https://eproperty.wyndham.vic.gov.au/ePropertyPROD/P1/eTrack/eTrackApplicationDetails.aspx?ApplicationId=WYP11562%2F19&f=%24P1.ETR.APPDET.VIW&r=P1.WEBGUEST
  council_reference: WYP11562/19
  date_received: '2019-06-03'
  description: Two (2) lot subdivision
  address: 61 Birchwood Boulevard HOPPERS CROSSING VIC 3029
  date_scraped: '2019-05-15'
- info_url: https://eproperty.wyndham.vic.gov.au/ePropertyPROD/P1/eTrack/eTrackApplicationDetails.aspx?ApplicationId=WYP11563%2F19&f=%24P1.ETR.APPDET.VIW&r=P1.WEBGUEST
  council_reference: WYP11563/19
  date_received: '2019-05-31'
  description: Use of the land for an indoor recreation facility (Gymnasium)
  address: Factory 10/3-4 Desire Place HOPPERS CROSSING VIC 3029
  date_scraped: '2019-05-15'
- info_url: https://eproperty.wyndham.vic.gov.au/ePropertyPROD/P1/eTrack/eTrackApplicationDetails.aspx?ApplicationId=WYP11564%2F19&f=%24P1.ETR.APPDET.VIW&r=P1.WEBGUEST
  council_reference: WYP11564/19
  date_received: '2019-06-03'
  description: Signage - entry sign and building graphics
  address: 471 Sayers Road HOPPERS CROSSING VIC 3029
  date_scraped: '2019-05-15'
- info_url: https://eproperty.wyndham.vic.gov.au/ePropertyPROD/P1/eTrack/eTrackApplicationDetails.aspx?ApplicationId=WYP11565%2F19&f=%24P1.ETR.APPDET.VIW&r=P1.WEBGUEST
  council_reference: WYP11565/19
  date_received: '2019-06-04'
  description: Multi-Dwelling - 32 Unit Development
  address: 804 Leakes Road TARNEIT VIC 3029
  date_scraped: '2019-05-15'
- info_url: https://eproperty.wyndham.vic.gov.au/ePropertyPROD/P1/eTrack/eTrackApplicationDetails.aspx?ApplicationId=WYP11566%2F19&f=%24P1.ETR.APPDET.VIW&r=P1.WEBGUEST
  council_reference: WYP11566/19
  date_received: '2019-06-04'
  description: Buildings and Works pursuant to Clause 34.01-4,Business identification
    signage, and a reduction in car parking requirement of Clause 52.06-5
  address: 1081 Leakes Road TARNEIT VIC 3029
  date_scraped: '2019-05-15'
- info_url: https://eproperty.wyndham.vic.gov.au/ePropertyPROD/P1/eTrack/eTrackApplicationDetails.aspx?ApplicationId=WYP11567%2F19&f=%24P1.ETR.APPDET.VIW&r=P1.WEBGUEST
  council_reference: WYP11567/19
  date_received: '2019-05-30'
  description: Development of an outbuilding to the rear of the existing dwelling
  address: 4 Lindholme Way WILLIAMS LANDING VIC 3027
  date_scraped: '2019-05-15'
- info_url: https://eproperty.wyndham.vic.gov.au/ePropertyPROD/P1/eTrack/eTrackApplicationDetails.aspx?ApplicationId=WYP11568%2F19&f=%24P1.ETR.APPDET.VIW&r=P1.WEBGUEST
  council_reference: WYP11568/19
  date_received: '2019-06-05'
  description: Six (6) Lot Subdivision
  address: 1 Madden Boulevard TARNEIT VIC 3029
  date_scraped: '2019-05-15'
- info_url: https://eproperty.wyndham.vic.gov.au/ePropertyPROD/P1/eTrack/eTrackApplicationDetails.aspx?ApplicationId=WYP11569%2F19&f=%24P1.ETR.APPDET.VIW&r=P1.WEBGUEST
  council_reference: WYP11569/19
  date_received: '2019-06-05'
  description: proposed warehouse development with ancillary office area and associated
    buildings and works also includes car parking dispensation
  address: 2-8 James Street LAVERTON NORTH VIC 3026
  date_scraped: '2019-05-15'
- info_url: https://eproperty.wyndham.vic.gov.au/ePropertyPROD/P1/eTrack/eTrackApplicationDetails.aspx?ApplicationId=WYP11570%2F19&f=%24P1.ETR.APPDET.VIW&r=P1.WEBGUEST
  council_reference: WYP11570/19
  date_received: '2019-06-05'
  description: To build a residential dwelling on a block of land that is less than
    300m2
  address: 14 Dutchelm Avenue WERRIBEE VIC 3030
  date_scraped: '2019-05-15'
- info_url: https://eproperty.wyndham.vic.gov.au/ePropertyPROD/P1/eTrack/eTrackApplicationDetails.aspx?ApplicationId=WYP11571%2F19&f=%24P1.ETR.APPDET.VIW&r=P1.WEBGUEST
  council_reference: WYP11571/19
  date_received: '2019-06-05'
  description: To build a residential dwelling on a block of land that is less than
    300m2
  address: 16 Dutchelm Avenue WERRIBEE VIC 3030
  date_scraped: '2019-05-15'
- info_url: https://eproperty.wyndham.vic.gov.au/ePropertyPROD/P1/eTrack/eTrackApplicationDetails.aspx?ApplicationId=WYP11572%2F19&f=%24P1.ETR.APPDET.VIW&r=P1.WEBGUEST
  council_reference: WYP11572/19
  date_received: '2019-06-06'
  description: Building and Works - Construction of an Additional Private Access Bridge,
    and Associated Works
  address: 38-44 Dohertys Road LAVERTON NORTH VIC 3026
  date_scraped: '2019-05-15'
- info_url: https://eproperty.wyndham.vic.gov.au/ePropertyPROD/P1/eTrack/eTrackApplicationDetails.aspx?ApplicationId=WYP11573%2F19&f=%24P1.ETR.APPDET.VIW&r=P1.WEBGUEST
  council_reference: WYP11573/19
  date_received: '2019-06-06'
  description: Drive through wood fire pizza
  address: 73 Synnot Street WERRIBEE VIC 3030
  date_scraped: '2019-05-15'
- info_url: https://eproperty.wyndham.vic.gov.au/ePropertyPROD/P1/eTrack/eTrackApplicationDetails.aspx?ApplicationId=WYP11574%2F19&f=%24P1.ETR.APPDET.VIW&r=P1.WEBGUEST
  council_reference: WYP11574/19
  date_received: '2019-06-06'
  description: to build a residential dwelling on a block of land that is less than
    300m2
  address: 26 Dutchelm Avenue WERRIBEE VIC 3030
  date_scraped: '2019-05-15'
- info_url: https://eproperty.wyndham.vic.gov.au/ePropertyPROD/P1/eTrack/eTrackApplicationDetails.aspx?ApplicationId=WYP11575%2F19&f=%24P1.ETR.APPDET.VIW&r=P1.WEBGUEST
  council_reference: WYP11575/19
  date_received: '2019-06-06'
  description: To build a residential dwelling on a block of land that i less than
    300m2
  address: 20 Dutchelm Avenue WERRIBEE VIC 3030
  date_scraped: '2019-05-15'
- info_url: https://eproperty.wyndham.vic.gov.au/ePropertyPROD/P1/eTrack/eTrackApplicationDetails.aspx?ApplicationId=WYP11576%2F19&f=%24P1.ETR.APPDET.VIW&r=P1.WEBGUEST
  council_reference: WYP11576/19
  date_received: '2019-06-06'
  description: To build a residential dwelling on a block of land that is less than
    300m2
  address: 18 Dutchelm Avenue WERRIBEE VIC 3030
  date_scraped: '2019-05-15'
- info_url: https://eproperty.wyndham.vic.gov.au/ePropertyPROD/P1/eTrack/eTrackApplicationDetails.aspx?ApplicationId=WYP11577%2F19&f=%24P1.ETR.APPDET.VIW&r=P1.WEBGUEST
  council_reference: WYP11577/19
  date_received: '2019-06-06'
  description: Single Dwelling
  address: 24 Dutchelm Avenue WERRIBEE VIC 3030
  date_scraped: '2019-05-15'
- info_url: https://eproperty.wyndham.vic.gov.au/ePropertyPROD/P1/eTrack/eTrackApplicationDetails.aspx?ApplicationId=WYP11578%2F19&f=%24P1.ETR.APPDET.VIW&r=P1.WEBGUEST
  council_reference: WYP11578/19
  date_received: '2019-06-06'
  description: to build a residential dwelling on a block of land that is less than
    300m2
  address: 22 Dutchelm Avenue WERRIBEE VIC 3030
  date_scraped: '2019-05-15'
- info_url: https://eproperty.wyndham.vic.gov.au/ePropertyPROD/P1/eTrack/eTrackApplicationDetails.aspx?ApplicationId=WYP11579%2F19&f=%24P1.ETR.APPDET.VIW&r=P1.WEBGUEST
  council_reference: WYP11579/19
  date_received: '2019-06-07'
  description: Buildings and works associated with extension to an existing warehouse
    and ancillary office redevelopment
  address: 19 Richards Road HOPPERS CROSSING VIC 3029
  date_scraped: '2019-05-15'
- info_url: https://eproperty.wyndham.vic.gov.au/ePropertyPROD/P1/eTrack/eTrackApplicationDetails.aspx?ApplicationId=WYP11580%2F19&f=%24P1.ETR.APPDET.VIW&r=P1.WEBGUEST
  council_reference: WYP11580/19
  date_received: '2019-06-07'
  description: Display of an illuminated electronic major promotion sign
  address: 346-348 Old Geelong Road HOPPERS CROSSING VIC 3029
  date_scraped: '2019-05-15'
- info_url: https://eproperty.wyndham.vic.gov.au/ePropertyPROD/P1/eTrack/eTrackApplicationDetails.aspx?ApplicationId=WYP11581%2F19&f=%24P1.ETR.APPDET.VIW&r=P1.WEBGUEST
  council_reference: WYP11581/19
  date_received: '2019-06-07'
  description: Buildings and works associated with the existing warehouse to include
    a mezzanine area and the reduction in car parking requirements
  address: 9/1 Network Drive TRUGANINA VIC 3029
  date_scraped: '2019-05-15'
- info_url: https://eproperty.wyndham.vic.gov.au/ePropertyPROD/P1/eTrack/eTrackApplicationDetails.aspx?ApplicationId=WYP11582%2F19&f=%24P1.ETR.APPDET.VIW&r=P1.WEBGUEST
  council_reference: WYP11582/19
  date_received: '2019-06-07'
  description: Construction of 6 warehouses & dispensation of car parking requirements
  address: 17 Infinity Drive TRUGANINA VIC 3029
  date_scraped: '2019-05-15'
- info_url: https://eproperty.wyndham.vic.gov.au/ePropertyPROD/P1/eTrack/eTrackApplicationDetails.aspx?ApplicationId=WYP11583%2F19&f=%24P1.ETR.APPDET.VIW&r=P1.WEBGUEST
  council_reference: WYP11583/19
  date_received: '2019-06-07'
  description: Construction of 6 warehouses and dispensation of car parking provided
    on site
  address: 13 Perpetual Street TRUGANINA VIC 3029
  date_scraped: '2019-05-15'
- info_url: https://eproperty.wyndham.vic.gov.au/ePropertyPROD/P1/eTrack/eTrackApplicationDetails.aspx?ApplicationId=WYP11584%2F19&f=%24P1.ETR.APPDET.VIW&r=P1.WEBGUEST
  council_reference: WYP11584/19
  date_received: '2019-06-07'
  description: Construction of a Single Dwelling on Lot Less Than 300m2
  address: 2/18 Arundel Court HOPPERS CROSSING VIC 3029
  date_scraped: '2019-05-15'
- info_url: https://eproperty.wyndham.vic.gov.au/ePropertyPROD/P1/eTrack/eTrackApplicationDetails.aspx?ApplicationId=WYP11585%2F19&f=%24P1.ETR.APPDET.VIW&r=P1.WEBGUEST
  council_reference: WYP11585/19
  date_received: '2019-06-11'
  description: Use and Development of the Land for Industry, Reduction of the Associated
    Car Parking Requirement, Waiver of the Associated Bicycle Facility Requirements
    and Display of Business Identification Signage
  address: 682-712 Dohertys Road TRUGANINA VIC 3029
  date_scraped: '2019-05-15'
- info_url: https://eproperty.wyndham.vic.gov.au/ePropertyPROD/P1/eTrack/eTrackApplicationDetails.aspx?ApplicationId=WYP11586%2F19&f=%24P1.ETR.APPDET.VIW&r=P1.WEBGUEST
  council_reference: WYP11586/19
  date_received: '2019-06-11'
  description: Construction of a Single Dwelling on Lot Less Than 300m2
  address: 97 Newmarket Road WERRIBEE VIC 3030
  date_scraped: '2019-05-15'
- info_url: https://eproperty.wyndham.vic.gov.au/ePropertyPROD/P1/eTrack/eTrackApplicationDetails.aspx?ApplicationId=WYP11587%2F19&f=%24P1.ETR.APPDET.VIW&r=P1.WEBGUEST
  council_reference: WYP11587/19
  date_received: '2019-06-12'
  description: Advertising sign to the eastern side of the service station facing
    Little Boundary Road
  address: 1-11 Little Boundary Road LAVERTON NORTH VIC 3026
  date_scraped: '2019-05-15'
- info_url: https://eproperty.wyndham.vic.gov.au/ePropertyPROD/P1/eTrack/eTrackApplicationDetails.aspx?ApplicationId=WYP11588%2F19&f=%24P1.ETR.APPDET.VIW&r=P1.WEBGUEST
  council_reference: WYP11588/19
  date_received: '2019-06-17'
  description: Proposed two storey dwelling to the side of an existing single storey
    dwelling
  address: 13 Melaleuca Drive HOPPERS CROSSING VIC 3029
  date_scraped: '2019-05-15'
- info_url: https://eproperty.wyndham.vic.gov.au/ePropertyPROD/P1/eTrack/eTrackApplicationDetails.aspx?ApplicationId=WYP11589%2F19&f=%24P1.ETR.APPDET.VIW&r=P1.WEBGUEST
  council_reference: WYP11589/19
  date_received: '2019-06-18'
  description: Use & Development of an Education Centre (Stage 1B) for the Wyndham
    Christian college, alteration to a road in a Road Zone (category 1) works on land
    within a PA02 and staged display of business identification sign
  address: 418-438 Ballan Road WYNDHAM VALE VIC 3024
  date_scraped: '2019-05-15'
- info_url: https://eproperty.wyndham.vic.gov.au/ePropertyPROD/P1/eTrack/eTrackApplicationDetails.aspx?ApplicationId=WYP11590%2F19&f=%24P1.ETR.APPDET.VIW&r=P1.WEBGUEST
  council_reference: WYP11590/19
  date_received: '2019-06-05'
  description: "Use of the land for an Education Centre\r\nHours of operation:\r\n4.30pm
    to 7.00pm Monday to Friday\r\n9am-6pm Weekends\r\nMaximum number of students 14
    (7 students per class)"
  address: 11/22-30 Wallace Avenue POINT COOK VIC 3030
  date_scraped: '2019-05-15'
- info_url: https://eproperty.wyndham.vic.gov.au/ePropertyPROD/P1/eTrack/eTrackApplicationDetails.aspx?ApplicationId=WYP11591%2F19&f=%24P1.ETR.APPDET.VIW&r=P1.WEBGUEST
  council_reference: WYP11591/19
  date_received: '2019-06-19'
  description: Development of 9x single storey dwellings with detached double garages
  address: 15 Zesty Walk MANOR LAKES VIC 3024
  date_scraped: '2019-05-15'
- info_url: https://eproperty.wyndham.vic.gov.au/ePropertyPROD/P1/eTrack/eTrackApplicationDetails.aspx?ApplicationId=WYP11592%2F19&f=%24P1.ETR.APPDET.VIW&r=P1.WEBGUEST
  council_reference: WYP11592/19
  date_received: '2019-06-19'
  description: Development of 9 x single storey dwellings with detached double garages
  address: 13 Papaya Walk MANOR LAKES VIC 3024
  date_scraped: '2019-05-15'
- info_url: https://eproperty.wyndham.vic.gov.au/ePropertyPROD/P1/eTrack/eTrackApplicationDetails.aspx?ApplicationId=WYP11593%2F19&f=%24P1.ETR.APPDET.VIW&r=P1.WEBGUEST
  council_reference: WYP11593/19
  date_received: '2019-06-19'
  description: Home tutoring business for children
  address: 23 Applegate Crescent TARNEIT VIC 3029
  date_scraped: '2019-05-15'
- info_url: https://eproperty.wyndham.vic.gov.au/ePropertyPROD/P1/eTrack/eTrackApplicationDetails.aspx?ApplicationId=WYP11594%2F19&f=%24P1.ETR.APPDET.VIW&r=P1.WEBGUEST
  council_reference: WYP11594/19
  date_received: '2019-06-20'
  description: Change or Extension of Use - use of premises as a tutoring centre for
    primary & secondary students after hours and weekends
  address: 31/22-30 Wallace Avenue POINT COOK VIC 3030
  date_scraped: '2019-05-15'
- info_url: https://eproperty.wyndham.vic.gov.au/ePropertyPROD/P1/eTrack/eTrackApplicationDetails.aspx?ApplicationId=WYP11595%2F19&f=%24P1.ETR.APPDET.VIW&r=P1.WEBGUEST
  council_reference: WYP11595/19
  date_received: '2019-06-21'
  description: Use of existing Westbourne Grammer school aquatic centre as a commercial
    swimming school
  address: 302 Sayers Road TRUGANINA VIC 3029
  date_scraped: '2019-05-15'
- info_url: https://eproperty.wyndham.vic.gov.au/ePropertyPROD/P1/eTrack/eTrackApplicationDetails.aspx?ApplicationId=WYP11596%2F19&f=%24P1.ETR.APPDET.VIW&r=P1.WEBGUEST
  council_reference: WYP11596/19
  date_received: '2019-06-21'
  description: Subdivision of Land - 2 Lots
  address: 1/2 Joybells Crescent TARNEIT VIC 3029
  date_scraped: '2019-05-15'
- info_url: https://eproperty.wyndham.vic.gov.au/ePropertyPROD/P1/eTrack/eTrackApplicationDetails.aspx?ApplicationId=WYP11597%2F19&f=%24P1.ETR.APPDET.VIW&r=P1.WEBGUEST
  council_reference: WYP11597/19
  date_received: '2019-06-24'
  description: Extension od existing medical centre and alteration of access to category
    1 road zone
  address: 471 Sayers Road HOPPERS CROSSING VIC 3029
  date_scraped: '2019-05-15'
- info_url: https://eproperty.wyndham.vic.gov.au/ePropertyPROD/P1/eTrack/eTrackApplicationDetails.aspx?ApplicationId=WYP11598%2F19&f=%24P1.ETR.APPDET.VIW&r=P1.WEBGUEST
  council_reference: WYP11598/19
  date_received: '2019-06-13'
  description: Construction of a dwelling
  address: 7 Opsum Way WILLIAMS LANDING VIC 3027
  date_scraped: '2019-05-15'
- info_url: https://eproperty.wyndham.vic.gov.au/ePropertyPROD/P1/eTrack/eTrackApplicationDetails.aspx?ApplicationId=WYP11599%2F19&f=%24P1.ETR.APPDET.VIW&r=P1.WEBGUEST
  council_reference: WYP11599/19
  date_received: '2019-06-24'
  description: "To remove drainage easement E-4 & E-6 in favour of Lot 4 on PS549300B
    & Lot 1 on PS04846Y created by instrument AH128328T.\r\nTo remove drainage easement
    E-7 in favour of Wyndham City Council created on PS636388X."
  address: 840 Sayers Road TARNEIT VIC 3029
  date_scraped: '2019-05-15'
- info_url: https://eproperty.wyndham.vic.gov.au/ePropertyPROD/P1/eTrack/eTrackApplicationDetails.aspx?ApplicationId=WYP11600%2F19&f=%24P1.ETR.APPDET.VIW&r=P1.WEBGUEST
  council_reference: WYP11600/19
  date_received: '2019-06-24'
  description: Subdivision of Land - 2 lots
  address: 1/33 Harmony Drive TARNEIT VIC 3029
  date_scraped: '2019-05-15'
- info_url: https://eproperty.wyndham.vic.gov.au/ePropertyPROD/P1/eTrack/eTrackApplicationDetails.aspx?ApplicationId=WYP11601%2F19&f=%24P1.ETR.APPDET.VIW&r=P1.WEBGUEST
  council_reference: WYP11601/19
  date_received: '2019-06-21'
  description: MOU Growth Other
  address: 270 Bulban Road WERRIBEE VIC 3030
  date_scraped: '2019-05-15'
- info_url: https://eproperty.wyndham.vic.gov.au/ePropertyPROD/P1/eTrack/eTrackApplicationDetails.aspx?ApplicationId=WYP4197.22.01&f=%24P1.ETR.APPDET.VIW&r=P1.WEBGUEST
  council_reference: WYP4197.22.01
  date_received: '2019-06-20'
  description: Proposed Verandah built to property line
  address: 83 Kulin Drive TARNEIT VIC 3029
  date_scraped: '2019-05-15'
- info_url: https://eproperty.wyndham.vic.gov.au/ePropertyPROD/P1/eTrack/eTrackApplicationDetails.aspx?ApplicationId=WYP4197.33&f=%24P1.ETR.APPDET.VIW&r=P1.WEBGUEST
  council_reference: WYP4197.33
  date_received: '2019-06-03'
  description: Amendment to the Plans - proposed verandah to be built to the property
    line at Unit 144
  address: 83 Kulin Drive TARNEIT VIC 3029
  date_scraped: '2019-05-15'
- info_url: https://eproperty.wyndham.vic.gov.au/ePropertyPROD/P1/eTrack/eTrackApplicationDetails.aspx?ApplicationId=WYP4197.34&f=%24P1.ETR.APPDET.VIW&r=P1.WEBGUEST
  council_reference: WYP4197.34
  date_received: '2019-06-20'
  description: Proposed verandah built to property line
  address: 83 Kulin Drive TARNEIT VIC 3029
  date_scraped: '2019-05-15'
- info_url: https://eproperty.wyndham.vic.gov.au/ePropertyPROD/P1/eTrack/eTrackApplicationDetails.aspx?ApplicationId=WYP4544.03&f=%24P1.ETR.APPDET.VIW&r=P1.WEBGUEST
  council_reference: WYP4544.03
  date_received: '2019-06-13'
  description: Amendment to the Planning Permit - revised signage package and a proposal
    to vary the operating hours to 24 hours, 7 days per week
  address: Factory 1/428 Old Geelong Road HOPPERS CROSSING VIC 3029
  date_scraped: '2019-05-15'
- info_url: https://eproperty.wyndham.vic.gov.au/ePropertyPROD/P1/eTrack/eTrackApplicationDetails.aspx?ApplicationId=WYP5276%2F11.01&f=%24P1.ETR.APPDET.VIW&r=P1.WEBGUEST
  council_reference: WYP5276/11.01
  date_received: '2019-05-29'
  description: Section 72 Amendment - Amendment to the permit condition 3 (Hours of
    operation) and 28 (Signage expiry) - Use, buildings and works and signage for
    a drive through coffee shop
  address: Shop 1/201-219 Old Geelong Road HOPPERS CROSSING VIC 3029
  date_scraped: '2019-05-15'
- info_url: https://eproperty.wyndham.vic.gov.au/ePropertyPROD/P1/eTrack/eTrackApplicationDetails.aspx?ApplicationId=WYP8983%2F16.06&f=%24P1.ETR.APPDET.VIW&r=P1.WEBGUEST
  council_reference: WYP8983/16.06
  date_received: '2019-05-29'
  description: Section 72 Amendment – Inclusion of Removal of native vegetation and
    change to permit preamble, land description and permit conditions
  address: 121-125 Farm Road WERRIBEE VIC 3030
  date_scraped: '2019-05-15'
